Archive member included to satisfy reference by file (symbol)

C:/Program Files/SEGGER/SEGGER Embedded Studio 8.24/lib/libc_v7em_fpv4_sp_d16_hard_t_le_eabi_balanced.a(__SEGGER_RTL_vfprintf_long.o)
                              (__SEGGER_RTL_vfprintf_long)
C:/Program Files/SEGGER/SEGGER Embedded Studio 8.24/lib/libc_v7em_fpv4_sp_d16_hard_t_le_eabi_balanced.a(__SEGGER_RTL_vfscanf_long.o)
                              (__SEGGER_RTL_vfscanf_long)
C:/Program Files/SEGGER/SEGGER Embedded Studio 8.24/lib/libc_v7em_fpv4_sp_d16_hard_t_le_eabi_balanced.a(utilops.o)
                              C:/Program Files/SEGGER/SEGGER Embedded Studio 8.24/lib/libc_v7em_fpv4_sp_d16_hard_t_le_eabi_balanced.a(__SEGGER_RTL_vfscanf_long.o) (__SEGGER_RTL_digit)
C:/Program Files/SEGGER/SEGGER Embedded Studio 8.24/lib/libc_v7em_fpv4_sp_d16_hard_t_le_eabi_balanced.a(floatasmops_arm.o)
                              C:/Program Files/SEGGER/SEGGER Embedded Studio 8.24/lib/libc_v7em_fpv4_sp_d16_hard_t_le_eabi_balanced.a(utilops.o) (__aeabi_dmul)
C:/Program Files/SEGGER/SEGGER Embedded Studio 8.24/lib/libc_v7em_fpv4_sp_d16_hard_t_le_eabi_balanced.a(intasmops_arm.o)
                              C:/Program Files/SEGGER/SEGGER Embedded Studio 8.24/lib/libc_v7em_fpv4_sp_d16_hard_t_le_eabi_balanced.a(__SEGGER_RTL_vfprintf_long.o) (__aeabi_uldivmod)
C:/Program Files/SEGGER/SEGGER Embedded Studio 8.24/lib/libc_v7em_fpv4_sp_d16_hard_t_le_eabi_balanced.a(prinops.o)
                              C:/Program Files/SEGGER/SEGGER Embedded Studio 8.24/lib/libc_v7em_fpv4_sp_d16_hard_t_le_eabi_balanced.a(__SEGGER_RTL_vfprintf_long.o) (__SEGGER_RTL_putc)
C:/Program Files/SEGGER/SEGGER Embedded Studio 8.24/lib/libc_v7em_fpv4_sp_d16_hard_t_le_eabi_balanced.a(fileops.o)
                              C:/Program Files/SEGGER/SEGGER Embedded Studio 8.24/lib/libc_v7em_fpv4_sp_d16_hard_t_le_eabi_balanced.a(prinops.o) (fwrite)
C:/Program Files/SEGGER/SEGGER Embedded Studio 8.24/lib/libc_v7em_fpv4_sp_d16_hard_t_le_eabi_balanced.a(errno.o)
                              C:/Program Files/SEGGER/SEGGER Embedded Studio 8.24/lib/libc_v7em_fpv4_sp_d16_hard_t_le_eabi_balanced.a(fileops.o) (__aeabi_errno_addr)
C:/Program Files/SEGGER/SEGGER Embedded Studio 8.24/lib/heapops_basic_v7em_fpv4_sp_d16_hard_t_le_eabi_balanced.a(heapops_basic.o)
                              Output/Release/Obj/blinky_pca10040_s132/thumb_crt0.o (__SEGGER_RTL_init_heap)
C:/Program Files/SEGGER/SEGGER Embedded Studio 8.24/lib/heapops_disable_interrupts_locking_v7em_fpv4_sp_d16_hard_t_le_eabi_balanced.a(heapops.o)
                              C:/Program Files/SEGGER/SEGGER Embedded Studio 8.24/lib/libc_v7em_fpv4_sp_d16_hard_t_le_eabi_balanced.a(prinops.o) (free)
C:/Program Files/SEGGER/SEGGER Embedded Studio 8.24/lib/strops_unaligned_v7em_fpv4_sp_d16_hard_t_le_eabi_balanced.a(strops.o)
                              Output/Release/Obj/blinky_pca10040_s132/nrf_fprintf_format.o (strlen)
C:/Program Files/SEGGER/SEGGER Embedded Studio 8.24/lib/strops_unaligned_v7em_fpv4_sp_d16_hard_t_le_eabi_balanced.a(strasmops_arm.o)
                              C:/Program Files/SEGGER/SEGGER Embedded Studio 8.24/lib/strops_unaligned_v7em_fpv4_sp_d16_hard_t_le_eabi_balanced.a(strops.o) (strcmp)
C:/Program Files/SEGGER/SEGGER Embedded Studio 8.24/lib/mbops_timeops_v7em_fpv4_sp_d16_hard_t_le_eabi_balanced.a(mbops.o)
                              C:/Program Files/SEGGER/SEGGER Embedded Studio 8.24/lib/libc_v7em_fpv4_sp_d16_hard_t_le_eabi_balanced.a(prinops.o) (__SEGGER_RTL_current_locale)
C:/Program Files/SEGGER/SEGGER Embedded Studio 8.24/lib/mbops_timeops_v7em_fpv4_sp_d16_hard_t_le_eabi_balanced.a(timeops.o)
                              C:/Program Files/SEGGER/SEGGER Embedded Studio 8.24/lib/mbops_timeops_v7em_fpv4_sp_d16_hard_t_le_eabi_balanced.a(mbops.o) (__SEGGER_RTL_string_list_encode)
C:/Program Files/SEGGER/SEGGER Embedded Studio 8.24/lib/libc_v7em_fpv4_sp_d16_hard_t_le_eabi_balanced.a(execops.o)
                              C:/Program Files/SEGGER/SEGGER Embedded Studio 8.24/lib/strops_unaligned_v7em_fpv4_sp_d16_hard_t_le_eabi_balanced.a(strops.o) (__SEGGER_RTL_constraint_violation)
C:/Program Files/SEGGER/SEGGER Embedded Studio 8.24/lib/libc_v7em_fpv4_sp_d16_hard_t_le_eabi_balanced.a(execops_arm.o)
                              C:/Program Files/SEGGER/SEGGER Embedded Studio 8.24/lib/libc_v7em_fpv4_sp_d16_hard_t_le_eabi_balanced.a(execops.o) (__aeabi_SIGABRT)
C:/Program Files/SEGGER/SEGGER Embedded Studio 8.24/lib/libc_v7em_fpv4_sp_d16_hard_t_le_eabi_balanced.a(intops.o)
                              C:/Program Files/SEGGER/SEGGER Embedded Studio 8.24/lib/mbops_timeops_v7em_fpv4_sp_d16_hard_t_le_eabi_balanced.a(timeops.o) (div)
C:/Program Files/SEGGER/SEGGER Embedded Studio 8.24/lib/libc_v7em_fpv4_sp_d16_hard_t_le_eabi_balanced.a(sortops.o)
                              C:/Program Files/SEGGER/SEGGER Embedded Studio 8.24/lib/mbops_timeops_v7em_fpv4_sp_d16_hard_t_le_eabi_balanced.a(mbops.o) (bsearch)
[...]
Memory Configuration

Name             Origin             Length             Attributes
UNPLACED_SECTIONS 0x00000000         0x00000000         xw
RAM1             0x20000000         0x00010000         xw
FLASH1           0x00000000         0x00080000         xw
*default*        0x00000000         0xffffffff

Linker script and memory map

                0x20000000                        __RAM1_segment_start__ = 0x20000000
                0x20010000                        __RAM1_segment_end__ = 0x20010000
                0x00010000                        __RAM1_segment_size__ = 0x10000
                0x00000000                        __FLASH1_segment_start__ = 0x0
                0x00080000                        __FLASH1_segment_end__ = 0x80000
                0x00080000                        __FLASH1_segment_size__ = 0x80000
                0x00002000                        __HEAPSIZE__ = 0x2000
                0x00000000                        __SEGGER_RTL_vfprintf = __SEGGER_RTL_vfprintf_long
                0x00000000                        __SEGGER_RTL_vfscanf = __SEGGER_RTL_vfscanf_long
                0x00000000                        __STACKSIZE_PROCESS__ = 0x0
                0x00002000                        __STACKSIZE__ = 0x2000
                0x20000000                        __reserved_ram_load_start__ = 0x20000000

.reserved_ram   0x20000000     0x5968
                0x20000000                        __reserved_ram_start__ = .
 *(.reserved_ram .reserved_ram.*)
                0x20005968                        . = MAX (((__reserved_ram_start__ + 0x20005968) - 0x20000000), .)
 *fill*         0x20000000     0x5968 
                0x20005968                        __reserved_ram_end__ = (__reserved_ram_start__ + SIZEOF (.reserved_ram))
                0x00005968                        __reserved_ram_size__ = SIZEOF (.reserved_ram)
                0x20005968                        __reserved_ram_load_end__ = __reserved_ram_end__
                0x00000001                        . = ASSERT (((__reserved_ram_start__ == __reserved_ram_end__) || ((__reserved_ram_end__ - __RAM1_segment_start__) <= __RAM1_segment_size__)), error: .reserved_ram is too large to fit in RAM1 memory segment)
                0x00000001                        . = ASSERT ((__reserved_ram_size__ <= 0x5968), error: .reserved_ram section is larger than specified size)
                0x20005968                        __vectors_ram_load_start__ = 0x20005968

.vectors_ram    0x20005968        0x0
                0x20005968                        __vectors_ram_start__ = .
                0x20005968                        __app_ram_start__ = __vectors_ram_start__
 *(.vectors_ram .vectors_ram.*)
                0x20005968                        __vectors_ram_end__ = (__vectors_ram_start__ + SIZEOF (.vectors_ram))
                0x00000000                        __vectors_ram_size__ = SIZEOF (.vectors_ram)
                0x20005968                        __vectors_ram_load_end__ = __vectors_ram_end__
                0x00000001                        . = ASSERT (((__vectors_ram_start__ == __vectors_ram_end__) || ((__vectors_ram_end__ - __RAM1_segment_start__) <= __RAM1_segment_size__)), error: .vectors_ram is too large to fit in RAM1 memory segment)
                0x00000001                        . = ASSERT ((__reserved_ram_end__ <= __vectors_ram_start__), error: section .reserved_ram overlaps absolute placed section .vectors_ram)
                0x20005968                        __nrf_sections_run_load_start__ = ALIGN (__vectors_ram_end__, 0x4)

.nrf_sections_run
                0x20005968        0x0
                0x20005968                        __nrf_sections_run_start__ = .
                0x20005968                        __start_nrf_sections_run = __nrf_sections_run_start__
 *(.nrf_sections_run .nrf_sections_run.*)
                0x20005968                        __nrf_sections_run_end__ = (__nrf_sections_run_start__ + SIZEOF (.nrf_sections_run))
                0x00000000                        __nrf_sections_run_size__ = SIZEOF (.nrf_sections_run)
                0x20005968                        __nrf_sections_run_load_end__ = __nrf_sections_run_end__
                0x00000001                        . = ASSERT (((__nrf_sections_run_start__ == __nrf_sections_run_end__) || ((__nrf_sections_run_end__ - __RAM1_segment_start__) <= __RAM1_segment_size__)), error: .nrf_sections_run is too large to fit in RAM1 memory segment)
                0x00000000                        __reserved_flash_load_start__ = 0x0

.reserved_flash
                0x00000000    0x26000
                0x00000000                        __reserved_flash_start__ = .
 *(.reserved_flash .reserved_flash.*)
                0x00026000                        . = MAX (((__reserved_flash_start__ + 0x26000) - 0x0), .)
 *fill*         0x00000000    0x26000 
                0x00026000                        __reserved_flash_end__ = (__reserved_flash_start__ + SIZEOF (.reserved_flash))
                0x00026000                        __reserved_flash_size__ = SIZEOF (.reserved_flash)
                0x00026000                        __reserved_flash_load_end__ = __reserved_flash_end__
                0x00000001                        . = ASSERT (((__reserved_flash_start__ == __reserved_flash_end__) || ((__reserved_flash_end__ - __FLASH1_segment_start__) <= __FLASH1_segment_size__)), error: .reserved_flash is too large to fit in FLASH1 memory segment)
                0x00000001                        . = ASSERT ((__reserved_flash_size__ <= 0x26000), error: .reserved_flash section is larger than specified size)
                0x00026000                        __vectors_load_start__ = 0x26000

.vectors        0x00026000      0x200
                0x00026000                        __vectors_start__ = .
 *(.vectors .vectors.*)
 .vectors       0x00026000      0x200 Output/Release/Obj/blinky_pca10040_s132/ses_startup_nrf52.o
                0x00026000                _vectors
                0x00026200                        __vectors_end__ = (__vectors_start__ + SIZEOF (.vectors))
                0x00000200                        __vectors_size__ = SIZEOF (.vectors)
                0x00026200                        __vectors_load_end__ = __vectors_end__
                0x00000001                        . = ASSERT (((__vectors_start__ == __vectors_end__) || ((__vectors_end__ - __FLASH1_segment_start__) <= __FLASH1_segment_size__)), error: .vectors is too large to fit in FLASH1 memory segment)
                0x00000001                        . = ASSERT ((__reserved_flash_end__ <= __vectors_start__), error: section .reserved_flash overlaps absolute placed section .vectors)
                0x00026200                        __init_load_start__ = ALIGN (__vectors_end__, 0x4)

.init           0x00026200      0x1e0
                0x00026200                        __init_start__ = .
 *(.init .init.*)
 .init          0x00026200      0x16c Output/Release/Obj/blinky_pca10040_s132/thumb_crt0.o
                0x00026200                _start
                0x000262a8                exit
                0x000262a8                _Exit
 .init          0x0002636c       0x18 Output/Release/Obj/blinky_pca10040_s132/ses_startup_nrf52.o
                0x0002636c                NMI_Handler
                0x0002636e                HardFault_Handler
                0x00026370                MemoryManagement_Handler
                0x00026372                BusFault_Handler
                0x00026374                UsageFault_Handler
                0x00026376                SVC_Handler
                0x00026378                DebugMon_Handler
                0x0002637a                PendSV_Handler
                0x0002637c                SysTick_Handler
                0x0002637e                PWM1_IRQHandler
                0x0002637e                SWI0_EGU0_IRQHandler
                0x0002637e                POWER_CLOCK_IRQHandler
                0x0002637e                RADIO_IRQHandler
                0x0002637e                GPIOTE_IRQHandler
                0x0002637e                TEMP_IRQHandler
                0x0002637e                QDEC_IRQHandler
                0x0002637e                TIMER3_IRQHandler
                0x0002637e                RTC0_IRQHandler
                0x0002637e                SPIM0_SPIS0_TWIM0_TWIS0_SPI0_TWI0_IRQHandler
                0x0002637e                PDM_IRQHandler
                0x0002637e                UARTE0_UART0_IRQHandler
                0x0002637e                TIMER4_IRQHandler
                0x0002637e                I2S_IRQHandler
                0x0002637e                SWI4_EGU4_IRQHandler
                0x0002637e                TIMER0_IRQHandler
                0x0002637e                Dummy_Handler
                0x0002637e                TIMER1_IRQHandler
                0x0002637e                PWM2_IRQHandler
                0x0002637e                ECB_IRQHandler
                0x0002637e                SPIM1_SPIS1_TWIM1_TWIS1_SPI1_TWI1_IRQHandler
                0x0002637e                SAADC_IRQHandler
                0x0002637e                CCM_AAR_IRQHandler
                0x0002637e                WDT_IRQHandler
                0x0002637e                FPU_IRQHandler
                0x0002637e                SWI5_EGU5_IRQHandler
                0x0002637e                RNG_IRQHandler
                0x0002637e                RTC2_IRQHandler
                0x0002637e                PWM0_IRQHandler
                0x0002637e                SWI3_EGU3_IRQHandler
                0x0002637e                RTC1_IRQHandler
                0x0002637e                SWI1_EGU1_IRQHandler
                0x0002637e                SPIM2_SPIS2_SPI2_IRQHandler
                0x0002637e                NFCT_IRQHandler
                0x0002637e                TIMER2_IRQHandler
                0x0002637e                MWU_IRQHandler
                0x0002637e                COMP_LPCOMP_IRQHandler
                0x00026380                nRFInitialize
 .init          0x00026384       0x5c Output/Release/Obj/blinky_pca10040_s132/ses_startup_nrf_common.o
                0x00026384                Reset_Handler
                0x00026388                afterInitialize
                0x000263ac                InitializeUserMemorySections
                0x000263e0                        __init_end__ = (__init_start__ + SIZEOF (.init))
                0x000001e0                        __init_size__ = SIZEOF (.init)
                0x000263e0                        __init_load_end__ = __init_end__
                0x00000001                        . = ASSERT (((__init_start__ == __init_end__) || ((__init_end__ - __FLASH1_segment_start__) <= __FLASH1_segment_size__)), error: .init is too large to fit in FLASH1 memory segment)
                0x000263e0                        __init_rodata_load_start__ = ALIGN (__init_end__, 0x4)

.init_rodata    0x000263e0        0x0
                0x000263e0                        __init_rodata_start__ = .
 *(.init_rodata .init_rodata.*)
                0x000263e0                        __init_rodata_end__ = (__init_rodata_start__ + SIZEOF (.init_rodata))
                0x00000000                        __init_rodata_size__ = SIZEOF (.init_rodata)
                0x000263e0                        __init_rodata_load_end__ = __init_rodata_end__
                0x00000001                        . = ASSERT (((__init_rodata_start__ == __init_rodata_end__) || ((__init_rodata_end__ - __FLASH1_segment_start__) <= __FLASH1_segment_size__)), error: .init_rodata is too large to fit in FLASH1 memory segment)
                0x000263e0                        __text_load_start__ = ALIGN (__init_rodata_end__, 0x4)

.text           0x000263e0      0x48c
                0x000263e0                        __text_start__ = .
 *(.text .text.* .gnu.linkonce.t.* .glue_7t .glue_7 .gcc_except_table .ARM.extab* .gnu.linkonce.armextab.*)
 .glue_7        0x000263e0        0x0 linker stubs
 .glue_7t       0x000263e0        0x0 linker stubs
 .text.bsp_board_led_off
                0x000263e0       0x18 Output/Release/Obj/blinky_pca10040_s132/boards.o
                0x000263e0                bsp_board_led_off
 .text.bsp_board_leds_off
                0x000263f8       0x1e Output/Release/Obj/blinky_pca10040_s132/boards.o
                0x000263f8                bsp_board_leds_off
 *fill*         0x00026416        0x2 
 .text.bsp_board_led_invert
                0x00026418       0x24 Output/Release/Obj/blinky_pca10040_s132/boards.o
                0x00026418                bsp_board_led_invert
 .text.bsp_board_init
                0x0002643c       0x3e Output/Release/Obj/blinky_pca10040_s132/boards.o
                0x0002643c                bsp_board_init
 .text.app_error_handler_bare
                0x0002647a       0x1a Output/Release/Obj/blinky_pca10040_s132/app_error.o
                0x0002647a                app_error_handler_bare
 .text.app_error_fault_handler
                0x00026494       0x30 Output/Release/Obj/blinky_pca10040_s132/app_error_weak.o
                0x00026494                app_error_fault_handler
 .text.nrf_section_iter_init
                0x000264c4       0x10 Output/Release/Obj/blinky_pca10040_s132/nrf_section_iter.o
                0x000264c4                nrf_section_iter_init
 .text.nrf_section_iter_next
                0x000264d4       0x18 Output/Release/Obj/blinky_pca10040_s132/nrf_section_iter.o
                0x000264d4                nrf_section_iter_next
 .text.startup.main
                0x000264ec       0x30 Output/Release/Obj/blinky_pca10040_s132/main.o
                0x000264ec                main
 .text.nrf52_errata_12
                0x0002651c       0x1c Output/Release/Obj/blinky_pca10040_s132/system_nrf52.o
 .text.nrf52_errata_16
                0x00026538       0x22 Output/Release/Obj/blinky_pca10040_s132/system_nrf52.o
 *fill*         0x0002655a        0x2 
 .text.nvmc_wait
                0x0002655c       0x10 Output/Release/Obj/blinky_pca10040_s132/system_nrf52.o
                0x0002655c                nvmc_wait
 .text.SystemInit
                0x0002656c      0x278 Output/Release/Obj/blinky_pca10040_s132/system_nrf52.o
                0x0002656c                SystemInit
 .text.nrf_sdh_evts_poll
                0x000267e4       0x28 Output/Release/Obj/blinky_pca10040_s132/nrf_sdh.o
                0x000267e4                nrf_sdh_evts_poll
 .text.SWI2_EGU2_IRQHandler
                0x0002680c        0x4 Output/Release/Obj/blinky_pca10040_s132/nrf_sdh.o
                0x0002680c                SWI2_EGU2_IRQHandler
 .text.sd_evt_get
                0x00026810        0x4 Output/Release/Obj/blinky_pca10040_s132/nrf_sdh_soc.o
 .text.nrf_sdh_soc_evts_poll
                0x00026814       0x40 Output/Release/Obj/blinky_pca10040_s132/nrf_sdh_soc.o
 .text.libc.__SEGGER_RTL_init_heap
                0x00026854       0x16 C:/Program Files/SEGGER/SEGGER Embedded Studio 8.24/lib/heapops_basic_v7em_fpv4_sp_d16_hard_t_le_eabi_balanced.a(heapops_basic.o)
                0x00026854                __SEGGER_RTL_init_heap
                0x0002686c                        . = ALIGN (MAX ((__text_start__ + 0x4), .), 0x4)
 *fill*         0x0002686a        0x2 
                0x0002686c                        __text_end__ = (__text_start__ + SIZEOF (.text))
                0x0000048c                        __text_size__ = SIZEOF (.text)
                0x0002686c                        __text_load_end__ = __text_end__

.vfp11_veneer   0x00000000        0x0
 .vfp11_veneer  0x00000000        0x0 linker stubs

.v4_bx          0x00000000        0x0
 .v4_bx         0x00000000        0x0 linker stubs

.iplt           0x00000000        0x0
 .iplt          0x00000000        0x0 Output/Release/Obj/blinky_pca10040_s132/thumb_crt0.o
                0x00000001                        . = ASSERT (((__text_start__ == __text_end__) || ((__text_end__ - __FLASH1_segment_start__) <= __FLASH1_segment_size__)), error: .text is too large to fit in FLASH1 memory segment)
                0x00000001                        . = ASSERT ((0x4 == ALIGN (0x4, 0x4)), error: .text section size does not match alignment)
                0x00000000                        . = ASSERT ((__text_size__ <= 0x4), error: .text section is larger than specified size)
                0x0002686c                        __sdh_soc_observers_load_start__ = ALIGN (__text_end__, 0x4)

.sdh_soc_observers
                0x0002686c        0x0
                0x0002686c                        __sdh_soc_observers_start__ = .
                0x0002686c                        __start_sdh_soc_observers = __sdh_soc_observers_start__
 *(SORT_BY_NAME(.sdh_soc_observers*))
                0x0002686c                        __sdh_soc_observers_end__ = (__sdh_soc_observers_start__ + SIZEOF (.sdh_soc_observers))
                0x00000000                        __sdh_soc_observers_size__ = SIZEOF (.sdh_soc_observers)
                0x0002686c                        __stop_sdh_soc_observers = __sdh_soc_observers_end__
                0x0002686c                        __sdh_soc_observers_load_end__ = __sdh_soc_observers_end__
                0x00000001                        . = ASSERT (((__sdh_soc_observers_start__ == __sdh_soc_observers_end__) || ((__sdh_soc_observers_end__ - __FLASH1_segment_start__) <= __FLASH1_segment_size__)), error: .sdh_soc_observers is too large to fit in FLASH1 memory segment)
                0x0002686c                        __sdh_req_observers_load_start__ = ALIGN (__sdh_soc_observers_end__, 0x4)

.sdh_req_observers
                0x0002686c        0x0
                0x0002686c                        __sdh_req_observers_start__ = .
                0x0002686c                        __start_sdh_req_observers = __sdh_req_observers_start__
 *(SORT_BY_NAME(.sdh_req_observers*))
                0x0002686c                        __sdh_req_observers_end__ = (__sdh_req_observers_start__ + SIZEOF (.sdh_req_observers))
                0x00000000                        __sdh_req_observers_size__ = SIZEOF (.sdh_req_observers)
                0x0002686c                        __stop_sdh_req_observers = __sdh_req_observers_end__
                0x0002686c                        __sdh_req_observers_load_end__ = __sdh_req_observers_end__
                0x00000001                        . = ASSERT (((__sdh_req_observers_start__ == __sdh_req_observers_end__) || ((__sdh_req_observers_end__ - __FLASH1_segment_start__) <= __FLASH1_segment_size__)), error: .sdh_req_observers is too large to fit in FLASH1 memory segment)
                0x0002686c                        __sdh_state_observers_load_start__ = ALIGN (__sdh_req_observers_end__, 0x4)

.sdh_state_observers
                0x0002686c        0x0
                0x0002686c                        __sdh_state_observers_start__ = .
                0x0002686c                        __start_sdh_state_observers = __sdh_state_observers_start__
 *(SORT_BY_NAME(.sdh_state_observers*))
                0x0002686c                        __sdh_state_observers_end__ = (__sdh_state_observers_start__ + SIZEOF (.sdh_state_observers))
                0x00000000                        __sdh_state_observers_size__ = SIZEOF (.sdh_state_observers)
                0x0002686c                        __stop_sdh_state_observers = __sdh_state_observers_end__
                0x0002686c                        __sdh_state_observers_load_end__ = __sdh_state_observers_end__
                0x00000001                        . = ASSERT (((__sdh_state_observers_start__ == __sdh_state_observers_end__) || ((__sdh_state_observers_end__ - __FLASH1_segment_start__) <= __FLASH1_segment_size__)), error: .sdh_state_observers is too large to fit in FLASH1 memory segment)
                0x0002686c                        __sdh_stack_observers_load_start__ = ALIGN (__sdh_state_observers_end__, 0x4)

.sdh_stack_observers
                0x0002686c        0x8
                0x0002686c                        __sdh_stack_observers_start__ = .
                0x0002686c                        __start_sdh_stack_observers = __sdh_stack_observers_start__
 *(SORT_BY_NAME(.sdh_stack_observers*))
 .sdh_stack_observers0
                0x0002686c        0x8 Output/Release/Obj/blinky_pca10040_s132/nrf_sdh_soc.o
                0x00026874                        __sdh_stack_observers_end__ = (__sdh_stack_observers_start__ + SIZEOF (.sdh_stack_observers))
                0x00000008                        __sdh_stack_observers_size__ = SIZEOF (.sdh_stack_observers)
                0x00026874                        __stop_sdh_stack_observers = __sdh_stack_observers_end__
                0x00026874                        __sdh_stack_observers_load_end__ = __sdh_stack_observers_end__
                0x00000001                        . = ASSERT (((__sdh_stack_observers_start__ == __sdh_stack_observers_end__) || ((__sdh_stack_observers_end__ - __FLASH1_segment_start__) <= __FLASH1_segment_size__)), error: .sdh_stack_observers is too large to fit in FLASH1 memory segment)
                0x00026874                        __log_const_data_load_start__ = ALIGN (__sdh_stack_observers_end__, 0x4)

.log_const_data
                0x00026874        0x0
                0x00026874                        __log_const_data_start__ = .
                0x00026874                        __start_log_const_data = __log_const_data_start__
 *(SORT_BY_NAME(.log_const_data*))
                0x00026874                        __log_const_data_end__ = (__log_const_data_start__ + SIZEOF (.log_const_data))
                0x00000000                        __log_const_data_size__ = SIZEOF (.log_const_data)
                0x00026874                        __stop_log_const_data = __log_const_data_end__
                0x00026874                        __log_const_data_load_end__ = __log_const_data_end__
                0x00000001                        . = ASSERT (((__log_const_data_start__ == __log_const_data_end__) || ((__log_const_data_end__ - __FLASH1_segment_start__) <= __FLASH1_segment_size__)), error: .log_const_data is too large to fit in FLASH1 memory segment)
                0x00026874                        __log_backends_load_start__ = ALIGN (__log_const_data_end__, 0x4)

.log_backends   0x00026874        0x0
                0x00026874                        __log_backends_start__ = .
                0x00026874                        __start_log_backends = __log_backends_start__
 *(SORT_BY_NAME(.log_backends*))
                0x00026874                        __log_backends_end__ = (__log_backends_start__ + SIZEOF (.log_backends))
                0x00000000                        __log_backends_size__ = SIZEOF (.log_backends)
                0x00026874                        __stop_log_backends = __log_backends_end__
                0x00026874                        __log_backends_load_end__ = __log_backends_end__
                0x00000001                        . = ASSERT (((__log_backends_start__ == __log_backends_end__) || ((__log_backends_end__ - __FLASH1_segment_start__) <= __FLASH1_segment_size__)), error: .log_backends is too large to fit in FLASH1 memory segment)
                0x00026874                        __nrf_balloc_load_start__ = ALIGN (__log_backends_end__, 0x4)

.nrf_balloc     0x00026874        0x0
                0x00026874                        __nrf_balloc_start__ = .
                0x00026874                        __start_nrf_balloc = __nrf_balloc_start__
 *(.nrf_balloc*)
                0x00026874                        __nrf_balloc_end__ = (__nrf_balloc_start__ + SIZEOF (.nrf_balloc))
                0x00000000                        __nrf_balloc_size__ = SIZEOF (.nrf_balloc)
                0x00026874                        __stop_nrf_balloc = __nrf_balloc_end__
                0x00026874                        __nrf_balloc_load_end__ = __nrf_balloc_end__
                0x00000001                        . = ASSERT (((__nrf_balloc_start__ == __nrf_balloc_end__) || ((__nrf_balloc_end__ - __FLASH1_segment_start__) <= __FLASH1_segment_size__)), error: .nrf_balloc is too large to fit in FLASH1 memory segment)
                0x00026874                        __nrf_sections_load_start__ = ALIGN (__nrf_balloc_end__, 0x4)

.nrf_sections   0x00026874        0x0
                0x00026874                        __nrf_sections_start__ = .
                0x00026874                        __start_nrf_sections = __nrf_sections_start__
 *(.nrf_sections .nrf_sections.*)
                0x00026874                        __nrf_sections_end__ = (__nrf_sections_start__ + SIZEOF (.nrf_sections))
                0x00000000                        __nrf_sections_size__ = SIZEOF (.nrf_sections)
                0x00026874                        __nrf_sections_load_end__ = __nrf_sections_end__
                0x00000001                        . = ASSERT (((__nrf_sections_start__ == __nrf_sections_end__) || ((__nrf_sections_end__ - __FLASH1_segment_start__) <= __FLASH1_segment_size__)), error: .nrf_sections is too large to fit in FLASH1 memory segment)
                0x00026874                        __log_dynamic_data_load_start__ = ALIGN (__nrf_sections_end__, 0x4)

.log_dynamic_data
                0x20005968        0x0 load address 0x00026874
                0x20005968                        __log_dynamic_data_start__ = .
 *(SORT_BY_NAME(.log_dynamic_data*))
                0x20005968                        __log_dynamic_data_end__ = (__log_dynamic_data_start__ + SIZEOF (.log_dynamic_data))
                0x00000000                        __log_dynamic_data_size__ = SIZEOF (.log_dynamic_data)
                0x00026874                        __log_dynamic_data_load_end__ = (__log_dynamic_data_load_start__ + SIZEOF (.log_dynamic_data))
                0x00000001                        . = ASSERT (((__log_dynamic_data_load_start__ == __log_dynamic_data_load_end__) || ((__log_dynamic_data_load_end__ - __FLASH1_segment_start__) <= __FLASH1_segment_size__)), error: .log_dynamic_data is too large to fit in FLASH1 memory segment)

.log_dynamic_data_run
                0x20005968        0x0
                0x20005968                        __log_dynamic_data_run_start__ = .
                0x20005968                        __start_log_dynamic_data = __log_dynamic_data_run_start__
                0x20005968                        __log_dynamic_data_run_end__ = (__log_dynamic_data_run_start__ + SIZEOF (.log_dynamic_data))
                0x00000000                        __log_dynamic_data_run_size__ = (__log_dynamic_data_run_end__ - __log_dynamic_data_run_start__)
                0x20005968                        __stop_log_dynamic_data = __log_dynamic_data_run_end__
                0x20005968                        __log_dynamic_data_run_load_end__ = __log_dynamic_data_run_end__
                0x00000001                        . = ASSERT (((__log_dynamic_data_run_start__ == __log_dynamic_data_run_end__) || ((__log_dynamic_data_run_end__ - __RAM1_segment_start__) <= __RAM1_segment_size__)), error: .log_dynamic_data_run is too large to fit in RAM1 memory segment)
                0x00026874                        __log_filter_data_load_start__ = ALIGN ((__log_dynamic_data_load_start__ + SIZEOF (.log_dynamic_data)), 0x4)

.log_filter_data
                0x20005968        0x0 load address 0x00026874
                0x20005968                        __log_filter_data_start__ = .
 *(SORT_BY_NAME(.log_filter_data*))
                0x20005968                        __log_filter_data_end__ = (__log_filter_data_start__ + SIZEOF (.log_filter_data))
                0x00000000                        __log_filter_data_size__ = SIZEOF (.log_filter_data)
                0x00026874                        __log_filter_data_load_end__ = (__log_filter_data_load_start__ + SIZEOF (.log_filter_data))
                0x00000001                        . = ASSERT (((__log_filter_data_load_start__ == __log_filter_data_load_end__) || ((__log_filter_data_load_end__ - __FLASH1_segment_start__) <= __FLASH1_segment_size__)), error: .log_filter_data is too large to fit in FLASH1 memory segment)

.log_filter_data_run
                0x20005968        0x0
                0x20005968                        __log_filter_data_run_start__ = .
                0x20005968                        __start_log_filter_data = __log_filter_data_run_start__
                0x20005968                        __log_filter_data_run_end__ = (__log_filter_data_run_start__ + SIZEOF (.log_filter_data))
                0x00000000                        __log_filter_data_run_size__ = (__log_filter_data_run_end__ - __log_filter_data_run_start__)
                0x20005968                        __stop_log_filter_data = __log_filter_data_run_end__
                0x20005968                        __log_filter_data_run_load_end__ = __log_filter_data_run_end__
                0x00000001                        . = ASSERT (((__log_filter_data_run_start__ == __log_filter_data_run_end__) || ((__log_filter_data_run_end__ - __RAM1_segment_start__) <= __RAM1_segment_size__)), error: .log_filter_data_run is too large to fit in RAM1 memory segment)
                0x20005968                        __nrf_sections_run_end_load_start__ = ALIGN (__log_filter_data_run_end__, 0x4)

.nrf_sections_run_end
                0x20005968        0x0
                0x20005968                        __nrf_sections_run_end_start__ = .
                0x20005968                        __end_nrf_sections_run = __nrf_sections_run_end_start__
 *(.nrf_sections_run_end .nrf_sections_run_end.*)
                0x20005968                        __nrf_sections_run_end_end__ = (__nrf_sections_run_end_start__ + SIZEOF (.nrf_sections_run_end))
                0x00000000                        __nrf_sections_run_end_size__ = SIZEOF (.nrf_sections_run_end)
                0x20005968                        __nrf_sections_run_end_load_end__ = __nrf_sections_run_end_end__
                0x00000001                        . = ASSERT (((__nrf_sections_run_end_start__ == __nrf_sections_run_end_end__) || ((__nrf_sections_run_end_end__ - __RAM1_segment_start__) <= __RAM1_segment_size__)), error: .nrf_sections_run_end is too large to fit in RAM1 memory segment)
                0x00026874                        __dtors_load_start__ = ALIGN ((__log_filter_data_load_start__ + SIZEOF (.log_filter_data)), 0x4)

.dtors          0x00026874        0x0
                0x00026874                        __dtors_start__ = .
 *(SORT_BY_NAME(.dtors.*))
 *(.dtors)
 *(.fini_array)
 *(SORT_BY_NAME(.fini_array.*))
                0x00026874                        __dtors_end__ = (__dtors_start__ + SIZEOF (.dtors))
                0x00000000                        __dtors_size__ = SIZEOF (.dtors)
                0x00026874                        __dtors_load_end__ = __dtors_end__
                0x00000001                        . = ASSERT (((__dtors_start__ == __dtors_end__) || ((__dtors_end__ - __FLASH1_segment_start__) <= __FLASH1_segment_size__)), error: .dtors is too large to fit in FLASH1 memory segment)
                0x00026874                        __ctors_load_start__ = ALIGN (__dtors_end__, 0x4)

.ctors          0x00026874        0x0
                0x00026874                        __ctors_start__ = .
 *(SORT_BY_NAME(.ctors.*))
 *(.ctors)
 *(.init_array)
 *(SORT_BY_NAME(.init_array.*))
                0x00026874                        __ctors_end__ = (__ctors_start__ + SIZEOF (.ctors))
                0x00000000                        __ctors_size__ = SIZEOF (.ctors)
                0x00026874                        __ctors_load_end__ = __ctors_end__
                0x00000001                        . = ASSERT (((__ctors_start__ == __ctors_end__) || ((__ctors_end__ - __FLASH1_segment_start__) <= __FLASH1_segment_size__)), error: .ctors is too large to fit in FLASH1 memory segment)
                0x00026874                        __rodata_load_start__ = ALIGN (__ctors_end__, 0x4)

.rodata         0x00026874       0x2c
                0x00026874                        __rodata_start__ = .
 *(.rodata .rodata.* .gnu.linkonce.r.* .data.rel.ro .data.rel.ro.*)
 .rodata.m_board_led_list
                0x00026874        0x4 Output/Release/Obj/blinky_pca10040_s132/boards.o
 *fill*         0x00026878        0x8 
 .rodata.delay_machine_code.0
                0x00026880        0x6 Output/Release/Obj/blinky_pca10040_s132/main.o
 *fill*         0x00026886        0x2 
 .rodata.sdh_stack_observers
                0x00026888        0xc Output/Release/Obj/blinky_pca10040_s132/nrf_sdh.o
 .rodata.sdh_soc_observers
                0x00026894        0xc Output/Release/Obj/blinky_pca10040_s132/nrf_sdh_soc.o
                0x000268a0                        . = ALIGN (MAX ((__rodata_start__ + 0x4), .), 0x4)
                0x000268a0                        __rodata_end__ = (__rodata_start__ + SIZEOF (.rodata))
                0x0000002c                        __rodata_size__ = SIZEOF (.rodata)
                0x000268a0                        __rodata_load_end__ = __rodata_end__

.rel.dyn        0x000268a0        0x0
 .rel.iplt      0x000268a0        0x0 Output/Release/Obj/blinky_pca10040_s132/thumb_crt0.o
                0x00000001                        . = ASSERT (((__rodata_start__ == __rodata_end__) || ((__rodata_end__ - __FLASH1_segment_start__) <= __FLASH1_segment_size__)), error: .rodata is too large to fit in FLASH1 memory segment)
                0x00000001                        . = ASSERT ((0x4 == ALIGN (0x4, 0x4)), error: .rodata section size does not match alignment)
                0x00000000                        . = ASSERT ((__rodata_size__ <= 0x4), error: .rodata section is larger than specified size)
                0x000268a0                        __ARM.exidx_load_start__ = ALIGN (__rodata_end__, 0x4)

.ARM.exidx      0x000268a0        0x0
                0x000268a0                        __ARM.exidx_start__ = .
                0x000268a0                        __exidx_start = __ARM.exidx_start__
 *(.ARM.exidx .ARM.exidx.*)
                0x000268a0                        __ARM.exidx_end__ = (__ARM.exidx_start__ + SIZEOF (.ARM.exidx))
                0x00000000                        __ARM.exidx_size__ = SIZEOF (.ARM.exidx)
                0x000268a0                        __exidx_end = __ARM.exidx_end__
                0x000268a0                        __ARM.exidx_load_end__ = __ARM.exidx_end__
                0x00000001                        . = ASSERT (((__ARM.exidx_start__ == __ARM.exidx_end__) || ((__ARM.exidx_end__ - __FLASH1_segment_start__) <= __FLASH1_segment_size__)), error: .ARM.exidx is too large to fit in FLASH1 memory segment)
                0x000268a0                        __fast_load_start__ = ALIGN (__ARM.exidx_end__, 0x4)

.fast           0x20005968        0x0 load address 0x000268a0
                0x20005968                        __fast_start__ = .
 *(.fast .fast.*)
                0x20005968                        __fast_end__ = (__fast_start__ + SIZEOF (.fast))
                0x00000000                        __fast_size__ = SIZEOF (.fast)
                0x000268a0                        __fast_load_end__ = (__fast_load_start__ + SIZEOF (.fast))
                0x00000001                        . = ASSERT (((__fast_load_start__ == __fast_load_end__) || ((__fast_load_end__ - __FLASH1_segment_start__) <= __FLASH1_segment_size__)), error: .fast is too large to fit in FLASH1 memory segment)

.fast_run       0x20005968        0x0
                0x20005968                        __fast_run_start__ = .
                0x20005968                        __fast_run_end__ = (__fast_run_start__ + SIZEOF (.fast))
                0x00000000                        __fast_run_size__ = (__fast_run_end__ - __fast_run_start__)
                0x20005968                        __fast_run_load_end__ = __fast_run_end__
                0x00000001                        . = ASSERT (((__fast_run_start__ == __fast_run_end__) || ((__fast_run_end__ - __RAM1_segment_start__) <= __RAM1_segment_size__)), error: .fast_run is too large to fit in RAM1 memory segment)
                0x000268a0                        __data_load_start__ = ALIGN ((__fast_load_start__ + SIZEOF (.fast)), 0x4)

.data           0x20005968        0x4 load address 0x000268a0
                0x20005968                        __data_start__ = .
 *(.data .data.* .gnu.linkonce.d.*)
 .data.SystemCoreClock
                0x20005968        0x4 Output/Release/Obj/blinky_pca10040_s132/system_nrf52.o
                0x20005968                SystemCoreClock
                0x2000596c                        __data_end__ = (__data_start__ + SIZEOF (.data))
                0x00000004                        __data_size__ = SIZEOF (.data)
                0x000268a4                        __data_load_end__ = (__data_load_start__ + SIZEOF (.data))

.igot.plt       0x00000000        0x0
 .igot.plt      0x00000000        0x0 Output/Release/Obj/blinky_pca10040_s132/thumb_crt0.o
                0x00000001                        . = ASSERT (((__data_load_start__ == __data_load_end__) || ((__data_load_end__ - __FLASH1_segment_start__) <= __FLASH1_segment_size__)), error: .data is too large to fit in FLASH1 memory segment)

.data_run       0x20005968        0x0
                0x20005968                        __data_run_start__ = .
                0x2000596c                        __data_run_end__ = (__data_run_start__ + SIZEOF (.data))
                0x00000004                        __data_run_size__ = (__data_run_end__ - __data_run_start__)
                0x2000596c                        __data_run_load_end__ = __data_run_end__
                0x00000001                        . = ASSERT (((__data_run_start__ == __data_run_end__) || ((__data_run_end__ - __RAM1_segment_start__) <= __RAM1_segment_size__)), error: .data_run is too large to fit in RAM1 memory segment)
                0x000268a4                        __tdata_load_start__ = ALIGN ((__data_load_start__ + SIZEOF (.data)), 0x4)

.tdata          0x2000596c        0x0 load address 0x000268a4
                0x2000596c                        __tdata_start__ = .
 *(.tdata .tdata.*)
                0x2000596c                        __tdata_end__ = (__tdata_start__ + SIZEOF (.tdata))
                0x00000000                        __tdata_size__ = SIZEOF (.tdata)
                0x000268a4                        __tdata_load_end__ = (__tdata_load_start__ + SIZEOF (.tdata))
                0x000268a4                        __FLASH1_segment_used_end__ = (ALIGN ((__data_load_start__ + SIZEOF (.data)), 0x4) + SIZEOF (.tdata))
                0x000268a4                        __FLASH1_segment_used_size__ = (__FLASH1_segment_used_end__ - __FLASH1_segment_start__)
                0x00000001                        . = ASSERT (((__tdata_load_start__ == __tdata_load_end__) || ((__tdata_load_end__ - __FLASH1_segment_start__) <= __FLASH1_segment_size__)), error: .tdata is too large to fit in FLASH1 memory segment)

.tdata_run      0x2000596c        0x0
                0x2000596c                        __tdata_run_start__ = .
                0x2000596c                        __tdata_run_end__ = (__tdata_run_start__ + SIZEOF (.tdata))
                0x00000000                        __tdata_run_size__ = (__tdata_run_end__ - __tdata_run_start__)
                0x2000596c                        __tdata_run_load_end__ = __tdata_run_end__
                0x00000001                        . = ASSERT (((__tdata_run_start__ == __tdata_run_end__) || ((__tdata_run_end__ - __RAM1_segment_start__) <= __RAM1_segment_size__)), error: .tdata_run is too large to fit in RAM1 memory segment)
                0x2000596c                        __bss_load_start__ = ALIGN (__tdata_run_end__, 0x4)

.bss            0x2000596c        0x4
                0x2000596c                        __bss_start__ = .
 *(.bss .bss.* .gnu.linkonce.b.*)
 .bss.libc.__SEGGER_RTL_heap_globals.0
                0x2000596c        0x4 C:/Program Files/SEGGER/SEGGER Embedded Studio 8.24/lib/heapops_basic_v7em_fpv4_sp_d16_hard_t_le_eabi_balanced.a(heapops_basic.o)
 *(COMMON)
                0x20005970                        __bss_end__ = (__bss_start__ + SIZEOF (.bss))
                0x00000004                        __bss_size__ = SIZEOF (.bss)
                0x20005970                        __bss_load_end__ = __bss_end__
                0x00000001                        . = ASSERT (((__bss_start__ == __bss_end__) || ((__bss_end__ - __RAM1_segment_start__) <= __RAM1_segment_size__)), error: .bss is too large to fit in RAM1 memory segment)
                0x20005970                        __tbss_load_start__ = ALIGN (__bss_end__, 0x4)

.tbss           0x20005970        0x0
                0x20005970                        __tbss_start__ = .
 *(.tbss .tbss.*)
                0x20005970                        __tbss_end__ = (__tbss_start__ + SIZEOF (.tbss))
                0x00000000                        __tbss_size__ = SIZEOF (.tbss)
                0x20005970                        __tbss_load_end__ = __tbss_end__
                0x00000001                        . = ASSERT (((__tbss_start__ == __tbss_end__) || ((__tbss_end__ - __RAM1_segment_start__) <= __RAM1_segment_size__)), error: .tbss is too large to fit in RAM1 memory segment)
                0x20005970                        __non_init_load_start__ = ALIGN (__tbss_end__, 0x4)

.non_init       0x20005970        0x0
                0x20005970                        __non_init_start__ = .
 *(.non_init .non_init.*)
                0x20005970                        __non_init_end__ = (__non_init_start__ + SIZEOF (.non_init))
                0x00000000                        __non_init_size__ = SIZEOF (.non_init)
                0x20005970                        __non_init_load_end__ = __non_init_end__
                0x00000001                        . = ASSERT (((__non_init_start__ == __non_init_end__) || ((__non_init_end__ - __RAM1_segment_start__) <= __RAM1_segment_size__)), error: .non_init is too large to fit in RAM1 memory segment)
                0x20005970                        __heap_load_start__ = ALIGN (__non_init_end__, 0x4)

.heap           0x20005970     0x2000
                0x20005970                        __heap_start__ = .
 *(.heap .heap.*)
                0x20007970                        . = ALIGN (MAX ((__heap_start__ + __HEAPSIZE__), .), 0x4)
 *fill*         0x20005970     0x2000 
                0x20007970                        __heap_end__ = (__heap_start__ + SIZEOF (.heap))
                0x00002000                        __heap_size__ = SIZEOF (.heap)
                0x20007970                        __heap_load_end__ = __heap_end__
                0x00000001                        . = ASSERT (((__heap_start__ == __heap_end__) || ((__heap_end__ - __RAM1_segment_start__) <= __RAM1_segment_size__)), error: .heap is too large to fit in RAM1 memory segment)
                0x00000001                        . = ASSERT ((__HEAPSIZE__ == ALIGN (__HEAPSIZE__, 0x4)), error: .heap section size does not match alignment)
                0x00000001                        . = ASSERT ((__heap_size__ <= __HEAPSIZE__), error: .heap section is larger than specified size)
                0x2000e000                        __stack_load_start__ = (__RAM1_segment_start__ + (__RAM1_segment_size__ - 0x2000))

.stack          0x2000e000     0x2000
                0x2000e000                        __stack_start__ = .
                0x2000e000                        __StackLimit = __stack_start__
 *(.stack .stack.*)
                0x20010000                        . = ALIGN (MAX ((__stack_start__ + __STACKSIZE__), .), 0x8)
 *fill*         0x2000e000     0x2000 
                0x20010000                        __stack_end__ = (__stack_start__ + SIZEOF (.stack))
                0x00002000                        __stack_size__ = SIZEOF (.stack)
                0x20010000                        __StackTop = __stack_end__
                0x20010000                        __stack_load_end__ = __stack_end__
                0x00000001                        . = ASSERT (((__stack_start__ == __stack_end__) || ((__stack_end__ - __RAM1_segment_start__) <= __RAM1_segment_size__)), error: .stack is too large to fit in RAM1 memory segment)
                0x00000001                        . = ASSERT ((__heap_end__ <= __stack_start__), error: section .heap overlaps absolute placed section .stack)
                0x00000001                        . = ASSERT ((__STACKSIZE__ == ALIGN (__STACKSIZE__, 0x8)), error: .stack section size does not match alignment)
                0x00000001                        . = ASSERT ((__stack_size__ <= __STACKSIZE__), error: .stack section is larger than specified size)
                0x20010000                        __stack_process_load_start__ = ALIGN (__stack_end__, 0x8)

.stack_process  0x20010000        0x0
                0x20010000                        __stack_process_start__ = .
 *(.stack_process .stack_process.*)
                0x20010000                        . = ALIGN (MAX ((__stack_process_start__ + __STACKSIZE_PROCESS__), .), 0x8)
                0x20010000                        __stack_process_end__ = (__stack_process_start__ + SIZEOF (.stack_process))
                0x00000000                        __stack_process_size__ = SIZEOF (.stack_process)
                0x20010000                        __stack_process_load_end__ = __stack_process_end__
                0x20010000                        __RAM1_segment_used_end__ = (ALIGN (__stack_end__, 0x8) + SIZEOF (.stack_process))
                0x00010000                        __RAM1_segment_used_size__ = (__RAM1_segment_used_end__ - __RAM1_segment_start__)
                0x00000001                        . = ASSERT (((__stack_process_start__ == __stack_process_end__) || ((__stack_process_end__ - __RAM1_segment_start__) <= __RAM1_segment_size__)), error: .stack_process is too large to fit in RAM1 memory segment)
                0x00000001                        . = ASSERT ((__STACKSIZE_PROCESS__ == ALIGN (__STACKSIZE_PROCESS__, 0x8)), error: .stack_process section size does not match alignment)
                0x00000001                        . = ASSERT ((__stack_process_size__ <= __STACKSIZE_PROCESS__), error: .stack_process section is larger than specified size)
                0x00002000                        __STACKSIZE__ = 0x2000
                0x00000000                        __STACKSIZE_PROCESS__ = 0x0
                0x00002000                        __HEAPSIZE__ = 0x2000
                0x00000000                        __SEGGER_RTL_vfprintf = __SEGGER_RTL_vfprintf_long
                0x00000000                        __SEGGER_RTL_vfscanf = __SEGGER_RTL_vfscanf_long
START GROUP
LOAD Output/Release/Obj/blinky_pca10040_s132/thumb_crt0.o
LOAD Output/Release/Obj/blinky_pca10040_s132/nrf_log_frontend.o
LOAD Output/Release/Obj/blinky_pca10040_s132/nrf_log_str_formatter.o
LOAD Output/Release/Obj/blinky_pca10040_s132/boards.o
LOAD Output/Release/Obj/blinky_pca10040_s132/app_error.o
LOAD Output/Release/Obj/blinky_pca10040_s132/app_error_handler_gcc.o
LOAD Output/Release/Obj/blinky_pca10040_s132/app_error_weak.o
LOAD Output/Release/Obj/blinky_pca10040_s132/app_util_platform.o
LOAD Output/Release/Obj/blinky_pca10040_s132/nrf_assert.o
LOAD Output/Release/Obj/blinky_pca10040_s132/nrf_atomic.o
LOAD Output/Release/Obj/blinky_pca10040_s132/nrf_balloc.o
LOAD Output/Release/Obj/blinky_pca10040_s132/nrf_fprintf.o
LOAD Output/Release/Obj/blinky_pca10040_s132/nrf_fprintf_format.o
LOAD Output/Release/Obj/blinky_pca10040_s132/nrf_memobj.o
LOAD Output/Release/Obj/blinky_pca10040_s132/nrf_ringbuf.o
LOAD Output/Release/Obj/blinky_pca10040_s132/nrf_section_iter.o
LOAD Output/Release/Obj/blinky_pca10040_s132/nrf_strerror.o
LOAD Output/Release/Obj/blinky_pca10040_s132/nrfx_atomic.o
LOAD Output/Release/Obj/blinky_pca10040_s132/main.o
LOAD Output/Release/Obj/blinky_pca10040_s132/ses_startup_nrf52.o
LOAD Output/Release/Obj/blinky_pca10040_s132/ses_startup_nrf_common.o
LOAD Output/Release/Obj/blinky_pca10040_s132/system_nrf52.o
LOAD Output/Release/Obj/blinky_pca10040_s132/nrf_sdh.o
LOAD Output/Release/Obj/blinky_pca10040_s132/nrf_sdh_soc.o
LOAD C:/Program Files/SEGGER/SEGGER Embedded Studio 8.24/lib/libc_v7em_fpv4_sp_d16_hard_t_le_eabi_balanced.a
LOAD C:/Program Files/SEGGER/SEGGER Embedded Studio 8.24/lib/heapops_basic_v7em_fpv4_sp_d16_hard_t_le_eabi_balanced.a
LOAD C:/Program Files/SEGGER/SEGGER Embedded Studio 8.24/lib/heapops_disable_interrupts_locking_v7em_fpv4_sp_d16_hard_t_le_eabi_balanced.a
LOAD C:/Program Files/SEGGER/SEGGER Embedded Studio 8.24/lib/strops_unaligned_v7em_fpv4_sp_d16_hard_t_le_eabi_balanced.a
LOAD C:/Program Files/SEGGER/SEGGER Embedded Studio 8.24/lib/mbops_timeops_v7em_fpv4_sp_d16_hard_t_le_eabi_balanced.a
END GROUP
OUTPUT(C:/Users/IIITS/Downloads/DeviceDownload/nRF5_SDK_17.1.0_ddde560/nRF5_SDK_17.1.0_ddde560/examples/peripheral/blinky/pca10040/s132/ses/Output/Release/Exe/blinky_pca10040_s132.elf elf32-littlearm)
LOAD linker stubs

.ARM.attributes
                0x00000000       0x36
 .ARM.attributes
                0x00000000       0x20 Output/Release/Obj/blinky_pca10040_s132/thumb_crt0.o
 .ARM.attributes
                0x00000020       0x36 Output/Release/Obj/blinky_pca10040_s132/boards.o
 .ARM.attributes
                0x00000056       0x36 Output/Release/Obj/blinky_pca10040_s132/app_error.o
 .ARM.attributes
                0x0000008c       0x36 Output/Release/Obj/blinky_pca10040_s132/app_error_weak.o
 .ARM.attributes
                0x000000c2       0x36 Output/Release/Obj/blinky_pca10040_s132/nrf_section_iter.o
 .ARM.attributes
                0x000000f8       0x36 Output/Release/Obj/blinky_pca10040_s132/main.o
 .ARM.attributes
                0x0000012e       0x20 Output/Release/Obj/blinky_pca10040_s132/ses_startup_nrf52.o
 .ARM.attributes
                0x0000014e       0x20 Output/Release/Obj/blinky_pca10040_s132/ses_startup_nrf_common.o
 .ARM.attributes
                0x0000016e       0x36 Output/Release/Obj/blinky_pca10040_s132/system_nrf52.o
 .ARM.attributes
                0x000001a4       0x36 Output/Release/Obj/blinky_pca10040_s132/nrf_sdh.o
 .ARM.attributes
                0x000001da       0x36 Output/Release/Obj/blinky_pca10040_s132/nrf_sdh_soc.o
 .ARM.attributes
                0x00000210       0x3e C:/Program Files/SEGGER/SEGGER Embedded Studio 8.24/lib/heapops_basic_v7em_fpv4_sp_d16_hard_t_le_eabi_balanced.a(heapops_basic.o)

.comment        0x00000000       0x7a
 .comment       0x00000000       0x7a Output/Release/Obj/blinky_pca10040_s132/boards.o
                                 0x3e (size before relaxing)
 .comment       0x0000007a       0x3e Output/Release/Obj/blinky_pca10040_s132/app_error.o
 .comment       0x0000007a       0x3e Output/Release/Obj/blinky_pca10040_s132/app_error_weak.o
 .comment       0x0000007a       0x3e Output/Release/Obj/blinky_pca10040_s132/nrf_section_iter.o
 .comment       0x0000007a       0x3e Output/Release/Obj/blinky_pca10040_s132/main.o
 .comment       0x0000007a       0x3e Output/Release/Obj/blinky_pca10040_s132/system_nrf52.o
 .comment       0x0000007a       0x3e Output/Release/Obj/blinky_pca10040_s132/nrf_sdh.o
 .comment       0x0000007a       0x3e Output/Release/Obj/blinky_pca10040_s132/nrf_sdh_soc.o
 .comment       0x0000007a       0x3e C:/Program Files/SEGGER/SEGGER Embedded Studio 8.24/lib/heapops_basic_v7em_fpv4_sp_d16_hard_t_le_eabi_balanced.a(heapops_basic.o)

.note.GNU-stack
                0x00000000        0x0
 .note.GNU-stack
                0x00000000        0x0 C:/Program Files/SEGGER/SEGGER Embedded Studio 8.24/lib/heapops_basic_v7em_fpv4_sp_d16_hard_t_le_eabi_balanced.a(heapops_basic.o)

.debug_line     0x00000000     0x3e9c
 .debug_line    0x00000000      0x190 Output/Release/Obj/blinky_pca10040_s132/thumb_crt0.o
 .debug_line    0x00000190      0xbf6 Output/Release/Obj/blinky_pca10040_s132/boards.o
 .debug_line    0x00000d86      0x411 Output/Release/Obj/blinky_pca10040_s132/app_error.o
 .debug_line    0x00001197      0x6e9 Output/Release/Obj/blinky_pca10040_s132/app_error_weak.o
 .debug_line    0x00001880      0x4be Output/Release/Obj/blinky_pca10040_s132/nrf_section_iter.o
 .debug_line    0x00001d3e      0x72a Output/Release/Obj/blinky_pca10040_s132/main.o
 .debug_line    0x00002468       0xbb Output/Release/Obj/blinky_pca10040_s132/ses_startup_nrf52.o
 .debug_line    0x00002523       0xdd Output/Release/Obj/blinky_pca10040_s132/ses_startup_nrf_common.o
 .debug_line    0x00002600      0x7ad Output/Release/Obj/blinky_pca10040_s132/system_nrf52.o
 .debug_line    0x00002dad      0xad4 Output/Release/Obj/blinky_pca10040_s132/nrf_sdh.o
 .debug_line    0x00003881      0x61b Output/Release/Obj/blinky_pca10040_s132/nrf_sdh_soc.o

.debug_info     0x00000000     0x436e
 .debug_info    0x00000000       0x22 Output/Release/Obj/blinky_pca10040_s132/thumb_crt0.o
 .debug_info    0x00000022      0xc24 Output/Release/Obj/blinky_pca10040_s132/boards.o
 .debug_info    0x00000c46      0x2bd Output/Release/Obj/blinky_pca10040_s132/app_error.o
 .debug_info    0x00000f03      0x3a1 Output/Release/Obj/blinky_pca10040_s132/app_error_weak.o
 .debug_info    0x000012a4      0x19b Output/Release/Obj/blinky_pca10040_s132/nrf_section_iter.o
 .debug_info    0x0000143f      0x218 Output/Release/Obj/blinky_pca10040_s132/main.o
 .debug_info    0x00001657       0x23 Output/Release/Obj/blinky_pca10040_s132/ses_startup_nrf52.o
 .debug_info    0x0000167a       0x23 Output/Release/Obj/blinky_pca10040_s132/ses_startup_nrf_common.o
 .debug_info    0x0000169d     0x154f Output/Release/Obj/blinky_pca10040_s132/system_nrf52.o
 .debug_info    0x00002bec     0x1235 Output/Release/Obj/blinky_pca10040_s132/nrf_sdh.o
 .debug_info    0x00003e21      0x54d Output/Release/Obj/blinky_pca10040_s132/nrf_sdh_soc.o

.debug_abbrev   0x00000000     0x1284
 .debug_abbrev  0x00000000       0x12 Output/Release/Obj/blinky_pca10040_s132/thumb_crt0.o
 .debug_abbrev  0x00000012      0x2f2 Output/Release/Obj/blinky_pca10040_s132/boards.o
 .debug_abbrev  0x00000304      0x156 Output/Release/Obj/blinky_pca10040_s132/app_error.o
 .debug_abbrev  0x0000045a      0x179 Output/Release/Obj/blinky_pca10040_s132/app_error_weak.o
 .debug_abbrev  0x000005d3       0xcc Output/Release/Obj/blinky_pca10040_s132/nrf_section_iter.o
 .debug_abbrev  0x0000069f      0x17c Output/Release/Obj/blinky_pca10040_s132/main.o
 .debug_abbrev  0x0000081b       0x14 Output/Release/Obj/blinky_pca10040_s132/ses_startup_nrf52.o
 .debug_abbrev  0x0000082f       0x14 Output/Release/Obj/blinky_pca10040_s132/ses_startup_nrf_common.o
 .debug_abbrev  0x00000843      0x32e Output/Release/Obj/blinky_pca10040_s132/system_nrf52.o
 .debug_abbrev  0x00000b71      0x51d Output/Release/Obj/blinky_pca10040_s132/nrf_sdh.o
 .debug_abbrev  0x0000108e      0x1f6 Output/Release/Obj/blinky_pca10040_s132/nrf_sdh_soc.o

.debug_aranges  0x00000000      0x2a0
 .debug_aranges
                0x00000000       0x58 Output/Release/Obj/blinky_pca10040_s132/thumb_crt0.o
 .debug_aranges
                0x00000058       0x78 Output/Release/Obj/blinky_pca10040_s132/boards.o
 .debug_aranges
                0x000000d0       0x28 Output/Release/Obj/blinky_pca10040_s132/app_error.o
 .debug_aranges
                0x000000f8       0x20 Output/Release/Obj/blinky_pca10040_s132/app_error_weak.o
 .debug_aranges
                0x00000118       0x28 Output/Release/Obj/blinky_pca10040_s132/nrf_section_iter.o
 .debug_aranges
                0x00000140       0x20 Output/Release/Obj/blinky_pca10040_s132/main.o
 .debug_aranges
                0x00000160       0x20 Output/Release/Obj/blinky_pca10040_s132/ses_startup_nrf52.o
 .debug_aranges
                0x00000180       0x20 Output/Release/Obj/blinky_pca10040_s132/ses_startup_nrf_common.o
 .debug_aranges
                0x000001a0       0x48 Output/Release/Obj/blinky_pca10040_s132/system_nrf52.o
 .debug_aranges
                0x000001e8       0x90 Output/Release/Obj/blinky_pca10040_s132/nrf_sdh.o
 .debug_aranges
                0x00000278       0x28 Output/Release/Obj/blinky_pca10040_s132/nrf_sdh_soc.o

.debug_str      0x00000000    0x7e2bf
 .debug_str     0x00000000    0x7e2bf Output/Release/Obj/blinky_pca10040_s132/thumb_crt0.o
                                 0xdb (size before relaxing)
 .debug_str     0x0007e2bf    0x7148c Output/Release/Obj/blinky_pca10040_s132/boards.o
 .debug_str     0x0007e2bf    0x63213 Output/Release/Obj/blinky_pca10040_s132/app_error.o
 .debug_str     0x0007e2bf    0x71491 Output/Release/Obj/blinky_pca10040_s132/app_error_weak.o
 .debug_str     0x0007e2bf    0x6d335 Output/Release/Obj/blinky_pca10040_s132/nrf_section_iter.o
 .debug_str     0x0007e2bf    0x71026 Output/Release/Obj/blinky_pca10040_s132/main.o
 .debug_str     0x0007e2bf      0x110 Output/Release/Obj/blinky_pca10040_s132/ses_startup_nrf52.o
 .debug_str     0x0007e2bf      0x115 Output/Release/Obj/blinky_pca10040_s132/ses_startup_nrf_common.o
 .debug_str     0x0007e2bf    0x6abf5 Output/Release/Obj/blinky_pca10040_s132/system_nrf52.o
 .debug_str     0x0007e2bf    0x71f82 Output/Release/Obj/blinky_pca10040_s132/nrf_sdh.o
 .debug_str     0x0007e2bf    0x70efe Output/Release/Obj/blinky_pca10040_s132/nrf_sdh_soc.o

.debug_ranges   0x00000000      0x430
 .debug_ranges  0x00000000       0x50 Output/Release/Obj/blinky_pca10040_s132/thumb_crt0.o
 .debug_ranges  0x00000050      0x198 Output/Release/Obj/blinky_pca10040_s132/boards.o
 .debug_ranges  0x000001e8       0x18 Output/Release/Obj/blinky_pca10040_s132/app_error.o
 .debug_ranges  0x00000200       0x10 Output/Release/Obj/blinky_pca10040_s132/app_error_weak.o
 .debug_ranges  0x00000210       0x18 Output/Release/Obj/blinky_pca10040_s132/nrf_section_iter.o
 .debug_ranges  0x00000228       0x78 Output/Release/Obj/blinky_pca10040_s132/main.o
 .debug_ranges  0x000002a0       0x58 Output/Release/Obj/blinky_pca10040_s132/system_nrf52.o
 .debug_ranges  0x000002f8      0x120 Output/Release/Obj/blinky_pca10040_s132/nrf_sdh.o
 .debug_ranges  0x00000418       0x18 Output/Release/Obj/blinky_pca10040_s132/nrf_sdh_soc.o

.debug_loc      0x00000000     0x10a0
 .debug_loc     0x00000000      0x9b8 Output/Release/Obj/blinky_pca10040_s132/boards.o
 .debug_loc     0x000009b8       0xe5 Output/Release/Obj/blinky_pca10040_s132/app_error.o
 .debug_loc     0x00000a9d       0x56 Output/Release/Obj/blinky_pca10040_s132/app_error_weak.o
 .debug_loc     0x00000af3       0xb0 Output/Release/Obj/blinky_pca10040_s132/main.o
 .debug_loc     0x00000ba3      0x12c Output/Release/Obj/blinky_pca10040_s132/system_nrf52.o
 .debug_loc     0x00000ccf      0x30a Output/Release/Obj/blinky_pca10040_s132/nrf_sdh.o
 .debug_loc     0x00000fd9       0xc7 Output/Release/Obj/blinky_pca10040_s132/nrf_sdh_soc.o

.debug_pubnames
                0x00000000     0x181a
 .debug_pubnames
                0x00000000      0x4bd Output/Release/Obj/blinky_pca10040_s132/boards.o
 .debug_pubnames
                0x000004bd       0x88 Output/Release/Obj/blinky_pca10040_s132/app_error.o
 .debug_pubnames
                0x00000545      0x106 Output/Release/Obj/blinky_pca10040_s132/app_error_weak.o
 .debug_pubnames
                0x0000064b       0x46 Output/Release/Obj/blinky_pca10040_s132/nrf_section_iter.o
 .debug_pubnames
                0x00000691       0x72 Output/Release/Obj/blinky_pca10040_s132/main.o
 .debug_pubnames
                0x00000703      0x1a7 Output/Release/Obj/blinky_pca10040_s132/system_nrf52.o
 .debug_pubnames
                0x000008aa      0x974 Output/Release/Obj/blinky_pca10040_s132/nrf_sdh.o
 .debug_pubnames
                0x0000121e      0x5fc Output/Release/Obj/blinky_pca10040_s132/nrf_sdh_soc.o

.debug_pubtypes
                0x00000000      0xc91
 .debug_pubtypes
                0x00000000      0x192 Output/Release/Obj/blinky_pca10040_s132/boards.o
 .debug_pubtypes
                0x00000192      0x120 Output/Release/Obj/blinky_pca10040_s132/app_error.o
 .debug_pubtypes
                0x000002b2      0x119 Output/Release/Obj/blinky_pca10040_s132/app_error_weak.o
 .debug_pubtypes
                0x000003cb      0x139 Output/Release/Obj/blinky_pca10040_s132/nrf_section_iter.o
 .debug_pubtypes
                0x00000504       0xf0 Output/Release/Obj/blinky_pca10040_s132/main.o
 .debug_pubtypes
                0x000005f4      0x1ea Output/Release/Obj/blinky_pca10040_s132/system_nrf52.o
 .debug_pubtypes
                0x000007de      0x2c9 Output/Release/Obj/blinky_pca10040_s132/nrf_sdh.o
 .debug_pubtypes
                0x00000aa7      0x1ea Output/Release/Obj/blinky_pca10040_s132/nrf_sdh_soc.o

.debug_macro    0x00000000     0x3b33
 .debug_macro   0x00000000      0x2ac Output/Release/Obj/blinky_pca10040_s132/boards.o
 .debug_macro   0x000002ac       0x22 Output/Release/Obj/blinky_pca10040_s132/boards.o
 .debug_macro   0x000002ce       0xfb Output/Release/Obj/blinky_pca10040_s132/boards.o
 .debug_macro   0x000003c9       0x40 Output/Release/Obj/blinky_pca10040_s132/boards.o
 .debug_macro   0x00000409      0x3dc Output/Release/Obj/blinky_pca10040_s132/boards.o
 .debug_macro   0x000007e5       0x59 Output/Release/Obj/blinky_pca10040_s132/boards.o
 .debug_macro   0x0000083e       0x1f Output/Release/Obj/blinky_pca10040_s132/boards.o
 .debug_macro   0x0000085d      0x131 Output/Release/Obj/blinky_pca10040_s132/boards.o
 .debug_macro   0x0000098e       0x3f Output/Release/Obj/blinky_pca10040_s132/boards.o
 .debug_macro   0x000009cd       0x46 Output/Release/Obj/blinky_pca10040_s132/boards.o
 .debug_macro   0x00000a13       0x88 Output/Release/Obj/blinky_pca10040_s132/boards.o
 .debug_macro   0x00000a9b       0x3a Output/Release/Obj/blinky_pca10040_s132/boards.o
 .debug_macro   0x00000ad5       0x58 Output/Release/Obj/blinky_pca10040_s132/boards.o
 .debug_macro   0x00000b2d       0x49 Output/Release/Obj/blinky_pca10040_s132/boards.o
 .debug_macro   0x00000b76       0x8c Output/Release/Obj/blinky_pca10040_s132/boards.o
 .debug_macro   0x00000c02       0x19 Output/Release/Obj/blinky_pca10040_s132/boards.o
 .debug_macro   0x00000c1b       0x1d Output/Release/Obj/blinky_pca10040_s132/boards.o
 .debug_macro   0x00000c38       0x35 Output/Release/Obj/blinky_pca10040_s132/boards.o
 .debug_macro   0x00000c6d       0x7b Output/Release/Obj/blinky_pca10040_s132/boards.o
 .debug_macro   0x00000ce8       0x1c Output/Release/Obj/blinky_pca10040_s132/boards.o
 .debug_macro   0x00000d04       0x40 Output/Release/Obj/blinky_pca10040_s132/boards.o
 .debug_macro   0x00000d44       0x20 Output/Release/Obj/blinky_pca10040_s132/boards.o
 .debug_macro   0x00000d64       0x1c Output/Release/Obj/blinky_pca10040_s132/boards.o
 .debug_macro   0x00000d80      0x25a Output/Release/Obj/blinky_pca10040_s132/boards.o
 .debug_macro   0x00000fda      0x16d Output/Release/Obj/blinky_pca10040_s132/boards.o
 .debug_macro   0x00001147      0x12a Output/Release/Obj/blinky_pca10040_s132/app_error.o
 .debug_macro   0x00001271       0x64 Output/Release/Obj/blinky_pca10040_s132/app_error.o
 .debug_macro   0x000012d5      0x288 Output/Release/Obj/blinky_pca10040_s132/app_error_weak.o
 .debug_macro   0x0000155d       0x31 Output/Release/Obj/blinky_pca10040_s132/app_error_weak.o
 .debug_macro   0x0000158e       0x16 Output/Release/Obj/blinky_pca10040_s132/app_error_weak.o
 .debug_macro   0x000015a4       0x55 Output/Release/Obj/blinky_pca10040_s132/app_error_weak.o
 .debug_macro   0x000015f9      0x17f Output/Release/Obj/blinky_pca10040_s132/app_error_weak.o
 .debug_macro   0x00001778       0x9a Output/Release/Obj/blinky_pca10040_s132/app_error_weak.o
 .debug_macro   0x00001812       0x28 Output/Release/Obj/blinky_pca10040_s132/app_error_weak.o
 .debug_macro   0x0000183a       0x23 Output/Release/Obj/blinky_pca10040_s132/app_error_weak.o
 .debug_macro   0x0000185d       0x1c Output/Release/Obj/blinky_pca10040_s132/app_error_weak.o
 .debug_macro   0x00001879       0x1c Output/Release/Obj/blinky_pca10040_s132/app_error_weak.o
 .debug_macro   0x00001895      0x11b Output/Release/Obj/blinky_pca10040_s132/app_error_weak.o
 .debug_macro   0x000019b0      0x1a9 Output/Release/Obj/blinky_pca10040_s132/nrf_section_iter.o
 .debug_macro   0x00001b59       0x11 Output/Release/Obj/blinky_pca10040_s132/nrf_section_iter.o
 .debug_macro   0x00001b6a      0x2b6 Output/Release/Obj/blinky_pca10040_s132/main.o
 .debug_macro   0x00001e20       0x22 Output/Release/Obj/blinky_pca10040_s132/main.o
 .debug_macro   0x00001e42      0x13e Output/Release/Obj/blinky_pca10040_s132/system_nrf52.o
 .debug_macro   0x00001f80      0x44e Output/Release/Obj/blinky_pca10040_s132/system_nrf52.o
 .debug_macro   0x000023ce      0xa28 Output/Release/Obj/blinky_pca10040_s132/system_nrf52.o
 .debug_macro   0x00002df6      0x520 Output/Release/Obj/blinky_pca10040_s132/system_nrf52.o
 .debug_macro   0x00003316      0x164 Output/Release/Obj/blinky_pca10040_s132/system_nrf52.o
 .debug_macro   0x0000347a      0x292 Output/Release/Obj/blinky_pca10040_s132/nrf_sdh.o
 .debug_macro   0x0000370c       0x2b Output/Release/Obj/blinky_pca10040_s132/nrf_sdh.o
 .debug_macro   0x00003737       0x10 Output/Release/Obj/blinky_pca10040_s132/nrf_sdh.o
 .debug_macro   0x00003747      0x16d Output/Release/Obj/blinky_pca10040_s132/nrf_sdh.o
 .debug_macro   0x000038b4      0x269 Output/Release/Obj/blinky_pca10040_s132/nrf_sdh_soc.o
 .debug_macro   0x00003b1d       0x16 Output/Release/Obj/blinky_pca10040_s132/nrf_sdh_soc.o

.debug_frame    0x00000000      0x3d0
 .debug_frame   0x00000000       0xf0 Output/Release/Obj/blinky_pca10040_s132/boards.o
 .debug_frame   0x000000f0       0x44 Output/Release/Obj/blinky_pca10040_s132/app_error.o
 .debug_frame   0x00000134       0x20 Output/Release/Obj/blinky_pca10040_s132/app_error_weak.o
 .debug_frame   0x00000154       0x30 Output/Release/Obj/blinky_pca10040_s132/nrf_section_iter.o
 .debug_frame   0x00000184       0x2c Output/Release/Obj/blinky_pca10040_s132/main.o
 .debug_frame   0x000001b0       0x78 Output/Release/Obj/blinky_pca10040_s132/system_nrf52.o
 .debug_frame   0x00000228      0x164 Output/Release/Obj/blinky_pca10040_s132/nrf_sdh.o
 .debug_frame   0x0000038c       0x44 Output/Release/Obj/blinky_pca10040_s132/nrf_sdh_soc.o
