Archive member included to satisfy reference by file (symbol)

../../../../../../../components/nfc/t4t_lib/nfc_t4t_lib_gcc.a(nfc_t4t_lib.c.o)
                              Output/Debug/Obj/nfc_uart_tag_pca10040/main.o (nfc_t4t_setup)
../../../../../../../components/nfc/t4t_lib/nfc_t4t_lib_gcc.a(nfc_t4t_lib_al.c.o)
                              ../../../../../../../components/nfc/t4t_lib/nfc_t4t_lib_gcc.a(nfc_t4t_lib.c.o) (nfc_t4t_lib_al_parameter_set)
../../../../../../../components/nfc/t4t_lib/nfc_t4t_lib_gcc.a(isodepmsg.c.o)
                              ../../../../../../../components/nfc/t4t_lib/nfc_t4t_lib_gcc.a(nfc_t4t_lib.c.o) (isodepTransmit)
C:/Program Files/SEGGER/SEGGER Embedded Studio 8.24/lib/libc_v7em_fpv4_sp_d16_hard_t_le_eabi_balanced.a(prinops.o)
                              Output/Debug/Obj/nfc_uart_tag_pca10040/SEGGER_RTT_Syscalls_SES.o (vsnprintf)
C:/Program Files/SEGGER/SEGGER Embedded Studio 8.24/lib/libc_v7em_fpv4_sp_d16_hard_t_le_eabi_balanced.a(__SEGGER_RTL_vfprintf_long.o)
                              (__SEGGER_RTL_vfprintf_long)
C:/Program Files/SEGGER/SEGGER Embedded Studio 8.24/lib/libc_v7em_fpv4_sp_d16_hard_t_le_eabi_balanced.a(__SEGGER_RTL_vfscanf_long.o)
                              (__SEGGER_RTL_vfscanf_long)
C:/Program Files/SEGGER/SEGGER Embedded Studio 8.24/lib/libc_v7em_fpv4_sp_d16_hard_t_le_eabi_balanced.a(fileops.o)
                              C:/Program Files/SEGGER/SEGGER Embedded Studio 8.24/lib/libc_v7em_fpv4_sp_d16_hard_t_le_eabi_balanced.a(prinops.o) (fwrite)
C:/Program Files/SEGGER/SEGGER Embedded Studio 8.24/lib/libc_v7em_fpv4_sp_d16_hard_t_le_eabi_balanced.a(utilops.o)
                              C:/Program Files/SEGGER/SEGGER Embedded Studio 8.24/lib/libc_v7em_fpv4_sp_d16_hard_t_le_eabi_balanced.a(__SEGGER_RTL_vfscanf_long.o) (__SEGGER_RTL_digit)
C:/Program Files/SEGGER/SEGGER Embedded Studio 8.24/lib/libc_v7em_fpv4_sp_d16_hard_t_le_eabi_balanced.a(floatasmops_arm.o)
                              C:/Program Files/SEGGER/SEGGER Embedded Studio 8.24/lib/libc_v7em_fpv4_sp_d16_hard_t_le_eabi_balanced.a(utilops.o) (__aeabi_dmul)
C:/Program Files/SEGGER/SEGGER Embedded Studio 8.24/lib/libc_v7em_fpv4_sp_d16_hard_t_le_eabi_balanced.a(intasmops_arm.o)
                              C:/Program Files/SEGGER/SEGGER Embedded Studio 8.24/lib/libc_v7em_fpv4_sp_d16_hard_t_le_eabi_balanced.a(__SEGGER_RTL_vfprintf_long.o) (__aeabi_uldivmod)
C:/Program Files/SEGGER/SEGGER Embedded Studio 8.24/lib/libc_v7em_fpv4_sp_d16_hard_t_le_eabi_balanced.a(errno.o)
                              C:/Program Files/SEGGER/SEGGER Embedded Studio 8.24/lib/libc_v7em_fpv4_sp_d16_hard_t_le_eabi_balanced.a(fileops.o) (__aeabi_errno_addr)
C:/Program Files/SEGGER/SEGGER Embedded Studio 8.24/lib/heapops_basic_v7em_fpv4_sp_d16_hard_t_le_eabi_balanced.a(heapops_basic.o)
                              Output/Debug/Obj/nfc_uart_tag_pca10040/thumb_crt0.o (__SEGGER_RTL_init_heap)
C:/Program Files/SEGGER/SEGGER Embedded Studio 8.24/lib/heapops_disable_interrupts_locking_v7em_fpv4_sp_d16_hard_t_le_eabi_balanced.a(heapops.o)
                              C:/Program Files/SEGGER/SEGGER Embedded Studio 8.24/lib/libc_v7em_fpv4_sp_d16_hard_t_le_eabi_balanced.a(prinops.o) (free)
C:/Program Files/SEGGER/SEGGER Embedded Studio 8.24/lib/strops_unaligned_v7em_fpv4_sp_d16_hard_t_le_eabi_balanced.a(strops.o)
                              ../../../../../../../components/nfc/t4t_lib/nfc_t4t_lib_gcc.a(nfc_t4t_lib.c.o) (memcmp)
C:/Program Files/SEGGER/SEGGER Embedded Studio 8.24/lib/strops_unaligned_v7em_fpv4_sp_d16_hard_t_le_eabi_balanced.a(strasmops_arm.o)
                              C:/Program Files/SEGGER/SEGGER Embedded Studio 8.24/lib/strops_unaligned_v7em_fpv4_sp_d16_hard_t_le_eabi_balanced.a(strops.o) (strcmp)
C:/Program Files/SEGGER/SEGGER Embedded Studio 8.24/lib/mbops_timeops_v7em_fpv4_sp_d16_hard_t_le_eabi_balanced.a(mbops.o)
                              C:/Program Files/SEGGER/SEGGER Embedded Studio 8.24/lib/libc_v7em_fpv4_sp_d16_hard_t_le_eabi_balanced.a(prinops.o) (__SEGGER_RTL_current_locale)
C:/Program Files/SEGGER/SEGGER Embedded Studio 8.24/lib/mbops_timeops_v7em_fpv4_sp_d16_hard_t_le_eabi_balanced.a(timeops.o)
                              C:/Program Files/SEGGER/SEGGER Embedded Studio 8.24/lib/mbops_timeops_v7em_fpv4_sp_d16_hard_t_le_eabi_balanced.a(mbops.o) (__SEGGER_RTL_string_list_encode)
C:/Program Files/SEGGER/SEGGER Embedded Studio 8.24/lib/libc_v7em_fpv4_sp_d16_hard_t_le_eabi_balanced.a(execops.o)
                              C:/Program Files/SEGGER/SEGGER Embedded Studio 8.24/lib/strops_unaligned_v7em_fpv4_sp_d16_hard_t_le_eabi_balanced.a(strops.o) (__SEGGER_RTL_constraint_violation)
C:/Program Files/SEGGER/SEGGER Embedded Studio 8.24/lib/libc_v7em_fpv4_sp_d16_hard_t_le_eabi_balanced.a(execops_arm.o)
                              C:/Program Files/SEGGER/SEGGER Embedded Studio 8.24/lib/libc_v7em_fpv4_sp_d16_hard_t_le_eabi_balanced.a(execops.o) (__aeabi_SIGABRT)
[...]
Memory Configuration

Name             Origin             Length             Attributes
UNPLACED_SECTIONS 0x00000000         0x00000000         xw
RAM1             0x20000000         0x00010000         xw
FLASH1           0x00000000         0x00080000         xw
*default*        0x00000000         0xffffffff

Linker script and memory map

                0x20000000                        __RAM1_segment_start__ = 0x20000000
                0x20010000                        __RAM1_segment_end__ = 0x20010000
                0x00010000                        __RAM1_segment_size__ = 0x10000
                0x00000000                        __FLASH1_segment_start__ = 0x0
                0x00080000                        __FLASH1_segment_end__ = 0x80000
                0x00080000                        __FLASH1_segment_size__ = 0x80000
                0x00002000                        __HEAPSIZE__ = 0x2000
                0x00000000                        __SEGGER_RTL_vfprintf = __SEGGER_RTL_vfprintf_long
                0x00000000                        __SEGGER_RTL_vfscanf = __SEGGER_RTL_vfscanf_long
                0x00000000                        __STACKSIZE_PROCESS__ = 0x0
                0x00002000                        __STACKSIZE__ = 0x2000
                0x20000000                        __vectors_ram_load_start__ = 0x20000000

.vectors_ram    0x20000000        0x0
                0x20000000                        __vectors_ram_start__ = .
                0x20000000                        __app_ram_start__ = __vectors_ram_start__
 *(.vectors_ram .vectors_ram.*)
                0x20000000                        __vectors_ram_end__ = (__vectors_ram_start__ + SIZEOF (.vectors_ram))
                0x00000000                        __vectors_ram_size__ = SIZEOF (.vectors_ram)
                0x20000000                        __vectors_ram_load_end__ = __vectors_ram_end__
                0x00000001                        . = ASSERT (((__vectors_ram_start__ == __vectors_ram_end__) || ((__vectors_ram_end__ - __RAM1_segment_start__) <= __RAM1_segment_size__)), error: .vectors_ram is too large to fit in RAM1 memory segment)
                0x20000000                        __nrf_sections_run_load_start__ = ALIGN (__vectors_ram_end__, 0x4)

.nrf_sections_run
                0x20000000        0x0
                0x20000000                        __nrf_sections_run_start__ = .
                0x20000000                        __start_nrf_sections_run = __nrf_sections_run_start__
 *(.nrf_sections_run .nrf_sections_run.*)
                0x20000000                        __nrf_sections_run_end__ = (__nrf_sections_run_start__ + SIZEOF (.nrf_sections_run))
                0x00000000                        __nrf_sections_run_size__ = SIZEOF (.nrf_sections_run)
                0x20000000                        __nrf_sections_run_load_end__ = __nrf_sections_run_end__
                0x00000001                        . = ASSERT (((__nrf_sections_run_start__ == __nrf_sections_run_end__) || ((__nrf_sections_run_end__ - __RAM1_segment_start__) <= __RAM1_segment_size__)), error: .nrf_sections_run is too large to fit in RAM1 memory segment)
                0x00000000                        __vectors_load_start__ = 0x0

.vectors        0x00000000      0x200
                0x00000000                        __vectors_start__ = .
 *(.vectors .vectors.*)
 .vectors       0x00000000      0x200 Output/Debug/Obj/nfc_uart_tag_pca10040/ses_startup_nrf52.o
                0x00000000                _vectors
                0x00000200                        __vectors_end__ = (__vectors_start__ + SIZEOF (.vectors))
                0x00000200                        __vectors_size__ = SIZEOF (.vectors)
                0x00000200                        __vectors_load_end__ = __vectors_end__
                0x00000001                        . = ASSERT (((__vectors_start__ == __vectors_end__) || ((__vectors_end__ - __FLASH1_segment_start__) <= __FLASH1_segment_size__)), error: .vectors is too large to fit in FLASH1 memory segment)
                0x00000200                        __init_load_start__ = ALIGN (__vectors_end__, 0x4)

.init           0x00000200      0x1e0
                0x00000200                        __init_start__ = .
 *(.init .init.*)
 .init          0x00000200      0x16c Output/Debug/Obj/nfc_uart_tag_pca10040/thumb_crt0.o
                0x00000200                _start
                0x000002a8                exit
                0x000002a8                _Exit
 .init          0x0000036c       0x18 Output/Debug/Obj/nfc_uart_tag_pca10040/ses_startup_nrf52.o
                0x0000036c                NMI_Handler
                0x00000370                MemoryManagement_Handler
                0x00000372                BusFault_Handler
                0x00000374                UsageFault_Handler
                0x00000376                SVC_Handler
                0x00000378                DebugMon_Handler
                0x0000037a                PendSV_Handler
                0x0000037c                SysTick_Handler
                0x0000037e                PWM1_IRQHandler
                0x0000037e                GPIOTE_IRQHandler
                0x0000037e                SWI0_EGU0_IRQHandler
                0x0000037e                RADIO_IRQHandler
                0x0000037e                PDM_IRQHandler
                0x0000037e                TEMP_IRQHandler
                0x0000037e                QDEC_IRQHandler
                0x0000037e                RTC0_IRQHandler
                0x0000037e                FPU_IRQHandler
                0x0000037e                SPIM0_SPIS0_TWIM0_TWIS0_SPI0_TWI0_IRQHandler
                0x0000037e                SWI2_EGU2_IRQHandler
                0x0000037e                I2S_IRQHandler
                0x0000037e                SWI4_EGU4_IRQHandler
                0x0000037e                TIMER0_IRQHandler
                0x0000037e                Dummy_Handler
                0x0000037e                TIMER1_IRQHandler
                0x0000037e                PWM2_IRQHandler
                0x0000037e                ECB_IRQHandler
                0x0000037e                SPIM1_SPIS1_TWIM1_TWIS1_SPI1_TWI1_IRQHandler
                0x0000037e                SAADC_IRQHandler
                0x0000037e                CCM_AAR_IRQHandler
                0x0000037e                WDT_IRQHandler
                0x0000037e                TIMER3_IRQHandler
                0x0000037e                SWI5_EGU5_IRQHandler
                0x0000037e                RNG_IRQHandler
                0x0000037e                RTC2_IRQHandler
                0x0000037e                PWM0_IRQHandler
                0x0000037e                SWI3_EGU3_IRQHandler
                0x0000037e                RTC1_IRQHandler
                0x0000037e                SWI1_EGU1_IRQHandler
                0x0000037e                SPIM2_SPIS2_SPI2_IRQHandler
                0x0000037e                TIMER2_IRQHandler
                0x0000037e                MWU_IRQHandler
                0x0000037e                COMP_LPCOMP_IRQHandler
                0x00000380                nRFInitialize
 .init          0x00000384       0x5c Output/Debug/Obj/nfc_uart_tag_pca10040/ses_startup_nrf_common.o
                0x00000384                Reset_Handler
                0x00000388                afterInitialize
                0x000003ac                InitializeUserMemorySections
                0x000003e0                        __init_end__ = (__init_start__ + SIZEOF (.init))
                0x000001e0                        __init_size__ = SIZEOF (.init)
                0x000003e0                        __init_load_end__ = __init_end__
                0x00000001                        . = ASSERT (((__init_start__ == __init_end__) || ((__init_end__ - __FLASH1_segment_start__) <= __FLASH1_segment_size__)), error: .init is too large to fit in FLASH1 memory segment)
                0x000003e0                        __init_rodata_load_start__ = ALIGN (__init_end__, 0x4)

.init_rodata    0x000003e0        0x0
                0x000003e0                        __init_rodata_start__ = .
 *(.init_rodata .init_rodata.*)
                0x000003e0                        __init_rodata_end__ = (__init_rodata_start__ + SIZEOF (.init_rodata))
                0x00000000                        __init_rodata_size__ = SIZEOF (.init_rodata)
                0x000003e0                        __init_rodata_load_end__ = __init_rodata_end__
                0x00000001                        . = ASSERT (((__init_rodata_start__ == __init_rodata_end__) || ((__init_rodata_end__ - __FLASH1_segment_start__) <= __FLASH1_segment_size__)), error: .init_rodata is too large to fit in FLASH1 memory segment)
                0x000003e0                        __text_load_start__ = ALIGN (__init_rodata_end__, 0x4)

.text           0x000003e0     0x87c4
                0x000003e0                        __text_start__ = .
 *(.text .text.* .gnu.linkonce.t.* .glue_7t .glue_7 .gcc_except_table .ARM.extab* .gnu.linkonce.armextab.*)
 .glue_7        0x000003e0        0x0 linker stubs
 .glue_7t       0x000003e0        0x0 linker stubs
 .text.nrfx_coredep_delay_us
                0x000003e0       0x30 Output/Debug/Obj/nfc_uart_tag_pca10040/nrf_log_backend_rtt.o
 .text.nrf_delay_ms
                0x00000410       0x2a Output/Debug/Obj/nfc_uart_tag_pca10040/nrf_log_backend_rtt.o
 .text.nrf_log_backend_rtt_init
                0x0000043a        0xa Output/Debug/Obj/nfc_uart_tag_pca10040/nrf_log_backend_rtt.o
                0x0000043a                nrf_log_backend_rtt_init
 .text.serial_tx
                0x00000444       0x84 Output/Debug/Obj/nfc_uart_tag_pca10040/nrf_log_backend_rtt.o
 .text.nrf_log_backend_rtt_put
                0x000004c8       0x28 Output/Debug/Obj/nfc_uart_tag_pca10040/nrf_log_backend_rtt.o
 .text.nrf_log_backend_rtt_flush
                0x000004f0        0xa Output/Debug/Obj/nfc_uart_tag_pca10040/nrf_log_backend_rtt.o
 .text.nrf_log_backend_rtt_panic_set
                0x000004fa        0xa Output/Debug/Obj/nfc_uart_tag_pca10040/nrf_log_backend_rtt.o
 .text.nrf_log_backend_serial_put
                0x00000504      0x124 Output/Debug/Obj/nfc_uart_tag_pca10040/nrf_log_backend_serial.o
                0x00000504                nrf_log_backend_serial_put
 .text.nrf_log_backend_enable
                0x00000628       0x12 Output/Debug/Obj/nfc_uart_tag_pca10040/nrf_log_default_backends.o
 *fill*         0x0000063a        0x2 
 .text.nrf_log_default_backends_init
                0x0000063c       0x3c Output/Debug/Obj/nfc_uart_tag_pca10040/nrf_log_default_backends.o
                0x0000063c                nrf_log_default_backends_init
 .text.nrf_log_backend_put
                0x00000678       0x1c Output/Debug/Obj/nfc_uart_tag_pca10040/nrf_log_frontend.o
 .text.nrf_log_backend_panic_set
                0x00000694       0x18 Output/Debug/Obj/nfc_uart_tag_pca10040/nrf_log_frontend.o
 .text.nrf_log_backend_flush
                0x000006ac       0x18 Output/Debug/Obj/nfc_uart_tag_pca10040/nrf_log_frontend.o
 .text.nrf_log_backend_id_set
                0x000006c4       0x1a Output/Debug/Obj/nfc_uart_tag_pca10040/nrf_log_frontend.o
 .text.nrf_log_backend_id_get
                0x000006de       0x10 Output/Debug/Obj/nfc_uart_tag_pca10040/nrf_log_frontend.o
 .text.nrf_log_backend_enable
                0x000006ee       0x12 Output/Debug/Obj/nfc_uart_tag_pca10040/nrf_log_frontend.o
 .text.nrf_log_backend_is_enabled
                0x00000700       0x10 Output/Debug/Obj/nfc_uart_tag_pca10040/nrf_log_frontend.o
 .text.nrf_log_init
                0x00000710       0x50 Output/Debug/Obj/nfc_uart_tag_pca10040/nrf_log_frontend.o
                0x00000710                nrf_log_init
 .text.nrf_log_module_cnt_get
                0x00000760       0x14 Output/Debug/Obj/nfc_uart_tag_pca10040/nrf_log_frontend.o
                0x00000760                nrf_log_module_cnt_get
 .text.module_idx_get
                0x00000774       0x64 Output/Debug/Obj/nfc_uart_tag_pca10040/nrf_log_frontend.o
 .text.nrf_log_module_name_get
                0x000007d8       0x40 Output/Debug/Obj/nfc_uart_tag_pca10040/nrf_log_frontend.o
                0x000007d8                nrf_log_module_name_get
 .text.nrf_log_color_id_get
                0x00000818       0x70 Output/Debug/Obj/nfc_uart_tag_pca10040/nrf_log_frontend.o
                0x00000818                nrf_log_color_id_get
 .text.invalid_packets_omit
                0x00000888       0x6e Output/Debug/Obj/nfc_uart_tag_pca10040/nrf_log_frontend.o
 *fill*         0x000008f6        0x2 
 .text.log_skip
                0x000008f8      0x118 Output/Debug/Obj/nfc_uart_tag_pca10040/nrf_log_frontend.o
 .text.dropped_sat16_get
                0x00000a10       0x28 Output/Debug/Obj/nfc_uart_tag_pca10040/nrf_log_frontend.o
 .text.std_header_set
                0x00000a38       0xb4 Output/Debug/Obj/nfc_uart_tag_pca10040/nrf_log_frontend.o
 .text.log_pending_hook
                0x00000aec        0x4 Output/Debug/Obj/nfc_uart_tag_pca10040/nrf_log_frontend.o
                0x00000aec                log_pending_hook
 .text.buf_prealloc
                0x00000af0      0x128 Output/Debug/Obj/nfc_uart_tag_pca10040/nrf_log_frontend.o
 .text.std_n    0x00000c18       0x94 Output/Debug/Obj/nfc_uart_tag_pca10040/nrf_log_frontend.o
 .text.nrf_log_frontend_std_0
                0x00000cac       0x1c Output/Debug/Obj/nfc_uart_tag_pca10040/nrf_log_frontend.o
                0x00000cac                nrf_log_frontend_std_0
 .text.nrf_log_frontend_std_1
                0x00000cc8       0x22 Output/Debug/Obj/nfc_uart_tag_pca10040/nrf_log_frontend.o
                0x00000cc8                nrf_log_frontend_std_1
 .text.nrf_log_frontend_std_2
                0x00000cea       0x28 Output/Debug/Obj/nfc_uart_tag_pca10040/nrf_log_frontend.o
                0x00000cea                nrf_log_frontend_std_2
 .text.nrf_log_frontend_std_3
                0x00000d12       0x2c Output/Debug/Obj/nfc_uart_tag_pca10040/nrf_log_frontend.o
                0x00000d12                nrf_log_frontend_std_3
 .text.nrf_log_frontend_std_4
                0x00000d3e       0x30 Output/Debug/Obj/nfc_uart_tag_pca10040/nrf_log_frontend.o
                0x00000d3e                nrf_log_frontend_std_4
 .text.nrf_log_frontend_std_5
                0x00000d6e       0x34 Output/Debug/Obj/nfc_uart_tag_pca10040/nrf_log_frontend.o
                0x00000d6e                nrf_log_frontend_std_5
 *fill*         0x00000da2        0x2 
 .text.buffer_is_empty
                0x00000da4       0x1c Output/Debug/Obj/nfc_uart_tag_pca10040/nrf_log_frontend.o
                0x00000da4                buffer_is_empty
 .text.nrf_log_frontend_dequeue
                0x00000dc0      0x3a0 Output/Debug/Obj/nfc_uart_tag_pca10040/nrf_log_frontend.o
                0x00000dc0                nrf_log_frontend_dequeue
 .text.backend_id_assign
                0x00001160       0x68 Output/Debug/Obj/nfc_uart_tag_pca10040/nrf_log_frontend.o
 .text.nrf_log_backend_add
                0x000011c8       0x70 Output/Debug/Obj/nfc_uart_tag_pca10040/nrf_log_frontend.o
                0x000011c8                nrf_log_backend_add
 .text.nrf_log_panic
                0x00001238       0x3c Output/Debug/Obj/nfc_uart_tag_pca10040/nrf_log_frontend.o
                0x00001238                nrf_log_panic
 .text.timestamp_print
                0x00001274        0xc Output/Debug/Obj/nfc_uart_tag_pca10040/nrf_log_str_formatter.o
 .text.prefix_process
                0x00001280       0xb0 Output/Debug/Obj/nfc_uart_tag_pca10040/nrf_log_str_formatter.o
 .text.postfix_process
                0x00001330       0x60 Output/Debug/Obj/nfc_uart_tag_pca10040/nrf_log_str_formatter.o
 .text.nrf_log_std_entry_process
                0x00001390      0x144 Output/Debug/Obj/nfc_uart_tag_pca10040/nrf_log_str_formatter.o
                0x00001390                nrf_log_std_entry_process
 .text.nrf_log_hexdump_entry_process
                0x000014d4       0xf0 Output/Debug/Obj/nfc_uart_tag_pca10040/nrf_log_str_formatter.o
                0x000014d4                nrf_log_hexdump_entry_process
 .text.nrf_gpio_pin_port_decode
                0x000015c4       0x30 Output/Debug/Obj/nfc_uart_tag_pca10040/boards.o
 .text.nrf_gpio_cfg
                0x000015f4       0x62 Output/Debug/Obj/nfc_uart_tag_pca10040/boards.o
 .text.nrf_gpio_cfg_output
                0x00001656       0x22 Output/Debug/Obj/nfc_uart_tag_pca10040/boards.o
 .text.nrf_gpio_cfg_input
                0x00001678       0x2a Output/Debug/Obj/nfc_uart_tag_pca10040/boards.o
 .text.nrf_gpio_pin_set
                0x000016a2       0x28 Output/Debug/Obj/nfc_uart_tag_pca10040/boards.o
 .text.nrf_gpio_pin_clear
                0x000016ca       0x28 Output/Debug/Obj/nfc_uart_tag_pca10040/boards.o
 .text.nrf_gpio_pin_write
                0x000016f2       0x24 Output/Debug/Obj/nfc_uart_tag_pca10040/boards.o
 .text.nrf_gpio_port_out_set
                0x00001716       0x14 Output/Debug/Obj/nfc_uart_tag_pca10040/boards.o
 .text.nrf_gpio_port_out_clear
                0x0000172a       0x14 Output/Debug/Obj/nfc_uart_tag_pca10040/boards.o
 .text.nrf_gpio_pin_present_check
                0x0000173e       0x38 Output/Debug/Obj/nfc_uart_tag_pca10040/boards.o
 *fill*         0x00001776        0x2 
 .text.bsp_board_led_on
                0x00001778       0x34 Output/Debug/Obj/nfc_uart_tag_pca10040/boards.o
                0x00001778                bsp_board_led_on
 .text.bsp_board_led_off
                0x000017ac       0x34 Output/Debug/Obj/nfc_uart_tag_pca10040/boards.o
                0x000017ac                bsp_board_led_off
 .text.bsp_board_leds_off
                0x000017e0       0x26 Output/Debug/Obj/nfc_uart_tag_pca10040/boards.o
                0x000017e0                bsp_board_leds_off
 *fill*         0x00001806        0x2 
 .text.bsp_board_leds_init
                0x00001808       0x34 Output/Debug/Obj/nfc_uart_tag_pca10040/boards.o
 .text.bsp_board_buttons_init
                0x0000183c       0x34 Output/Debug/Obj/nfc_uart_tag_pca10040/boards.o
 .text.bsp_board_init
                0x00001870       0x2a Output/Debug/Obj/nfc_uart_tag_pca10040/boards.o
                0x00001870                bsp_board_init
 .text.app_error_handler
                0x0000189a       0x1c Output/Debug/Obj/nfc_uart_tag_pca10040/app_error_handler_gcc.o
                0x0000189a                app_error_handler
 *fill*         0x000018b6        0x2 
 .text.__NVIC_SystemReset
                0x000018b8       0x28 Output/Debug/Obj/nfc_uart_tag_pca10040/app_error_weak.o
 .text.app_error_fault_handler
                0x000018e0      0x104 Output/Debug/Obj/nfc_uart_tag_pca10040/app_error_weak.o
                0x000018e0                app_error_fault_handler
 .text.fifo_length
                0x000019e4       0x18 Output/Debug/Obj/nfc_uart_tag_pca10040/app_fifo.o
 .text.fifo_put
                0x000019fc       0x30 Output/Debug/Obj/nfc_uart_tag_pca10040/app_fifo.o
 .text.fifo_peek
                0x00001a2c       0x2e Output/Debug/Obj/nfc_uart_tag_pca10040/app_fifo.o
 .text.fifo_get
                0x00001a5a       0x24 Output/Debug/Obj/nfc_uart_tag_pca10040/app_fifo.o
 .text.app_fifo_init
                0x00001a7e       0x58 Output/Debug/Obj/nfc_uart_tag_pca10040/app_fifo.o
                0x00001a7e                app_fifo_init
 .text.app_fifo_put
                0x00001ad6       0x36 Output/Debug/Obj/nfc_uart_tag_pca10040/app_fifo.o
                0x00001ad6                app_fifo_put
 .text.app_fifo_get
                0x00001b0c       0x2a Output/Debug/Obj/nfc_uart_tag_pca10040/app_fifo.o
                0x00001b0c                app_fifo_get
 .text.app_fifo_flush
                0x00001b36       0x14 Output/Debug/Obj/nfc_uart_tag_pca10040/app_fifo.o
                0x00001b36                app_fifo_flush
 .text.app_fifo_read
                0x00001b4a       0x80 Output/Debug/Obj/nfc_uart_tag_pca10040/app_fifo.o
                0x00001b4a                app_fifo_read
 .text.app_fifo_write
                0x00001bca       0x8c Output/Debug/Obj/nfc_uart_tag_pca10040/app_fifo.o
                0x00001bca                app_fifo_write
 *fill*         0x00001c56        0x2 
 .text.nrf_drv_uart_tx
                0x00001c58       0x64 Output/Debug/Obj/nfc_uart_tag_pca10040/app_uart_fifo.o
 .text.nrf_drv_uart_tx_in_progress
                0x00001cbc       0x5c Output/Debug/Obj/nfc_uart_tag_pca10040/app_uart_fifo.o
 .text.nrf_drv_uart_rx
                0x00001d18       0x64 Output/Debug/Obj/nfc_uart_tag_pca10040/app_uart_fifo.o
 .text.fifo_length
                0x00001d7c       0x18 Output/Debug/Obj/nfc_uart_tag_pca10040/app_uart_fifo.o
 .text.uart_event_handler
                0x00001d94      0x110 Output/Debug/Obj/nfc_uart_tag_pca10040/app_uart_fifo.o
 .text.app_uart_init
                0x00001ea4      0x120 Output/Debug/Obj/nfc_uart_tag_pca10040/app_uart_fifo.o
                0x00001ea4                app_uart_init
 .text.app_uart_flush
                0x00001fc4       0x44 Output/Debug/Obj/nfc_uart_tag_pca10040/app_uart_fifo.o
                0x00001fc4                app_uart_flush
 .text.app_uart_get
                0x00002008       0x74 Output/Debug/Obj/nfc_uart_tag_pca10040/app_uart_fifo.o
                0x00002008                app_uart_get
 .text.app_uart_put
                0x0000207c       0x60 Output/Debug/Obj/nfc_uart_tag_pca10040/app_uart_fifo.o
                0x0000207c                app_uart_put
 .text.app_util_disable_irq
                0x000020dc       0x18 Output/Debug/Obj/nfc_uart_tag_pca10040/app_util_platform.o
                0x000020dc                app_util_disable_irq
 .text.app_util_enable_irq
                0x000020f4       0x20 Output/Debug/Obj/nfc_uart_tag_pca10040/app_util_platform.o
                0x000020f4                app_util_enable_irq
 .text.app_util_critical_region_enter
                0x00002114       0x28 Output/Debug/Obj/nfc_uart_tag_pca10040/app_util_platform.o
                0x00002114                app_util_critical_region_enter
 .text.app_util_critical_region_exit
                0x0000213c       0x2c Output/Debug/Obj/nfc_uart_tag_pca10040/app_util_platform.o
                0x0000213c                app_util_critical_region_exit
 .text.privilege_level_get
                0x00002168       0x3a Output/Debug/Obj/nfc_uart_tag_pca10040/app_util_platform.o
                0x00002168                privilege_level_get
 *fill*         0x000021a2        0x2 
 .text.HardFault_Handler
                0x000021a4       0x38 Output/Debug/Obj/nfc_uart_tag_pca10040/hardfault_handler_gcc.o
                0x000021a4                HardFault_Handler
 .text.__NVIC_SystemReset
                0x000021dc       0x28 Output/Debug/Obj/nfc_uart_tag_pca10040/hardfault_implementation.o
 .text.HardFault_process
                0x00002204        0xa Output/Debug/Obj/nfc_uart_tag_pca10040/hardfault_implementation.o
                0x00002204                HardFault_process
 *fill*         0x0000220e        0x2 
 .text.HardFault_c_handler
                0x00002210      0x1ac Output/Debug/Obj/nfc_uart_tag_pca10040/hardfault_implementation.o
                0x00002210                HardFault_c_handler
 .text.assert_nrf_callback
                0x000023bc       0x2c Output/Debug/Obj/nfc_uart_tag_pca10040/nrf_assert.o
                0x000023bc                assert_nrf_callback
 .text.nrf_atomic_u32_fetch_store
                0x000023e8       0x2e Output/Debug/Obj/nfc_uart_tag_pca10040/nrf_atomic.o
                0x000023e8                nrf_atomic_u32_fetch_store
 .text.nrf_atomic_u32_or
                0x00002416       0x30 Output/Debug/Obj/nfc_uart_tag_pca10040/nrf_atomic.o
                0x00002416                nrf_atomic_u32_or
 .text.nrf_atomic_u32_fetch_and
                0x00002446       0x30 Output/Debug/Obj/nfc_uart_tag_pca10040/nrf_atomic.o
                0x00002446                nrf_atomic_u32_fetch_and
 .text.nrf_atomic_u32_add
                0x00002476       0x30 Output/Debug/Obj/nfc_uart_tag_pca10040/nrf_atomic.o
                0x00002476                nrf_atomic_u32_add
 .text.nrf_atomic_u32_sub
                0x000024a6       0x30 Output/Debug/Obj/nfc_uart_tag_pca10040/nrf_atomic.o
                0x000024a6                nrf_atomic_u32_sub
 .text.nrf_atomic_flag_set
                0x000024d6       0x18 Output/Debug/Obj/nfc_uart_tag_pca10040/nrf_atomic.o
                0x000024d6                nrf_atomic_flag_set
 .text.nrf_atomic_flag_clear_fetch
                0x000024ee       0x18 Output/Debug/Obj/nfc_uart_tag_pca10040/nrf_atomic.o
                0x000024ee                nrf_atomic_flag_clear_fetch
 *fill*         0x00002506        0x2 
 .text.nrf_balloc_idx2block
                0x00002508       0x38 Output/Debug/Obj/nfc_uart_tag_pca10040/nrf_balloc.o
 .text.nrf_balloc_block2idx
                0x00002540       0x34 Output/Debug/Obj/nfc_uart_tag_pca10040/nrf_balloc.o
 .text.nrf_balloc_init
                0x00002574       0xb8 Output/Debug/Obj/nfc_uart_tag_pca10040/nrf_balloc.o
                0x00002574                nrf_balloc_init
 .text.nrf_balloc_alloc
                0x0000262c       0x84 Output/Debug/Obj/nfc_uart_tag_pca10040/nrf_balloc.o
                0x0000262c                nrf_balloc_alloc
 .text.nrf_balloc_free
                0x000026b0       0x58 Output/Debug/Obj/nfc_uart_tag_pca10040/nrf_balloc.o
                0x000026b0                nrf_balloc_free
 .text.nrf_fprintf_buffer_flush
                0x00002708       0x44 Output/Debug/Obj/nfc_uart_tag_pca10040/nrf_fprintf.o
                0x00002708                nrf_fprintf_buffer_flush
 .text.nrf_fprintf
                0x0000274c       0x74 Output/Debug/Obj/nfc_uart_tag_pca10040/nrf_fprintf.o
                0x0000274c                nrf_fprintf
 .text.buffer_add
                0x000027c0       0x4c Output/Debug/Obj/nfc_uart_tag_pca10040/nrf_fprintf_format.o
 .text.string_print
                0x0000280c       0xc2 Output/Debug/Obj/nfc_uart_tag_pca10040/nrf_fprintf_format.o
 *fill*         0x000028ce        0x2 
 .text.unsigned_print
                0x000028d0      0x130 Output/Debug/Obj/nfc_uart_tag_pca10040/nrf_fprintf_format.o
 .text.int_print
                0x00002a00      0x11c Output/Debug/Obj/nfc_uart_tag_pca10040/nrf_fprintf_format.o
 .text.nrf_fprintf_fmt
                0x00002b1c      0x388 Output/Debug/Obj/nfc_uart_tag_pca10040/nrf_fprintf_format.o
                0x00002b1c                nrf_fprintf_fmt
 .text.nrf_memobj_pool_init
                0x00002ea4       0x16 Output/Debug/Obj/nfc_uart_tag_pca10040/nrf_memobj.o
                0x00002ea4                nrf_memobj_pool_init
 .text.nrf_memobj_alloc
                0x00002eba       0xae Output/Debug/Obj/nfc_uart_tag_pca10040/nrf_memobj.o
                0x00002eba                nrf_memobj_alloc
 .text.nrf_memobj_free
                0x00002f68       0x74 Output/Debug/Obj/nfc_uart_tag_pca10040/nrf_memobj.o
                0x00002f68                nrf_memobj_free
 .text.nrf_memobj_get
                0x00002fdc       0x1e Output/Debug/Obj/nfc_uart_tag_pca10040/nrf_memobj.o
                0x00002fdc                nrf_memobj_get
 .text.nrf_memobj_put
                0x00002ffa       0x34 Output/Debug/Obj/nfc_uart_tag_pca10040/nrf_memobj.o
                0x00002ffa                nrf_memobj_put
 *fill*         0x0000302e        0x2 
 .text.memobj_op
                0x00003030      0x124 Output/Debug/Obj/nfc_uart_tag_pca10040/nrf_memobj.o
 .text.nrf_memobj_write
                0x00003154       0x3c Output/Debug/Obj/nfc_uart_tag_pca10040/nrf_memobj.o
                0x00003154                nrf_memobj_write
 .text.nrf_memobj_read
                0x00003190       0x40 Output/Debug/Obj/nfc_uart_tag_pca10040/nrf_memobj.o
                0x00003190                nrf_memobj_read
 .text.nrf_ringbuf_init
                0x000031d0       0x3a Output/Debug/Obj/nfc_uart_tag_pca10040/nrf_ringbuf.o
                0x000031d0                nrf_ringbuf_init
 *fill*         0x0000320a        0x2 
 .text.nrf_strerror_get
                0x0000320c       0x28 Output/Debug/Obj/nfc_uart_tag_pca10040/nrf_strerror.o
                0x0000320c                nrf_strerror_get
 .text.nrf_strerror_find
                0x00003234       0x68 Output/Debug/Obj/nfc_uart_tag_pca10040/nrf_strerror.o
                0x00003234                nrf_strerror_find
 .text.nrf_wdt_started
                0x0000329c       0x18 Output/Debug/Obj/nfc_uart_tag_pca10040/nrf_drv_clock.o
 .text.hfclk_start
                0x000032b4        0xa Output/Debug/Obj/nfc_uart_tag_pca10040/nrf_drv_clock.o
 *fill*         0x000032be        0x2 
 .text.hfclk_stop
                0x000032c0       0x14 Output/Debug/Obj/nfc_uart_tag_pca10040/nrf_drv_clock.o
 .text.nrf_drv_clock_init
                0x000032d4       0x64 Output/Debug/Obj/nfc_uart_tag_pca10040/nrf_drv_clock.o
                0x000032d4                nrf_drv_clock_init
 .text.item_enqueue
                0x00003338       0x38 Output/Debug/Obj/nfc_uart_tag_pca10040/nrf_drv_clock.o
 .text.item_dequeue
                0x00003370       0x20 Output/Debug/Obj/nfc_uart_tag_pca10040/nrf_drv_clock.o
 .text.nrf_drv_clock_hfclk_request
                0x00003390       0xa0 Output/Debug/Obj/nfc_uart_tag_pca10040/nrf_drv_clock.o
                0x00003390                nrf_drv_clock_hfclk_request
 .text.nrf_drv_clock_hfclk_release
                0x00003430       0x54 Output/Debug/Obj/nfc_uart_tag_pca10040/nrf_drv_clock.o
                0x00003430                nrf_drv_clock_hfclk_release
 .text.clock_clk_started_notify
                0x00003484       0x4c Output/Debug/Obj/nfc_uart_tag_pca10040/nrf_drv_clock.o
 .text.clock_irq_handler
                0x000034d0       0x40 Output/Debug/Obj/nfc_uart_tag_pca10040/nrf_drv_clock.o
 .text.uarte_evt_handler
                0x00003510       0x50 Output/Debug/Obj/nfc_uart_tag_pca10040/nrf_drv_uart.o
 .text.uart_evt_handler
                0x00003560       0x50 Output/Debug/Obj/nfc_uart_tag_pca10040/nrf_drv_uart.o
 .text.nrf_drv_uart_init
                0x000035b0       0xc0 Output/Debug/Obj/nfc_uart_tag_pca10040/nrf_drv_uart.o
                0x000035b0                nrf_drv_uart_init
 .text.__NVIC_EnableIRQ
                0x00003670       0x34 Output/Debug/Obj/nfc_uart_tag_pca10040/nrfx_clock.o
 .text.__NVIC_SetPriority
                0x000036a4       0x50 Output/Debug/Obj/nfc_uart_tag_pca10040/nrfx_clock.o
 .text.nrfx_get_irq_number
                0x000036f4       0x10 Output/Debug/Obj/nfc_uart_tag_pca10040/nrfx_clock.o
 .text._NRFX_IRQ_PRIORITY_SET
                0x00003704       0x40 Output/Debug/Obj/nfc_uart_tag_pca10040/nrfx_clock.o
 .text._NRFX_IRQ_ENABLE
                0x00003744       0x1c Output/Debug/Obj/nfc_uart_tag_pca10040/nrfx_clock.o
 .text._NRFX_IRQ_IS_ENABLED
                0x00003760       0x4c Output/Debug/Obj/nfc_uart_tag_pca10040/nrfx_clock.o
 .text.nrf_clock_int_enable
                0x000037ac       0x14 Output/Debug/Obj/nfc_uart_tag_pca10040/nrfx_clock.o
 .text.nrf_clock_int_disable
                0x000037c0       0x14 Output/Debug/Obj/nfc_uart_tag_pca10040/nrfx_clock.o
 .text.nrf_clock_task_trigger
                0x000037d4       0x1a Output/Debug/Obj/nfc_uart_tag_pca10040/nrfx_clock.o
 .text.nrf_clock_event_clear
                0x000037ee       0x28 Output/Debug/Obj/nfc_uart_tag_pca10040/nrfx_clock.o
 .text.nrf_clock_event_check
                0x00003816       0x22 Output/Debug/Obj/nfc_uart_tag_pca10040/nrfx_clock.o
 .text.nrf_clock_lf_src_set
                0x00003838       0x14 Output/Debug/Obj/nfc_uart_tag_pca10040/nrfx_clock.o
 .text.nrf_clock_hf_is_running
                0x0000384c       0x2c Output/Debug/Obj/nfc_uart_tag_pca10040/nrfx_clock.o
 .text.nrfx_power_clock_irq_init
                0x00003878       0x56 Output/Debug/Obj/nfc_uart_tag_pca10040/nrfx_clock.o
 *fill*         0x000038ce        0x2 
 .text.nrfx_clock_init
                0x000038d0       0x4c Output/Debug/Obj/nfc_uart_tag_pca10040/nrfx_clock.o
                0x000038d0                nrfx_clock_init
 .text.nrfx_clock_enable
                0x0000391c       0x28 Output/Debug/Obj/nfc_uart_tag_pca10040/nrfx_clock.o
                0x0000391c                nrfx_clock_enable
 .text.nrfx_clock_hfclk_start
                0x00003944       0x34 Output/Debug/Obj/nfc_uart_tag_pca10040/nrfx_clock.o
                0x00003944                nrfx_clock_hfclk_start
 .text.nrfx_clock_hfclk_stop
                0x00003978       0x48 Output/Debug/Obj/nfc_uart_tag_pca10040/nrfx_clock.o
                0x00003978                nrfx_clock_hfclk_stop
 .text.POWER_CLOCK_IRQHandler
                0x000039c0       0x68 Output/Debug/Obj/nfc_uart_tag_pca10040/nrfx_clock.o
                0x000039c0                POWER_CLOCK_IRQHandler
 .text.__NVIC_EnableIRQ
                0x00003a28       0x34 Output/Debug/Obj/nfc_uart_tag_pca10040/nrfx_nfct.o
 .text.__NVIC_ClearPendingIRQ
                0x00003a5c       0x38 Output/Debug/Obj/nfc_uart_tag_pca10040/nrfx_nfct.o
 .text.__NVIC_SetPriority
                0x00003a94       0x50 Output/Debug/Obj/nfc_uart_tag_pca10040/nrfx_nfct.o
 .text._NRFX_IRQ_PRIORITY_SET
                0x00003ae4       0x40 Output/Debug/Obj/nfc_uart_tag_pca10040/nrfx_nfct.o
 .text._NRFX_IRQ_ENABLE
                0x00003b24       0x1c Output/Debug/Obj/nfc_uart_tag_pca10040/nrfx_nfct.o
 .text._NRFX_IRQ_PENDING_CLEAR
                0x00003b40       0x1c Output/Debug/Obj/nfc_uart_tag_pca10040/nrfx_nfct.o
 .text.nrf_nfct_task_trigger
                0x00003b5c       0x1e Output/Debug/Obj/nfc_uart_tag_pca10040/nrfx_nfct.o
 .text.nrf_nfct_event_clear
                0x00003b7a       0x24 Output/Debug/Obj/nfc_uart_tag_pca10040/nrfx_nfct.o
 .text.nrf_nfct_event_check
                0x00003b9e       0x26 Output/Debug/Obj/nfc_uart_tag_pca10040/nrfx_nfct.o
 .text.nrf_nfct_int_enable
                0x00003bc4       0x18 Output/Debug/Obj/nfc_uart_tag_pca10040/nrfx_nfct.o
 .text.nrf_nfct_int_enable_check
                0x00003bdc       0x24 Output/Debug/Obj/nfc_uart_tag_pca10040/nrfx_nfct.o
 .text.nrf_nfct_int_enable_get
                0x00003c00       0x10 Output/Debug/Obj/nfc_uart_tag_pca10040/nrfx_nfct.o
 .text.nrf_nfct_int_disable
                0x00003c10       0x18 Output/Debug/Obj/nfc_uart_tag_pca10040/nrfx_nfct.o
 .text.nrf_nfct_error_status_get
                0x00003c28       0x10 Output/Debug/Obj/nfc_uart_tag_pca10040/nrfx_nfct.o
 .text.nrf_nfct_error_status_clear
                0x00003c38       0x18 Output/Debug/Obj/nfc_uart_tag_pca10040/nrfx_nfct.o
 .text.nrf_nfct_rx_frame_status_get
                0x00003c50       0x10 Output/Debug/Obj/nfc_uart_tag_pca10040/nrfx_nfct.o
 .text.nrf_nfct_rx_frame_status_clear
                0x00003c60       0x18 Output/Debug/Obj/nfc_uart_tag_pca10040/nrfx_nfct.o
 .text.nrf_nfct_field_status_get
                0x00003c78       0x10 Output/Debug/Obj/nfc_uart_tag_pca10040/nrfx_nfct.o
 .text.nrf_nfct_frame_delay_max_get
                0x00003c88       0x10 Output/Debug/Obj/nfc_uart_tag_pca10040/nrfx_nfct.o
 .text.nrf_nfct_frame_delay_max_set
                0x00003c98       0x18 Output/Debug/Obj/nfc_uart_tag_pca10040/nrfx_nfct.o
 .text.nrf_nfct_frame_delay_mode_set
                0x00003cb0       0x1c Output/Debug/Obj/nfc_uart_tag_pca10040/nrfx_nfct.o
 .text.nrf_nfct_rxtx_buffer_get
                0x00003ccc       0x10 Output/Debug/Obj/nfc_uart_tag_pca10040/nrfx_nfct.o
 .text.nrf_nfct_rxtx_buffer_set
                0x00003cdc       0x2c Output/Debug/Obj/nfc_uart_tag_pca10040/nrfx_nfct.o
 .text.nrf_nfct_tx_bits_get
                0x00003d08       0x18 Output/Debug/Obj/nfc_uart_tag_pca10040/nrfx_nfct.o
 .text.nrf_nfct_tx_bits_set
                0x00003d20       0x20 Output/Debug/Obj/nfc_uart_tag_pca10040/nrfx_nfct.o
 .text.nrf_nfct_rx_bits_get
                0x00003d40       0x38 Output/Debug/Obj/nfc_uart_tag_pca10040/nrfx_nfct.o
 .text.nrf_nfct_nfcid1_get
                0x00003d78       0xd0 Output/Debug/Obj/nfc_uart_tag_pca10040/nrfx_nfct.o
 .text.nrf_nfct_nfcid1_set
                0x00003e48       0xc4 Output/Debug/Obj/nfc_uart_tag_pca10040/nrfx_nfct.o
 .text.nrf_nfct_sensres_bit_frame_sdd_set
                0x00003f0c       0x28 Output/Debug/Obj/nfc_uart_tag_pca10040/nrfx_nfct.o
 .text.nrf_nfct_selsres_protocol_get
                0x00003f34       0x18 Output/Debug/Obj/nfc_uart_tag_pca10040/nrfx_nfct.o
 .text.nrf_nfct_selres_protocol_set
                0x00003f4c       0x2c Output/Debug/Obj/nfc_uart_tag_pca10040/nrfx_nfct.o
 .text.nrf_timer_frequency_get
                0x00003f78       0x12 Output/Debug/Obj/nfc_uart_tag_pca10040/nrfx_nfct.o
 *fill*         0x00003f8a        0x2 
 .text.nrf_timer_us_to_ticks
                0x00003f8c       0x6c Output/Debug/Obj/nfc_uart_tag_pca10040/nrfx_nfct.o
 .text.nrfx_timer_us_to_ticks
                0x00003ff8       0x26 Output/Debug/Obj/nfc_uart_tag_pca10040/nrfx_nfct.o
 .text.nrfx_nfct_hw_init_setup
                0x0000401e       0x12 Output/Debug/Obj/nfc_uart_tag_pca10040/nrfx_nfct.o
 .text.nrfx_nfct_frame_delay_max_set
                0x00004030       0x34 Output/Debug/Obj/nfc_uart_tag_pca10040/nrfx_nfct.o
 .text.nrfx_nfct_field_event_handler
                0x00004064       0xcc Output/Debug/Obj/nfc_uart_tag_pca10040/nrfx_nfct.o
 .text.nrfx_nfct_reset
                0x00004130       0x74 Output/Debug/Obj/nfc_uart_tag_pca10040/nrfx_nfct.o
 .text.nrfx_nfct_field_poll
                0x000041a4       0x78 Output/Debug/Obj/nfc_uart_tag_pca10040/nrfx_nfct.o
 .text.nrfx_nfct_field_timer_handler
                0x0000421c       0x24 Output/Debug/Obj/nfc_uart_tag_pca10040/nrfx_nfct.o
 .text.nrfx_nfct_field_timer_config
                0x00004240       0x5c Output/Debug/Obj/nfc_uart_tag_pca10040/nrfx_nfct.o
 .text.nrf_nfct_nfcid1_size_to_sensres_size
                0x0000429c       0x32 Output/Debug/Obj/nfc_uart_tag_pca10040/nrfx_nfct.o
 *fill*         0x000042ce        0x2 
 .text.nrfx_nfct_rxtx_int_enable
                0x000042d0       0x20 Output/Debug/Obj/nfc_uart_tag_pca10040/nrfx_nfct.o
 .text.nrfx_nfct_init
                0x000042f0       0xa0 Output/Debug/Obj/nfc_uart_tag_pca10040/nrfx_nfct.o
                0x000042f0                nrfx_nfct_init
 .text.nrfx_nfct_enable
                0x00004390       0x1c Output/Debug/Obj/nfc_uart_tag_pca10040/nrfx_nfct.o
                0x00004390                nrfx_nfct_enable
 .text.nrfx_nfct_field_check
                0x000043ac       0x2e Output/Debug/Obj/nfc_uart_tag_pca10040/nrfx_nfct.o
                0x000043ac                nrfx_nfct_field_check
 *fill*         0x000043da        0x2 
 .text.nrfx_nfct_rx
                0x000043dc       0x44 Output/Debug/Obj/nfc_uart_tag_pca10040/nrfx_nfct.o
                0x000043dc                nrfx_nfct_rx
 .text.nrfx_nfct_tx
                0x00004420       0xc0 Output/Debug/Obj/nfc_uart_tag_pca10040/nrfx_nfct.o
                0x00004420                nrfx_nfct_tx
 .text.nrfx_nfct_state_force
                0x000044e0       0x1c Output/Debug/Obj/nfc_uart_tag_pca10040/nrfx_nfct.o
                0x000044e0                nrfx_nfct_state_force
 .text.nrfx_nfct_init_substate_force
                0x000044fc       0x54 Output/Debug/Obj/nfc_uart_tag_pca10040/nrfx_nfct.o
                0x000044fc                nrfx_nfct_init_substate_force
 .text.nrfx_nfct_parameter_set
                0x00004550       0xa8 Output/Debug/Obj/nfc_uart_tag_pca10040/nrfx_nfct.o
                0x00004550                nrfx_nfct_parameter_set
 .text.nrfx_nfct_nfcid1_default_bytes_get
                0x000045f8       0xdc Output/Debug/Obj/nfc_uart_tag_pca10040/nrfx_nfct.o
                0x000045f8                nrfx_nfct_nfcid1_default_bytes_get
 .text.nrfx_nfct_autocolres_enable
                0x000046d4       0x14 Output/Debug/Obj/nfc_uart_tag_pca10040/nrfx_nfct.o
                0x000046d4                nrfx_nfct_autocolres_enable
 .text.nrfx_nfct_autocolres_disable
                0x000046e8       0x14 Output/Debug/Obj/nfc_uart_tag_pca10040/nrfx_nfct.o
                0x000046e8                nrfx_nfct_autocolres_disable
 .text.NFCT_IRQHandler
                0x000046fc      0x26c Output/Debug/Obj/nfc_uart_tag_pca10040/nrfx_nfct.o
                0x000046fc                NFCT_IRQHandler
 .text.UARTE0_UART0_IRQHandler
                0x00004968       0x24 Output/Debug/Obj/nfc_uart_tag_pca10040/nrfx_prs.o
                0x00004968                UARTE0_UART0_IRQHandler
 .text.prs_box_get
                0x0000498c       0x20 Output/Debug/Obj/nfc_uart_tag_pca10040/nrfx_prs.o
 .text.nrfx_prs_acquire
                0x000049ac       0x74 Output/Debug/Obj/nfc_uart_tag_pca10040/nrfx_prs.o
                0x000049ac                nrfx_prs_acquire
 .text.__NVIC_EnableIRQ
                0x00004a20       0x34 Output/Debug/Obj/nfc_uart_tag_pca10040/nrfx_timer.o
 .text.__NVIC_SetPriority
                0x00004a54       0x50 Output/Debug/Obj/nfc_uart_tag_pca10040/nrfx_timer.o
 .text.nrfx_get_irq_number
                0x00004aa4       0x10 Output/Debug/Obj/nfc_uart_tag_pca10040/nrfx_timer.o
 .text._NRFX_IRQ_PRIORITY_SET
                0x00004ab4       0x40 Output/Debug/Obj/nfc_uart_tag_pca10040/nrfx_timer.o
 .text._NRFX_IRQ_ENABLE
                0x00004af4       0x1c Output/Debug/Obj/nfc_uart_tag_pca10040/nrfx_timer.o
 .text.nrf_timer_task_trigger
                0x00004b10       0x1c Output/Debug/Obj/nfc_uart_tag_pca10040/nrfx_timer.o
 .text.nrf_timer_event_clear
                0x00004b2c       0x2a Output/Debug/Obj/nfc_uart_tag_pca10040/nrfx_timer.o
 .text.nrf_timer_event_check
                0x00004b56       0x24 Output/Debug/Obj/nfc_uart_tag_pca10040/nrfx_timer.o
 .text.nrf_timer_shorts_enable
                0x00004b7a       0x1c Output/Debug/Obj/nfc_uart_tag_pca10040/nrfx_timer.o
 .text.nrf_timer_shorts_disable
                0x00004b96       0x1e Output/Debug/Obj/nfc_uart_tag_pca10040/nrfx_timer.o
 .text.nrf_timer_int_enable
                0x00004bb4       0x14 Output/Debug/Obj/nfc_uart_tag_pca10040/nrfx_timer.o
 .text.nrf_timer_int_disable
                0x00004bc8       0x14 Output/Debug/Obj/nfc_uart_tag_pca10040/nrfx_timer.o
 .text.nrf_timer_int_enable_check
                0x00004bdc       0x20 Output/Debug/Obj/nfc_uart_tag_pca10040/nrfx_timer.o
 .text.nrf_timer_mode_set
                0x00004bfc       0x2a Output/Debug/Obj/nfc_uart_tag_pca10040/nrfx_timer.o
 .text.nrf_timer_bit_width_set
                0x00004c26       0x2a Output/Debug/Obj/nfc_uart_tag_pca10040/nrfx_timer.o
 .text.nrf_timer_frequency_set
                0x00004c50       0x2a Output/Debug/Obj/nfc_uart_tag_pca10040/nrfx_timer.o
 .text.nrf_timer_cc_write
                0x00004c7a       0x22 Output/Debug/Obj/nfc_uart_tag_pca10040/nrfx_timer.o
 .text.nrf_timer_compare_event_get
                0x00004c9c       0x14 Output/Debug/Obj/nfc_uart_tag_pca10040/nrfx_timer.o
 .text.nrf_timer_compare_int_get
                0x00004cb0       0x14 Output/Debug/Obj/nfc_uart_tag_pca10040/nrfx_timer.o
 .text.nrfx_timer_init
                0x00004cc4      0x1f4 Output/Debug/Obj/nfc_uart_tag_pca10040/nrfx_timer.o
                0x00004cc4                nrfx_timer_init
 .text.nrfx_timer_enable
                0x00004eb8       0x5c Output/Debug/Obj/nfc_uart_tag_pca10040/nrfx_timer.o
                0x00004eb8                nrfx_timer_enable
 .text.nrfx_timer_disable
                0x00004f14       0x5c Output/Debug/Obj/nfc_uart_tag_pca10040/nrfx_timer.o
                0x00004f14                nrfx_timer_disable
 .text.nrfx_timer_clear
                0x00004f70       0x44 Output/Debug/Obj/nfc_uart_tag_pca10040/nrfx_timer.o
                0x00004f70                nrfx_timer_clear
 .text.nrfx_timer_compare
                0x00004fb4       0x72 Output/Debug/Obj/nfc_uart_tag_pca10040/nrfx_timer.o
                0x00004fb4                nrfx_timer_compare
 .text.nrfx_timer_extended_compare
                0x00005026       0x56 Output/Debug/Obj/nfc_uart_tag_pca10040/nrfx_timer.o
                0x00005026                nrfx_timer_extended_compare
 .text.irq_handler
                0x0000507c       0x8e Output/Debug/Obj/nfc_uart_tag_pca10040/nrfx_timer.o
 *fill*         0x0000510a        0x2 
 .text.TIMER4_IRQHandler
                0x0000510c       0x18 Output/Debug/Obj/nfc_uart_tag_pca10040/nrfx_timer.o
                0x0000510c                TIMER4_IRQHandler
 .text.__NVIC_EnableIRQ
                0x00005124       0x34 Output/Debug/Obj/nfc_uart_tag_pca10040/nrfx_uart.o
 .text.__NVIC_SetPriority
                0x00005158       0x50 Output/Debug/Obj/nfc_uart_tag_pca10040/nrfx_uart.o
 .text.nrfx_get_irq_number
                0x000051a8       0x10 Output/Debug/Obj/nfc_uart_tag_pca10040/nrfx_uart.o
 .text._NRFX_IRQ_PRIORITY_SET
                0x000051b8       0x40 Output/Debug/Obj/nfc_uart_tag_pca10040/nrfx_uart.o
 .text._NRFX_IRQ_ENABLE
                0x000051f8       0x1c Output/Debug/Obj/nfc_uart_tag_pca10040/nrfx_uart.o
 .text.nrf_uart_event_clear
                0x00005214       0x2a Output/Debug/Obj/nfc_uart_tag_pca10040/nrfx_uart.o
 .text.nrf_uart_event_check
                0x0000523e       0x24 Output/Debug/Obj/nfc_uart_tag_pca10040/nrfx_uart.o
 .text.nrf_uart_int_enable
                0x00005262       0x14 Output/Debug/Obj/nfc_uart_tag_pca10040/nrfx_uart.o
 .text.nrf_uart_int_enable_check
                0x00005276       0x20 Output/Debug/Obj/nfc_uart_tag_pca10040/nrfx_uart.o
 .text.nrf_uart_int_disable
                0x00005296       0x14 Output/Debug/Obj/nfc_uart_tag_pca10040/nrfx_uart.o
 .text.nrf_uart_errorsrc_get_and_clear
                0x000052aa       0x1c Output/Debug/Obj/nfc_uart_tag_pca10040/nrfx_uart.o
 .text.nrf_uart_enable
                0x000052c6       0x12 Output/Debug/Obj/nfc_uart_tag_pca10040/nrfx_uart.o
 .text.nrf_uart_txrx_pins_set
                0x000052d8       0x1e Output/Debug/Obj/nfc_uart_tag_pca10040/nrfx_uart.o
 .text.nrf_uart_hwfc_pins_set
                0x000052f6       0x1e Output/Debug/Obj/nfc_uart_tag_pca10040/nrfx_uart.o
 .text.nrf_uart_rxd_get
                0x00005314       0x12 Output/Debug/Obj/nfc_uart_tag_pca10040/nrfx_uart.o
 .text.nrf_uart_txd_set
                0x00005326       0x1a Output/Debug/Obj/nfc_uart_tag_pca10040/nrfx_uart.o
 .text.nrf_uart_task_trigger
                0x00005340       0x1c Output/Debug/Obj/nfc_uart_tag_pca10040/nrfx_uart.o
 .text.nrf_uart_configure
                0x0000535c       0x2a Output/Debug/Obj/nfc_uart_tag_pca10040/nrfx_uart.o
 .text.nrf_uart_baudrate_set
                0x00005386       0x14 Output/Debug/Obj/nfc_uart_tag_pca10040/nrfx_uart.o
 *fill*         0x0000539a        0x2 
 .text.nrf_gpio_pin_port_decode
                0x0000539c       0x30 Output/Debug/Obj/nfc_uart_tag_pca10040/nrfx_uart.o
 .text.nrf_gpio_cfg
                0x000053cc       0x62 Output/Debug/Obj/nfc_uart_tag_pca10040/nrfx_uart.o
 .text.nrf_gpio_cfg_output
                0x0000542e       0x22 Output/Debug/Obj/nfc_uart_tag_pca10040/nrfx_uart.o
 .text.nrf_gpio_cfg_input
                0x00005450       0x2a Output/Debug/Obj/nfc_uart_tag_pca10040/nrfx_uart.o
 .text.nrf_gpio_pin_set
                0x0000547a       0x28 Output/Debug/Obj/nfc_uart_tag_pca10040/nrfx_uart.o
 .text.nrf_gpio_port_out_set
                0x000054a2       0x14 Output/Debug/Obj/nfc_uart_tag_pca10040/nrfx_uart.o
 .text.nrf_gpio_pin_present_check
                0x000054b6       0x38 Output/Debug/Obj/nfc_uart_tag_pca10040/nrfx_uart.o
 .text.apply_config
                0x000054ee       0xc6 Output/Debug/Obj/nfc_uart_tag_pca10040/nrfx_uart.o
 .text.interrupts_enable
                0x000055b4       0x6c Output/Debug/Obj/nfc_uart_tag_pca10040/nrfx_uart.o
 .text.nrfx_uart_init
                0x00005620       0xd4 Output/Debug/Obj/nfc_uart_tag_pca10040/nrfx_uart.o
                0x00005620                nrfx_uart_init
 .text.tx_byte  0x000056f4       0x40 Output/Debug/Obj/nfc_uart_tag_pca10040/nrfx_uart.o
 .text.tx_blocking
                0x00005734       0x52 Output/Debug/Obj/nfc_uart_tag_pca10040/nrfx_uart.o
 *fill*         0x00005786        0x2 
 .text.nrfx_uart_tx
                0x00005788      0x110 Output/Debug/Obj/nfc_uart_tag_pca10040/nrfx_uart.o
                0x00005788                nrfx_uart_tx
 .text.nrfx_uart_tx_in_progress
                0x00005898       0x2c Output/Debug/Obj/nfc_uart_tag_pca10040/nrfx_uart.o
                0x00005898                nrfx_uart_tx_in_progress
 .text.rx_enable
                0x000058c4       0x36 Output/Debug/Obj/nfc_uart_tag_pca10040/nrfx_uart.o
 .text.rx_byte  0x000058fa       0x4e Output/Debug/Obj/nfc_uart_tag_pca10040/nrfx_uart.o
 .text.nrfx_uart_rx
                0x00005948      0x21c Output/Debug/Obj/nfc_uart_tag_pca10040/nrfx_uart.o
                0x00005948                nrfx_uart_rx
 .text.rx_done_event
                0x00005b64       0x2e Output/Debug/Obj/nfc_uart_tag_pca10040/nrfx_uart.o
 .text.tx_done_event
                0x00005b92       0x34 Output/Debug/Obj/nfc_uart_tag_pca10040/nrfx_uart.o
 .text.uart_irq_handler
                0x00005bc6      0x1de Output/Debug/Obj/nfc_uart_tag_pca10040/nrfx_uart.o
 .text.nrfx_uart_0_irq_handler
                0x00005da4       0x18 Output/Debug/Obj/nfc_uart_tag_pca10040/nrfx_uart.o
                0x00005da4                nrfx_uart_0_irq_handler
 .text.__NVIC_EnableIRQ
                0x00005dbc       0x34 Output/Debug/Obj/nfc_uart_tag_pca10040/nrfx_uarte.o
 .text.__NVIC_SetPriority
                0x00005df0       0x50 Output/Debug/Obj/nfc_uart_tag_pca10040/nrfx_uarte.o
 .text.nrfx_is_in_ram
                0x00005e40       0x1c Output/Debug/Obj/nfc_uart_tag_pca10040/nrfx_uarte.o
 .text.nrfx_get_irq_number
                0x00005e5c       0x10 Output/Debug/Obj/nfc_uart_tag_pca10040/nrfx_uarte.o
 .text._NRFX_IRQ_PRIORITY_SET
                0x00005e6c       0x40 Output/Debug/Obj/nfc_uart_tag_pca10040/nrfx_uarte.o
 .text._NRFX_IRQ_ENABLE
                0x00005eac       0x1c Output/Debug/Obj/nfc_uart_tag_pca10040/nrfx_uarte.o
 .text.nrf_uarte_event_clear
                0x00005ec8       0x2a Output/Debug/Obj/nfc_uart_tag_pca10040/nrfx_uarte.o
 .text.nrf_uarte_event_check
                0x00005ef2       0x24 Output/Debug/Obj/nfc_uart_tag_pca10040/nrfx_uarte.o
 .text.nrf_uarte_shorts_enable
                0x00005f16       0x1c Output/Debug/Obj/nfc_uart_tag_pca10040/nrfx_uarte.o
 .text.nrf_uarte_shorts_disable
                0x00005f32       0x1e Output/Debug/Obj/nfc_uart_tag_pca10040/nrfx_uarte.o
 .text.nrf_uarte_int_enable
                0x00005f50       0x14 Output/Debug/Obj/nfc_uart_tag_pca10040/nrfx_uarte.o
 .text.nrf_uarte_int_disable
                0x00005f64       0x14 Output/Debug/Obj/nfc_uart_tag_pca10040/nrfx_uarte.o
 .text.nrf_uarte_errorsrc_get_and_clear
                0x00005f78       0x1c Output/Debug/Obj/nfc_uart_tag_pca10040/nrfx_uarte.o
 .text.nrf_uarte_enable
                0x00005f94       0x12 Output/Debug/Obj/nfc_uart_tag_pca10040/nrfx_uarte.o
 .text.nrf_uarte_txrx_pins_set
                0x00005fa6       0x1e Output/Debug/Obj/nfc_uart_tag_pca10040/nrfx_uarte.o
 .text.nrf_uarte_hwfc_pins_set
                0x00005fc4       0x1e Output/Debug/Obj/nfc_uart_tag_pca10040/nrfx_uarte.o
 .text.nrf_uarte_task_trigger
                0x00005fe2       0x1c Output/Debug/Obj/nfc_uart_tag_pca10040/nrfx_uarte.o
 .text.nrf_uarte_configure
                0x00005ffe       0x2a Output/Debug/Obj/nfc_uart_tag_pca10040/nrfx_uarte.o
 .text.nrf_uarte_baudrate_set
                0x00006028       0x14 Output/Debug/Obj/nfc_uart_tag_pca10040/nrfx_uarte.o
 .text.nrf_uarte_tx_buffer_set
                0x0000603c       0x1e Output/Debug/Obj/nfc_uart_tag_pca10040/nrfx_uarte.o
 .text.nrf_uarte_tx_amount_get
                0x0000605a       0x10 Output/Debug/Obj/nfc_uart_tag_pca10040/nrfx_uarte.o
 .text.nrf_uarte_rx_buffer_set
                0x0000606a       0x1e Output/Debug/Obj/nfc_uart_tag_pca10040/nrfx_uarte.o
 .text.nrf_uarte_rx_amount_get
                0x00006088       0x10 Output/Debug/Obj/nfc_uart_tag_pca10040/nrfx_uarte.o
 .text.nrf_gpio_pin_port_decode
                0x00006098       0x30 Output/Debug/Obj/nfc_uart_tag_pca10040/nrfx_uarte.o
 .text.nrf_gpio_cfg
                0x000060c8       0x62 Output/Debug/Obj/nfc_uart_tag_pca10040/nrfx_uarte.o
 .text.nrf_gpio_cfg_output
                0x0000612a       0x22 Output/Debug/Obj/nfc_uart_tag_pca10040/nrfx_uarte.o
 .text.nrf_gpio_cfg_input
                0x0000614c       0x2a Output/Debug/Obj/nfc_uart_tag_pca10040/nrfx_uarte.o
 .text.nrf_gpio_pin_set
                0x00006176       0x28 Output/Debug/Obj/nfc_uart_tag_pca10040/nrfx_uarte.o
 .text.nrf_gpio_port_out_set
                0x0000619e       0x14 Output/Debug/Obj/nfc_uart_tag_pca10040/nrfx_uarte.o
 .text.nrf_gpio_pin_present_check
                0x000061b2       0x38 Output/Debug/Obj/nfc_uart_tag_pca10040/nrfx_uarte.o
 .text.apply_config
                0x000061ea       0xc6 Output/Debug/Obj/nfc_uart_tag_pca10040/nrfx_uarte.o
 .text.interrupts_enable
                0x000062b0       0x98 Output/Debug/Obj/nfc_uart_tag_pca10040/nrfx_uarte.o
 .text.nrfx_uarte_init
                0x00006348       0xcc Output/Debug/Obj/nfc_uart_tag_pca10040/nrfx_uarte.o
                0x00006348                nrfx_uarte_init
 .text.nrfx_uarte_tx
                0x00006414      0x17c Output/Debug/Obj/nfc_uart_tag_pca10040/nrfx_uarte.o
                0x00006414                nrfx_uarte_tx
 .text.nrfx_uarte_tx_in_progress
                0x00006590       0x30 Output/Debug/Obj/nfc_uart_tag_pca10040/nrfx_uarte.o
                0x00006590                nrfx_uarte_tx_in_progress
 .text.nrfx_uarte_rx
                0x000065c0      0x23c Output/Debug/Obj/nfc_uart_tag_pca10040/nrfx_uarte.o
                0x000065c0                nrfx_uarte_rx
 .text.rx_done_event
                0x000067fc       0x2e Output/Debug/Obj/nfc_uart_tag_pca10040/nrfx_uarte.o
 .text.tx_done_event
                0x0000682a       0x34 Output/Debug/Obj/nfc_uart_tag_pca10040/nrfx_uarte.o
 .text.uarte_irq_handler
                0x0000685e      0x18c Output/Debug/Obj/nfc_uart_tag_pca10040/nrfx_uarte.o
 *fill*         0x000069ea        0x2 
 .text.nrfx_uarte_0_irq_handler
                0x000069ec       0x18 Output/Debug/Obj/nfc_uart_tag_pca10040/nrfx_uarte.o
                0x000069ec                nrfx_uarte_0_irq_handler
 .text.uart_error_handle
                0x00006a04       0x40 Output/Debug/Obj/nfc_uart_tag_pca10040/main.o
                0x00006a04                uart_error_handle
 .text.fifos_flush
                0x00006a44       0x20 Output/Debug/Obj/nfc_uart_tag_pca10040/main.o
 .text.nfc_callback
                0x00006a64      0x178 Output/Debug/Obj/nfc_uart_tag_pca10040/main.o
 .text.uart_init
                0x00006bdc       0x50 Output/Debug/Obj/nfc_uart_tag_pca10040/main.o
 .text.nfc_fifos_init
                0x00006c2c       0x48 Output/Debug/Obj/nfc_uart_tag_pca10040/main.o
 .text.log_init
                0x00006c74       0x34 Output/Debug/Obj/nfc_uart_tag_pca10040/main.o
 .text.main     0x00006ca8      0x124 Output/Debug/Obj/nfc_uart_tag_pca10040/main.o
                0x00006ca8                main
 .text._DoInit  0x00006dcc       0x9c Output/Debug/Obj/nfc_uart_tag_pca10040/SEGGER_RTT.o
 .text._WriteBlocking
                0x00006e68       0xb2 Output/Debug/Obj/nfc_uart_tag_pca10040/SEGGER_RTT.o
 .text._WriteNoCheck
                0x00006f1a       0x7e Output/Debug/Obj/nfc_uart_tag_pca10040/SEGGER_RTT.o
 .text._GetAvailWriteSpace
                0x00006f98       0x3c Output/Debug/Obj/nfc_uart_tag_pca10040/SEGGER_RTT.o
 .text.SEGGER_RTT_WriteNoLock
                0x00006fd4       0xa0 Output/Debug/Obj/nfc_uart_tag_pca10040/SEGGER_RTT.o
                0x00006fd4                SEGGER_RTT_WriteNoLock
 .text.SEGGER_RTT_Init
                0x00007074        0xa Output/Debug/Obj/nfc_uart_tag_pca10040/SEGGER_RTT.o
                0x00007074                SEGGER_RTT_Init
 *fill*         0x0000707e        0x2 
 .text.__NVIC_SystemReset
                0x00007080       0x28 Output/Debug/Obj/nfc_uart_tag_pca10040/system_nrf52.o
 .text.nrf52_errata_12
                0x000070a8       0x88 Output/Debug/Obj/nfc_uart_tag_pca10040/system_nrf52.o
 .text.nrf52_errata_16
                0x00007130       0x68 Output/Debug/Obj/nfc_uart_tag_pca10040/system_nrf52.o
 .text.nrf52_errata_31
                0x00007198       0x88 Output/Debug/Obj/nfc_uart_tag_pca10040/system_nrf52.o
 .text.nrf52_errata_32
                0x00007220       0x68 Output/Debug/Obj/nfc_uart_tag_pca10040/system_nrf52.o
 .text.nrf52_errata_36
                0x00007288       0x88 Output/Debug/Obj/nfc_uart_tag_pca10040/system_nrf52.o
 .text.nrf52_errata_37
                0x00007310       0x68 Output/Debug/Obj/nfc_uart_tag_pca10040/system_nrf52.o
 .text.nrf52_errata_57
                0x00007378       0x68 Output/Debug/Obj/nfc_uart_tag_pca10040/system_nrf52.o
 .text.nrf52_errata_66
                0x000073e0       0x88 Output/Debug/Obj/nfc_uart_tag_pca10040/system_nrf52.o
 .text.nrf52_errata_108
                0x00007468       0x88 Output/Debug/Obj/nfc_uart_tag_pca10040/system_nrf52.o
 .text.nrf52_errata_136
                0x000074f0       0x88 Output/Debug/Obj/nfc_uart_tag_pca10040/system_nrf52.o
 .text.nrf52_errata_182
                0x00007578       0x60 Output/Debug/Obj/nfc_uart_tag_pca10040/system_nrf52.o
 .text.nrf52_errata_249
                0x000075d8       0x60 Output/Debug/Obj/nfc_uart_tag_pca10040/system_nrf52.o
 .text.nrf52_handle_approtect
                0x00007638       0x20 Output/Debug/Obj/nfc_uart_tag_pca10040/system_nrf52.o
 .text.nvmc_wait
                0x00007658       0x18 Output/Debug/Obj/nfc_uart_tag_pca10040/system_nrf52.o
                0x00007658                nvmc_wait
 .text.nvmc_config
                0x00007670       0x20 Output/Debug/Obj/nfc_uart_tag_pca10040/system_nrf52.o
                0x00007670                nvmc_config
 .text.SystemCoreClockUpdate
                0x00007690       0x14 Output/Debug/Obj/nfc_uart_tag_pca10040/system_nrf52.o
                0x00007690                SystemCoreClockUpdate
 .text.SystemInit
                0x000076a4      0x2ac Output/Debug/Obj/nfc_uart_tag_pca10040/system_nrf52.o
                0x000076a4                SystemInit
 .text.clock_event_handler
                0x00007950       0x24 Output/Debug/Obj/nfc_uart_tag_pca10040/nfc_platform.o
 .text.nfc_platform_setup
                0x00007974       0x40 Output/Debug/Obj/nfc_uart_tag_pca10040/nfc_platform.o
                0x00007974                nfc_platform_setup
 .text.nfc_platform_event_handler
                0x000079b4       0x30 Output/Debug/Obj/nfc_uart_tag_pca10040/nfc_platform.o
                0x000079b4                nfc_platform_event_handler
 .text.nfcHandle7816Select
                0x000079e4       0x8c ../../../../../../../components/nfc/t4t_lib/nfc_t4t_lib_gcc.a(nfc_t4t_lib.c.o)
                0x000079e4                nfcHandle7816Select
 .text.nfcHandle7816Update
                0x00007a70       0xbc ../../../../../../../components/nfc/t4t_lib/nfc_t4t_lib_gcc.a(nfc_t4t_lib.c.o)
                0x00007a70                nfcHandle7816Update
 .text.nfcHandle7816ChainUpdate
                0x00007b2c       0x98 ../../../../../../../components/nfc/t4t_lib/nfc_t4t_lib_gcc.a(nfc_t4t_lib.c.o)
                0x00007b2c                nfcHandle7816ChainUpdate
 .text.nfcHandleEvDataIndication
                0x00007bc4      0x104 ../../../../../../../components/nfc/t4t_lib/nfc_t4t_lib_gcc.a(nfc_t4t_lib.c.o)
                0x00007bc4                nfcHandleEvDataIndication
 .text.isodepCallback
                0x00007cc8       0xe8 ../../../../../../../components/nfc/t4t_lib/nfc_t4t_lib_gcc.a(nfc_t4t_lib.c.o)
                0x00007cc8                isodepCallback
 .text.nfc_t4t_setup
                0x00007db0       0x74 ../../../../../../../components/nfc/t4t_lib/nfc_t4t_lib_gcc.a(nfc_t4t_lib.c.o)
                0x00007db0                nfc_t4t_setup
 .text.nfc_t4t_response_pdu_send
                0x00007e24       0x30 ../../../../../../../components/nfc/t4t_lib/nfc_t4t_lib_gcc.a(nfc_t4t_lib.c.o)
                0x00007e24                nfc_t4t_response_pdu_send
 .text.nfc_t4t_emulation_start
                0x00007e54       0x24 ../../../../../../../components/nfc/t4t_lib/nfc_t4t_lib_gcc.a(nfc_t4t_lib.c.o)
                0x00007e54                nfc_t4t_emulation_start
 .text.nrfx_nfct_evt_handler
                0x00007e78      0x184 ../../../../../../../components/nfc/t4t_lib/nfc_t4t_lib_gcc.a(nfc_t4t_lib_al.c.o)
 .text.nfc_t4t_lib_al_setup
                0x00007ffc       0x7c ../../../../../../../components/nfc/t4t_lib/nfc_t4t_lib_gcc.a(nfc_t4t_lib_al.c.o)
                0x00007ffc                nfc_t4t_lib_al_setup
 .text.nfc_t4t_lib_al_parameter_get
                0x00008078       0x80 ../../../../../../../components/nfc/t4t_lib/nfc_t4t_lib_gcc.a(nfc_t4t_lib_al.c.o)
                0x00008078                nfc_t4t_lib_al_parameter_get
 .text.nfc_t4t_lib_al_fwt_update
                0x000080f8       0x18 ../../../../../../../components/nfc/t4t_lib/nfc_t4t_lib_gcc.a(nfc_t4t_lib_al.c.o)
                0x000080f8                nfc_t4t_lib_al_fwt_update
 .text.nfc_t4t_lib_al_start
                0x00008110        0x4 ../../../../../../../components/nfc/t4t_lib/nfc_t4t_lib_gcc.a(nfc_t4t_lib_al.c.o)
                0x00008110                nfc_t4t_lib_al_start
 .text.nfc_t4t_lib_al_send
                0x00008114       0x1c ../../../../../../../components/nfc/t4t_lib/nfc_t4t_lib_gcc.a(nfc_t4t_lib_al.c.o)
                0x00008114                nfc_t4t_lib_al_send
 .text.isodepTransmit
                0x00008130      0x130 ../../../../../../../components/nfc/t4t_lib/nfc_t4t_lib_gcc.a(isodepmsg.c.o)
                0x00008130                isodepTransmit
 .text.isodepSetup
                0x00008260       0x78 ../../../../../../../components/nfc/t4t_lib/nfc_t4t_lib_gcc.a(isodepmsg.c.o)
                0x00008260                isodepSetup
 .text.isodepSendChunk
                0x000082d8      0x10c ../../../../../../../components/nfc/t4t_lib/nfc_t4t_lib_gcc.a(isodepmsg.c.o)
                0x000082d8                isodepSendChunk
 .text.isodepSendATS
                0x000083e4       0x8c ../../../../../../../components/nfc/t4t_lib/nfc_t4t_lib_gcc.a(isodepmsg.c.o)
                0x000083e4                isodepSendATS
 .text.isodepSetWtx
                0x00008470       0x4c ../../../../../../../components/nfc/t4t_lib/nfc_t4t_lib_gcc.a(isodepmsg.c.o)
                0x00008470                isodepSetWtx
 .text.isodepSendAck
                0x000084bc       0x34 ../../../../../../../components/nfc/t4t_lib/nfc_t4t_lib_gcc.a(isodepmsg.c.o)
                0x000084bc                isodepSendAck
 .text.isodepHandleDeselect
                0x000084f0       0x94 ../../../../../../../components/nfc/t4t_lib/nfc_t4t_lib_gcc.a(isodepmsg.c.o)
                0x000084f0                isodepHandleDeselect
 .text.alNfcCallback
                0x00008584      0x3fc ../../../../../../../components/nfc/t4t_lib/nfc_t4t_lib_gcc.a(isodepmsg.c.o)
                0x00008584                alNfcCallback
 .text.libc.__SEGGER_RTL_init_heap
                0x00008980       0x16 C:/Program Files/SEGGER/SEGGER Embedded Studio 8.24/lib/heapops_basic_v7em_fpv4_sp_d16_hard_t_le_eabi_balanced.a(heapops_basic.o)
                0x00008980                __SEGGER_RTL_init_heap
 .text.libc.memcmp
                0x00008996       0x4a C:/Program Files/SEGGER/SEGGER Embedded Studio 8.24/lib/strops_unaligned_v7em_fpv4_sp_d16_hard_t_le_eabi_balanced.a(strops.o)
                0x00008996                memcmp
 .text.libc.strlen
                0x000089e0       0x2a C:/Program Files/SEGGER/SEGGER Embedded Studio 8.24/lib/strops_unaligned_v7em_fpv4_sp_d16_hard_t_le_eabi_balanced.a(strops.o)
                0x000089e0                strlen
 *fill*         0x00008a0a        0x2 
 .text.libc.memcpy
                0x00008a0c       0x5c C:/Program Files/SEGGER/SEGGER Embedded Studio 8.24/lib/strops_unaligned_v7em_fpv4_sp_d16_hard_t_le_eabi_balanced.a(strasmops_arm.o)
                0x00008a0c                __aeabi_memcpy
                0x00008a0c                memcpy
                0x00008a2a                __aeabi_memcpy8
                0x00008a2a                __aeabi_memcpy4
 .text.libc.__aeabi_memclr
                0x00008a68       0x68 C:/Program Files/SEGGER/SEGGER Embedded Studio 8.24/lib/strops_unaligned_v7em_fpv4_sp_d16_hard_t_le_eabi_balanced.a(strasmops_arm.o)
                0x00008a68                __aeabi_memclr8
                0x00008a68                __aeabi_memclr
                0x00008a68                __aeabi_memclr4
                0x00008a6a                __aeabi_memset4
                0x00008a6a                __aeabi_memset8
                0x00008a6a                __aeabi_memset
                0x00008a70                memset
 .text.libc.__SEGGER_RTL_ascii_mbtowc
                0x00008ad0       0x32 C:/Program Files/SEGGER/SEGGER Embedded Studio 8.24/lib/mbops_timeops_v7em_fpv4_sp_d16_hard_t_le_eabi_balanced.a(mbops.o)
                0x00008ad0                __SEGGER_RTL_ascii_mbtowc
 .text.libc.__SEGGER_RTL_ascii_wctomb
                0x00008b02        0xe C:/Program Files/SEGGER/SEGGER Embedded Studio 8.24/lib/mbops_timeops_v7em_fpv4_sp_d16_hard_t_le_eabi_balanced.a(mbops.o)
                0x00008b02                __SEGGER_RTL_ascii_wctomb
 .text.libc.isprint
                0x00008b10       0x20 C:/Program Files/SEGGER/SEGGER Embedded Studio 8.24/lib/mbops_timeops_v7em_fpv4_sp_d16_hard_t_le_eabi_balanced.a(mbops.o)
                0x00008b10                isprint
 .text.libc.__SEGGER_RTL_ascii_isctype
                0x00008b30       0x20 C:/Program Files/SEGGER/SEGGER Embedded Studio 8.24/lib/mbops_timeops_v7em_fpv4_sp_d16_hard_t_le_eabi_balanced.a(mbops.o)
 .text.libc.__SEGGER_RTL_ascii_toupper
                0x00008b50        0xc C:/Program Files/SEGGER/SEGGER Embedded Studio 8.24/lib/mbops_timeops_v7em_fpv4_sp_d16_hard_t_le_eabi_balanced.a(mbops.o)
 .text.libc.__SEGGER_RTL_ascii_tolower
                0x00008b5c        0xe C:/Program Files/SEGGER/SEGGER Embedded Studio 8.24/lib/mbops_timeops_v7em_fpv4_sp_d16_hard_t_le_eabi_balanced.a(mbops.o)
 .text.libc.__SEGGER_RTL_ascii_iswctype
                0x00008b6a       0x20 C:/Program Files/SEGGER/SEGGER Embedded Studio 8.24/lib/mbops_timeops_v7em_fpv4_sp_d16_hard_t_le_eabi_balanced.a(mbops.o)
 .text.libc.__SEGGER_RTL_ascii_towupper
                0x00008b8a        0xc C:/Program Files/SEGGER/SEGGER Embedded Studio 8.24/lib/mbops_timeops_v7em_fpv4_sp_d16_hard_t_le_eabi_balanced.a(mbops.o)
 .text.libc.__SEGGER_RTL_ascii_towlower
                0x00008b96        0xe C:/Program Files/SEGGER/SEGGER Embedded Studio 8.24/lib/mbops_timeops_v7em_fpv4_sp_d16_hard_t_le_eabi_balanced.a(mbops.o)
                0x00008ba4                        . = ALIGN (MAX ((__text_start__ + 0x4), .), 0x4)
                0x00008ba4                        __text_end__ = (__text_start__ + SIZEOF (.text))
                0x000087c4                        __text_size__ = SIZEOF (.text)
                0x00008ba4                        __text_load_end__ = __text_end__

.vfp11_veneer   0x00000000        0x0
 .vfp11_veneer  0x00000000        0x0 linker stubs

.v4_bx          0x00000000        0x0
 .v4_bx         0x00000000        0x0 linker stubs

.iplt           0x00000000        0x0
 .iplt          0x00000000        0x0 Output/Debug/Obj/nfc_uart_tag_pca10040/thumb_crt0.o
                0x00000001                        . = ASSERT (((__text_start__ == __text_end__) || ((__text_end__ - __FLASH1_segment_start__) <= __FLASH1_segment_size__)), error: .text is too large to fit in FLASH1 memory segment)
                0x00000001                        . = ASSERT ((0x4 == ALIGN (0x4, 0x4)), error: .text section size does not match alignment)
                0x00000000                        . = ASSERT ((__text_size__ <= 0x4), error: .text section is larger than specified size)
                0x00008ba4                        __log_const_data_load_start__ = ALIGN (__text_end__, 0x4)

.log_const_data
                0x00008ba4       0x48
                0x00008ba4                        __log_const_data_start__ = .
                0x00008ba4                        __start_log_const_data = __log_const_data_start__
 *(SORT_BY_NAME(.log_const_data*))
 .log_const_data_CLOCK
                0x00008ba4        0x8 Output/Debug/Obj/nfc_uart_tag_pca10040/nrfx_clock.o
                0x00008ba4                m_nrf_log_CLOCK_logs_data_const
 .log_const_data_NFCT
                0x00008bac        0x8 Output/Debug/Obj/nfc_uart_tag_pca10040/nrfx_nfct.o
                0x00008bac                m_nrf_log_NFCT_logs_data_const
 .log_const_data_PRS
                0x00008bb4        0x8 Output/Debug/Obj/nfc_uart_tag_pca10040/nrfx_prs.o
                0x00008bb4                m_nrf_log_PRS_logs_data_const
 .log_const_data_TIMER
                0x00008bbc        0x8 Output/Debug/Obj/nfc_uart_tag_pca10040/nrfx_timer.o
                0x00008bbc                m_nrf_log_TIMER_logs_data_const
 .log_const_data_UART
                0x00008bc4        0x8 Output/Debug/Obj/nfc_uart_tag_pca10040/nrfx_uart.o
                0x00008bc4                m_nrf_log_UART_logs_data_const
 .log_const_data_UARTE
                0x00008bcc        0x8 Output/Debug/Obj/nfc_uart_tag_pca10040/nrfx_uarte.o
                0x00008bcc                m_nrf_log_UARTE_logs_data_const
 .log_const_data_app
                0x00008bd4        0x8 Output/Debug/Obj/nfc_uart_tag_pca10040/nrf_log_frontend.o
                0x00008bd4                m_nrf_log_app_logs_data_const
 .log_const_data_clock
                0x00008bdc        0x8 Output/Debug/Obj/nfc_uart_tag_pca10040/nrf_drv_clock.o
                0x00008bdc                m_nrf_log_clock_logs_data_const
 .log_const_data_hardfault
                0x00008be4        0x8 Output/Debug/Obj/nfc_uart_tag_pca10040/hardfault_implementation.o
                0x00008be4                m_nrf_log_hardfault_logs_data_const
                0x00008bec                        __log_const_data_end__ = (__log_const_data_start__ + SIZEOF (.log_const_data))
                0x00000048                        __log_const_data_size__ = SIZEOF (.log_const_data)
                0x00008bec                        __stop_log_const_data = __log_const_data_end__
                0x00008bec                        __log_const_data_load_end__ = __log_const_data_end__
                0x00000001                        . = ASSERT (((__log_const_data_start__ == __log_const_data_end__) || ((__log_const_data_end__ - __FLASH1_segment_start__) <= __FLASH1_segment_size__)), error: .log_const_data is too large to fit in FLASH1 memory segment)
                0x00008bec                        __log_backends_load_start__ = ALIGN (__log_const_data_end__, 0x4)

.log_backends   0x00008bec       0x10
                0x00008bec                        __log_backends_start__ = .
                0x00008bec                        __start_log_backends = __log_backends_start__
 *(SORT_BY_NAME(.log_backends*))
 .log_backends  0x00008bec       0x10 Output/Debug/Obj/nfc_uart_tag_pca10040/nrf_log_default_backends.o
                0x00008bfc                        __log_backends_end__ = (__log_backends_start__ + SIZEOF (.log_backends))
                0x00000010                        __log_backends_size__ = SIZEOF (.log_backends)
                0x00008bfc                        __stop_log_backends = __log_backends_end__
                0x00008bfc                        __log_backends_load_end__ = __log_backends_end__
                0x00000001                        . = ASSERT (((__log_backends_start__ == __log_backends_end__) || ((__log_backends_end__ - __FLASH1_segment_start__) <= __FLASH1_segment_size__)), error: .log_backends is too large to fit in FLASH1 memory segment)
                0x00008bfc                        __nrf_balloc_load_start__ = ALIGN (__log_backends_end__, 0x4)

.nrf_balloc     0x00008bfc       0x14
                0x00008bfc                        __nrf_balloc_start__ = .
                0x00008bfc                        __start_nrf_balloc = __nrf_balloc_start__
 *(.nrf_balloc*)
 .nrf_balloc    0x00008bfc       0x14 Output/Debug/Obj/nfc_uart_tag_pca10040/nrf_log_frontend.o
                0x00008bfc                log_mempool
                0x00008c10                        __nrf_balloc_end__ = (__nrf_balloc_start__ + SIZEOF (.nrf_balloc))
                0x00000014                        __nrf_balloc_size__ = SIZEOF (.nrf_balloc)
                0x00008c10                        __stop_nrf_balloc = __nrf_balloc_end__
                0x00008c10                        __nrf_balloc_load_end__ = __nrf_balloc_end__
                0x00000001                        . = ASSERT (((__nrf_balloc_start__ == __nrf_balloc_end__) || ((__nrf_balloc_end__ - __FLASH1_segment_start__) <= __FLASH1_segment_size__)), error: .nrf_balloc is too large to fit in FLASH1 memory segment)
                0x00008c10                        __nrf_sections_load_start__ = ALIGN (__nrf_balloc_end__, 0x4)

.nrf_sections   0x00008c10        0x0
                0x00008c10                        __nrf_sections_start__ = .
                0x00008c10                        __start_nrf_sections = __nrf_sections_start__
 *(.nrf_sections .nrf_sections.*)
                0x00008c10                        __nrf_sections_end__ = (__nrf_sections_start__ + SIZEOF (.nrf_sections))
                0x00000000                        __nrf_sections_size__ = SIZEOF (.nrf_sections)
                0x00008c10                        __nrf_sections_load_end__ = __nrf_sections_end__
                0x00000001                        . = ASSERT (((__nrf_sections_start__ == __nrf_sections_end__) || ((__nrf_sections_end__ - __FLASH1_segment_start__) <= __FLASH1_segment_size__)), error: .nrf_sections is too large to fit in FLASH1 memory segment)
                0x00008c10                        __log_dynamic_data_load_start__ = ALIGN (__nrf_sections_end__, 0x4)

.log_dynamic_data
                0x20000000        0x0 load address 0x00008c10
                0x20000000                        __log_dynamic_data_start__ = .
 *(SORT_BY_NAME(.log_dynamic_data*))
                0x20000000                        __log_dynamic_data_end__ = (__log_dynamic_data_start__ + SIZEOF (.log_dynamic_data))
                0x00000000                        __log_dynamic_data_size__ = SIZEOF (.log_dynamic_data)
                0x00008c10                        __log_dynamic_data_load_end__ = (__log_dynamic_data_load_start__ + SIZEOF (.log_dynamic_data))
                0x00000001                        . = ASSERT (((__log_dynamic_data_load_start__ == __log_dynamic_data_load_end__) || ((__log_dynamic_data_load_end__ - __FLASH1_segment_start__) <= __FLASH1_segment_size__)), error: .log_dynamic_data is too large to fit in FLASH1 memory segment)

.log_dynamic_data_run
                0x20000000        0x0
                0x20000000                        __log_dynamic_data_run_start__ = .
                0x20000000                        __start_log_dynamic_data = __log_dynamic_data_run_start__
                0x20000000                        __log_dynamic_data_run_end__ = (__log_dynamic_data_run_start__ + SIZEOF (.log_dynamic_data))
                0x00000000                        __log_dynamic_data_run_size__ = (__log_dynamic_data_run_end__ - __log_dynamic_data_run_start__)
                0x20000000                        __stop_log_dynamic_data = __log_dynamic_data_run_end__
                0x20000000                        __log_dynamic_data_run_load_end__ = __log_dynamic_data_run_end__
                0x00000001                        . = ASSERT (((__log_dynamic_data_run_start__ == __log_dynamic_data_run_end__) || ((__log_dynamic_data_run_end__ - __RAM1_segment_start__) <= __RAM1_segment_size__)), error: .log_dynamic_data_run is too large to fit in RAM1 memory segment)
                0x00008c10                        __log_filter_data_load_start__ = ALIGN ((__log_dynamic_data_load_start__ + SIZEOF (.log_dynamic_data)), 0x4)

.log_filter_data
                0x20000000        0x0 load address 0x00008c10
                0x20000000                        __log_filter_data_start__ = .
 *(SORT_BY_NAME(.log_filter_data*))
                0x20000000                        __log_filter_data_end__ = (__log_filter_data_start__ + SIZEOF (.log_filter_data))
                0x00000000                        __log_filter_data_size__ = SIZEOF (.log_filter_data)
                0x00008c10                        __log_filter_data_load_end__ = (__log_filter_data_load_start__ + SIZEOF (.log_filter_data))
                0x00000001                        . = ASSERT (((__log_filter_data_load_start__ == __log_filter_data_load_end__) || ((__log_filter_data_load_end__ - __FLASH1_segment_start__) <= __FLASH1_segment_size__)), error: .log_filter_data is too large to fit in FLASH1 memory segment)

.log_filter_data_run
                0x20000000        0x0
                0x20000000                        __log_filter_data_run_start__ = .
                0x20000000                        __start_log_filter_data = __log_filter_data_run_start__
                0x20000000                        __log_filter_data_run_end__ = (__log_filter_data_run_start__ + SIZEOF (.log_filter_data))
                0x00000000                        __log_filter_data_run_size__ = (__log_filter_data_run_end__ - __log_filter_data_run_start__)
                0x20000000                        __stop_log_filter_data = __log_filter_data_run_end__
                0x20000000                        __log_filter_data_run_load_end__ = __log_filter_data_run_end__
                0x00000001                        . = ASSERT (((__log_filter_data_run_start__ == __log_filter_data_run_end__) || ((__log_filter_data_run_end__ - __RAM1_segment_start__) <= __RAM1_segment_size__)), error: .log_filter_data_run is too large to fit in RAM1 memory segment)
                0x20000000                        __nrf_sections_run_end_load_start__ = ALIGN (__log_filter_data_run_end__, 0x4)

.nrf_sections_run_end
                0x20000000        0x0
                0x20000000                        __nrf_sections_run_end_start__ = .
                0x20000000                        __end_nrf_sections_run = __nrf_sections_run_end_start__
 *(.nrf_sections_run_end .nrf_sections_run_end.*)
                0x20000000                        __nrf_sections_run_end_end__ = (__nrf_sections_run_end_start__ + SIZEOF (.nrf_sections_run_end))
                0x00000000                        __nrf_sections_run_end_size__ = SIZEOF (.nrf_sections_run_end)
                0x20000000                        __nrf_sections_run_end_load_end__ = __nrf_sections_run_end_end__
                0x00000001                        . = ASSERT (((__nrf_sections_run_end_start__ == __nrf_sections_run_end_end__) || ((__nrf_sections_run_end_end__ - __RAM1_segment_start__) <= __RAM1_segment_size__)), error: .nrf_sections_run_end is too large to fit in RAM1 memory segment)
                0x00008c10                        __dtors_load_start__ = ALIGN ((__log_filter_data_load_start__ + SIZEOF (.log_filter_data)), 0x4)

.dtors          0x00008c10        0x0
                0x00008c10                        __dtors_start__ = .
 *(SORT_BY_NAME(.dtors.*))
 *(.dtors)
 *(.fini_array)
 *(SORT_BY_NAME(.fini_array.*))
                0x00008c10                        __dtors_end__ = (__dtors_start__ + SIZEOF (.dtors))
                0x00000000                        __dtors_size__ = SIZEOF (.dtors)
                0x00008c10                        __dtors_load_end__ = __dtors_end__
                0x00000001                        . = ASSERT (((__dtors_start__ == __dtors_end__) || ((__dtors_end__ - __FLASH1_segment_start__) <= __FLASH1_segment_size__)), error: .dtors is too large to fit in FLASH1 memory segment)
                0x00008c10                        __ctors_load_start__ = ALIGN (__dtors_end__, 0x4)

.ctors          0x00008c10        0x0
                0x00008c10                        __ctors_start__ = .
 *(SORT_BY_NAME(.ctors.*))
 *(.ctors)
 *(.init_array)
 *(SORT_BY_NAME(.init_array.*))
                0x00008c10                        __ctors_end__ = (__ctors_start__ + SIZEOF (.ctors))
                0x00000000                        __ctors_size__ = SIZEOF (.ctors)
                0x00008c10                        __ctors_load_end__ = __ctors_end__
                0x00000001                        . = ASSERT (((__ctors_start__ == __ctors_end__) || ((__ctors_end__ - __FLASH1_segment_start__) <= __FLASH1_segment_size__)), error: .ctors is too large to fit in FLASH1 memory segment)
                0x00008c10                        __rodata_load_start__ = ALIGN (__ctors_end__, 0x4)

.rodata         0x00008c10     0x1844
                0x00008c10                        __rodata_start__ = .
 *(.rodata .rodata.* .gnu.linkonce.r.* .data.rel.ro .data.rel.ro.*)
 .rodata.nrf_log_backend_rtt_api
                0x00008c10        0xc Output/Debug/Obj/nfc_uart_tag_pca10040/nrf_log_backend_rtt.o
                0x00008c10                nrf_log_backend_rtt_api
 *fill*         0x00008c1c        0x4 
 .rodata.delay_machine_code.0
                0x00008c20        0x6 Output/Debug/Obj/nfc_uart_tag_pca10040/nrf_log_backend_rtt.o
 *fill*         0x00008c26        0x2 
 .rodata        0x00008c28       0x76 Output/Debug/Obj/nfc_uart_tag_pca10040/nrf_log_default_backends.o
 *fill*         0x00008c9e        0x2 
 .rodata.m_log_push_ringbuf
                0x00008ca0        0xc Output/Debug/Obj/nfc_uart_tag_pca10040/nrf_log_frontend.o
 .rodata        0x00008cac       0x75 Output/Debug/Obj/nfc_uart_tag_pca10040/nrf_log_frontend.o
 *fill*         0x00008d21        0x3 
 .rodata        0x00008d24       0xaa Output/Debug/Obj/nfc_uart_tag_pca10040/nrf_log_str_formatter.o
 *fill*         0x00008dce        0x2 
 .rodata        0x00008dd0       0x7d Output/Debug/Obj/nfc_uart_tag_pca10040/boards.o
 *fill*         0x00008e4d        0x3 
 .rodata.m_board_led_list
                0x00008e50        0x4 Output/Debug/Obj/nfc_uart_tag_pca10040/boards.o
 .rodata.m_board_btn_list
                0x00008e54        0x4 Output/Debug/Obj/nfc_uart_tag_pca10040/boards.o
 .rodata        0x00008e58       0x91 Output/Debug/Obj/nfc_uart_tag_pca10040/app_error_weak.o
 *fill*         0x00008ee9        0x3 
 .rodata        0x00008eec       0x78 Output/Debug/Obj/nfc_uart_tag_pca10040/app_uart_fifo.o
 .rodata        0x00008f64       0x5c Output/Debug/Obj/nfc_uart_tag_pca10040/app_util_platform.o
 .rodata        0x00008fc0      0x617 Output/Debug/Obj/nfc_uart_tag_pca10040/hardfault_implementation.o
 *fill*         0x000095d7        0x1 
 .rodata        0x000095d8       0x57 Output/Debug/Obj/nfc_uart_tag_pca10040/nrf_balloc.o
 *fill*         0x0000962f        0x1 
 .rodata        0x00009630       0x4d Output/Debug/Obj/nfc_uart_tag_pca10040/nrf_fprintf.o
 *fill*         0x0000967d        0x3 
 .rodata        0x00009680       0x54 Output/Debug/Obj/nfc_uart_tag_pca10040/nrf_fprintf_format.o
 .rodata._aV2C.0
                0x000096d4       0x10 Output/Debug/Obj/nfc_uart_tag_pca10040/nrf_fprintf_format.o
 .rodata        0x000096e4       0x57 Output/Debug/Obj/nfc_uart_tag_pca10040/nrf_memobj.o
 *fill*         0x0000973b        0x1 
 .rodata.m_unknown_str
                0x0000973c       0x13 Output/Debug/Obj/nfc_uart_tag_pca10040/nrf_strerror.o
 *fill*         0x0000974f        0x1 
 .rodata        0x00009750      0x3bd Output/Debug/Obj/nfc_uart_tag_pca10040/nrf_strerror.o
 *fill*         0x00009b0d        0x3 
 .rodata.nrf_strerror_array
                0x00009b10      0x118 Output/Debug/Obj/nfc_uart_tag_pca10040/nrf_strerror.o
 .rodata        0x00009c28       0x5e Output/Debug/Obj/nfc_uart_tag_pca10040/nrf_drv_clock.o
 *fill*         0x00009c86        0x2 
 .rodata        0x00009c88       0x90 Output/Debug/Obj/nfc_uart_tag_pca10040/nrfx_clock.o
 .rodata        0x00009d18       0xc3 Output/Debug/Obj/nfc_uart_tag_pca10040/nrfx_nfct.o
 *fill*         0x00009ddb        0x1 
 .rodata        0x00009ddc       0x5a Output/Debug/Obj/nfc_uart_tag_pca10040/nrfx_prs.o
 *fill*         0x00009e36        0x2 
 .rodata        0x00009e38       0x90 Output/Debug/Obj/nfc_uart_tag_pca10040/nrfx_timer.o
 .rodata        0x00009ec8       0xc3 Output/Debug/Obj/nfc_uart_tag_pca10040/nrfx_uart.o
 *fill*         0x00009f8b        0x1 
 .rodata.irq_handlers.0
                0x00009f8c        0x4 Output/Debug/Obj/nfc_uart_tag_pca10040/nrfx_uart.o
 .rodata        0x00009f90       0xc4 Output/Debug/Obj/nfc_uart_tag_pca10040/nrfx_uarte.o
 .rodata.irq_handlers.0
                0x0000a054        0x4 Output/Debug/Obj/nfc_uart_tag_pca10040/nrfx_uarte.o
 .rodata        0x0000a058      0x130 Output/Debug/Obj/nfc_uart_tag_pca10040/main.o
 .rodata        0x0000a188       0x17 Output/Debug/Obj/nfc_uart_tag_pca10040/SEGGER_RTT.o
 *fill*         0x0000a19f        0x1 
 .rodata.c7816AppNotFound
                0x0000a1a0        0x2 ../../../../../../../components/nfc/t4t_lib/nfc_t4t_lib_gcc.a(nfc_t4t_lib.c.o)
                0x0000a1a0                c7816AppNotFound
 *fill*         0x0000a1a2        0x2 
 .rodata.c7816OK
                0x0000a1a4        0x2 ../../../../../../../components/nfc/t4t_lib/nfc_t4t_lib_gcc.a(nfc_t4t_lib.c.o)
                0x0000a1a4                c7816OK
 *fill*         0x0000a1a6        0x2 
 .rodata.c7816WrongParams
                0x0000a1a8        0x2 ../../../../../../../components/nfc/t4t_lib/nfc_t4t_lib_gcc.a(nfc_t4t_lib.c.o)
                0x0000a1a8                c7816WrongParams
 *fill*         0x0000a1aa        0x2 
 .rodata.cDefaultCC
                0x0000a1ac        0xf ../../../../../../../components/nfc/t4t_lib/nfc_t4t_lib_gcc.a(nfc_t4t_lib.c.o)
                0x0000a1ac                cDefaultCC
 *fill*         0x0000a1bb        0x1 
 .rodata.cDummyByte
                0x0000a1bc        0x1 ../../../../../../../components/nfc/t4t_lib/nfc_t4t_lib_gcc.a(nfc_t4t_lib.c.o)
                0x0000a1bc                cDummyByte
 *fill*         0x0000a1bd        0x3 
 .rodata.cSelectAppNdefApp
                0x0000a1c0        0xd ../../../../../../../components/nfc/t4t_lib/nfc_t4t_lib_gcc.a(nfc_t4t_lib.c.o)
                0x0000a1c0                cSelectAppNdefApp
 *fill*         0x0000a1cd        0x3 
 .rodata.cSelectCcFile
                0x0000a1d0        0x7 ../../../../../../../components/nfc/t4t_lib/nfc_t4t_lib_gcc.a(nfc_t4t_lib.c.o)
                0x0000a1d0                cSelectCcFile
 *fill*         0x0000a1d7        0x1 
 .rodata.cSelectNdefFile
                0x0000a1d8        0x7 ../../../../../../../components/nfc/t4t_lib/nfc_t4t_lib_gcc.a(nfc_t4t_lib.c.o)
                0x0000a1d8                cSelectNdefFile
 *fill*         0x0000a1df        0x1 
 .rodata        0x0000a1e0        0x8 ../../../../../../../components/nfc/t4t_lib/nfc_t4t_lib_gcc.a(nfc_t4t_lib_al.c.o)
 .rodata.m_rx_desc
                0x0000a1e8        0x8 ../../../../../../../components/nfc/t4t_lib/nfc_t4t_lib_gcc.a(nfc_t4t_lib_al.c.o)
 .rodata.cFsdiValueMap
                0x0000a1f0       0x40 ../../../../../../../components/nfc/t4t_lib/nfc_t4t_lib_gcc.a(isodepmsg.c.o)
                0x0000a1f0                cFsdiValueMap
 .rodata.libc.__SEGGER_RTL_c_locale
                0x0000a230        0xc C:/Program Files/SEGGER/SEGGER Embedded Studio 8.24/lib/mbops_timeops_v7em_fpv4_sp_d16_hard_t_le_eabi_balanced.a(mbops.o)
                0x0000a230                __SEGGER_RTL_c_locale
 .rodata.libc.__SEGGER_RTL_c_locale_day_names
                0x0000a23c       0x3a C:/Program Files/SEGGER/SEGGER Embedded Studio 8.24/lib/mbops_timeops_v7em_fpv4_sp_d16_hard_t_le_eabi_balanced.a(mbops.o)
                0x0000a23c                __SEGGER_RTL_c_locale_day_names
 .rodata.libc.__SEGGER_RTL_c_locale_month_names
                0x0000a276       0x57 C:/Program Files/SEGGER/SEGGER Embedded Studio 8.24/lib/mbops_timeops_v7em_fpv4_sp_d16_hard_t_le_eabi_balanced.a(mbops.o)
                0x0000a276                __SEGGER_RTL_c_locale_month_names
 .rodata.libc.__SEGGER_RTL_c_locale_am_pm_indicator
                0x0000a2cd        0x7 C:/Program Files/SEGGER/SEGGER Embedded Studio 8.24/lib/mbops_timeops_v7em_fpv4_sp_d16_hard_t_le_eabi_balanced.a(mbops.o)
                0x0000a2cd                __SEGGER_RTL_c_locale_am_pm_indicator
 .rodata.libc.__SEGGER_RTL_c_locale_date_format
                0x0000a2d4        0x9 C:/Program Files/SEGGER/SEGGER Embedded Studio 8.24/lib/mbops_timeops_v7em_fpv4_sp_d16_hard_t_le_eabi_balanced.a(mbops.o)
                0x0000a2d4                __SEGGER_RTL_c_locale_date_format
 .rodata.libc.__SEGGER_RTL_c_locale_time_format
                0x0000a2dd        0x9 C:/Program Files/SEGGER/SEGGER Embedded Studio 8.24/lib/mbops_timeops_v7em_fpv4_sp_d16_hard_t_le_eabi_balanced.a(mbops.o)
                0x0000a2dd                __SEGGER_RTL_c_locale_time_format
 .rodata.libc.__SEGGER_RTL_c_locale_date_time_format
                0x0000a2e6        0xf C:/Program Files/SEGGER/SEGGER Embedded Studio 8.24/lib/mbops_timeops_v7em_fpv4_sp_d16_hard_t_le_eabi_balanced.a(mbops.o)
                0x0000a2e6                __SEGGER_RTL_c_locale_date_time_format
 .rodata.libc..L.str
                0x0000a2f5        0x2 C:/Program Files/SEGGER/SEGGER Embedded Studio 8.24/lib/mbops_timeops_v7em_fpv4_sp_d16_hard_t_le_eabi_balanced.a(mbops.o)
 *fill*         0x0000a2f7        0x1 
 .rodata.libc.__SEGGER_RTL_codeset_ascii
                0x0000a2f8       0x20 C:/Program Files/SEGGER/SEGGER Embedded Studio 8.24/lib/mbops_timeops_v7em_fpv4_sp_d16_hard_t_le_eabi_balanced.a(mbops.o)
                0x0000a2f8                __SEGGER_RTL_codeset_ascii
 .rodata.libc.__SEGGER_RTL_c_locale_abbrev_day_names
                0x0000a318       0x1d C:/Program Files/SEGGER/SEGGER Embedded Studio 8.24/lib/mbops_timeops_v7em_fpv4_sp_d16_hard_t_le_eabi_balanced.a(mbops.o)
                0x0000a318                __SEGGER_RTL_c_locale_abbrev_day_names
 .rodata.libc.__SEGGER_RTL_c_locale_abbrev_month_names
                0x0000a335       0x31 C:/Program Files/SEGGER/SEGGER Embedded Studio 8.24/lib/mbops_timeops_v7em_fpv4_sp_d16_hard_t_le_eabi_balanced.a(mbops.o)
                0x0000a335                __SEGGER_RTL_c_locale_abbrev_month_names
 .rodata.libc.__SEGGER_RTL_data_utf8_period
                0x0000a366        0x2 C:/Program Files/SEGGER/SEGGER Embedded Studio 8.24/lib/mbops_timeops_v7em_fpv4_sp_d16_hard_t_le_eabi_balanced.a(mbops.o)
                0x0000a366                __SEGGER_RTL_data_utf8_period
 .rodata.libc.__SEGGER_RTL_data_empty_string
                0x0000a368        0x1 C:/Program Files/SEGGER/SEGGER Embedded Studio 8.24/lib/mbops_timeops_v7em_fpv4_sp_d16_hard_t_le_eabi_balanced.a(mbops.o)
                0x0000a368                __SEGGER_RTL_data_empty_string
 *fill*         0x0000a369        0x3 
 .rodata.libc.__SEGGER_RTL_c_locale_data
                0x0000a36c       0x58 C:/Program Files/SEGGER/SEGGER Embedded Studio 8.24/lib/mbops_timeops_v7em_fpv4_sp_d16_hard_t_le_eabi_balanced.a(mbops.o)
                0x0000a36c                __SEGGER_RTL_c_locale_data
 .rodata.libc.__SEGGER_RTL_ascii_ctype_map
                0x0000a3c4       0x80 C:/Program Files/SEGGER/SEGGER Embedded Studio 8.24/lib/mbops_timeops_v7em_fpv4_sp_d16_hard_t_le_eabi_balanced.a(mbops.o)
 .rodata.libc.__SEGGER_RTL_ascii_ctype_mask
                0x0000a444        0xd C:/Program Files/SEGGER/SEGGER Embedded Studio 8.24/lib/mbops_timeops_v7em_fpv4_sp_d16_hard_t_le_eabi_balanced.a(mbops.o)
                0x0000a454                        . = ALIGN (MAX ((__rodata_start__ + 0x4), .), 0x4)
 *fill*         0x0000a451        0x3 
                0x0000a454                        __rodata_end__ = (__rodata_start__ + SIZEOF (.rodata))
                0x00001844                        __rodata_size__ = SIZEOF (.rodata)
                0x0000a454                        __rodata_load_end__ = __rodata_end__

.rel.dyn        0x0000a454        0x0
 .rel.iplt      0x0000a454        0x0 Output/Debug/Obj/nfc_uart_tag_pca10040/thumb_crt0.o
                0x00000001                        . = ASSERT (((__rodata_start__ == __rodata_end__) || ((__rodata_end__ - __FLASH1_segment_start__) <= __FLASH1_segment_size__)), error: .rodata is too large to fit in FLASH1 memory segment)
                0x00000001                        . = ASSERT ((0x4 == ALIGN (0x4, 0x4)), error: .rodata section size does not match alignment)
                0x00000000                        . = ASSERT ((__rodata_size__ <= 0x4), error: .rodata section is larger than specified size)
                0x0000a454                        __ARM.exidx_load_start__ = ALIGN (__rodata_end__, 0x4)

.ARM.exidx      0x0000a454        0x0
                0x0000a454                        __ARM.exidx_start__ = .
                0x0000a454                        __exidx_start = __ARM.exidx_start__
 *(.ARM.exidx .ARM.exidx.*)
                0x0000a454                        __ARM.exidx_end__ = (__ARM.exidx_start__ + SIZEOF (.ARM.exidx))
                0x00000000                        __ARM.exidx_size__ = SIZEOF (.ARM.exidx)
                0x0000a454                        __exidx_end = __ARM.exidx_end__
                0x0000a454                        __ARM.exidx_load_end__ = __ARM.exidx_end__
                0x00000001                        . = ASSERT (((__ARM.exidx_start__ == __ARM.exidx_end__) || ((__ARM.exidx_end__ - __FLASH1_segment_start__) <= __FLASH1_segment_size__)), error: .ARM.exidx is too large to fit in FLASH1 memory segment)
                0x0000a454                        __fast_load_start__ = ALIGN (__ARM.exidx_end__, 0x4)

.fast           0x20000000        0x0 load address 0x0000a454
                0x20000000                        __fast_start__ = .
 *(.fast .fast.*)
                0x20000000                        __fast_end__ = (__fast_start__ + SIZEOF (.fast))
                0x00000000                        __fast_size__ = SIZEOF (.fast)
                0x0000a454                        __fast_load_end__ = (__fast_load_start__ + SIZEOF (.fast))