Archive member included to satisfy reference by file (symbol)

C:/Program Files/SEGGER/SEGGER Embedded Studio 8.24/lib/libc_v7em_fpv4_sp_d16_hard_t_le_eabi_balanced.a(intasmops_arm.o)
                              Output/Debug/Obj/receiver_pca10040/bsp.o (__aeabi_uldivmod)
C:/Program Files/SEGGER/SEGGER Embedded Studio 8.24/lib/libc_v7em_fpv4_sp_d16_hard_t_le_eabi_balanced.a(prinops.o)
                              Output/Debug/Obj/receiver_pca10040/SEGGER_RTT_Syscalls_SES.o (vsnprintf)
C:/Program Files/SEGGER/SEGGER Embedded Studio 8.24/lib/libc_v7em_fpv4_sp_d16_hard_t_le_eabi_balanced.a(__SEGGER_RTL_vfprintf_long.o)
                              (__SEGGER_RTL_vfprintf_long)
C:/Program Files/SEGGER/SEGGER Embedded Studio 8.24/lib/libc_v7em_fpv4_sp_d16_hard_t_le_eabi_balanced.a(__SEGGER_RTL_vfscanf_long.o)
                              (__SEGGER_RTL_vfscanf_long)
C:/Program Files/SEGGER/SEGGER Embedded Studio 8.24/lib/libc_v7em_fpv4_sp_d16_hard_t_le_eabi_balanced.a(fileops.o)
                              C:/Program Files/SEGGER/SEGGER Embedded Studio 8.24/lib/libc_v7em_fpv4_sp_d16_hard_t_le_eabi_balanced.a(prinops.o) (fwrite)
C:/Program Files/SEGGER/SEGGER Embedded Studio 8.24/lib/libc_v7em_fpv4_sp_d16_hard_t_le_eabi_balanced.a(utilops.o)
                              C:/Program Files/SEGGER/SEGGER Embedded Studio 8.24/lib/libc_v7em_fpv4_sp_d16_hard_t_le_eabi_balanced.a(__SEGGER_RTL_vfscanf_long.o) (__SEGGER_RTL_digit)
C:/Program Files/SEGGER/SEGGER Embedded Studio 8.24/lib/libc_v7em_fpv4_sp_d16_hard_t_le_eabi_balanced.a(floatasmops_arm.o)
                              C:/Program Files/SEGGER/SEGGER Embedded Studio 8.24/lib/libc_v7em_fpv4_sp_d16_hard_t_le_eabi_balanced.a(utilops.o) (__aeabi_dmul)
C:/Program Files/SEGGER/SEGGER Embedded Studio 8.24/lib/libc_v7em_fpv4_sp_d16_hard_t_le_eabi_balanced.a(errno.o)
                              C:/Program Files/SEGGER/SEGGER Embedded Studio 8.24/lib/libc_v7em_fpv4_sp_d16_hard_t_le_eabi_balanced.a(fileops.o) (__aeabi_errno_addr)
C:/Program Files/SEGGER/SEGGER Embedded Studio 8.24/lib/heapops_basic_v7em_fpv4_sp_d16_hard_t_le_eabi_balanced.a(heapops_basic.o)
                              Output/Debug/Obj/receiver_pca10040/thumb_crt0.o (__SEGGER_RTL_init_heap)
C:/Program Files/SEGGER/SEGGER Embedded Studio 8.24/lib/heapops_disable_interrupts_locking_v7em_fpv4_sp_d16_hard_t_le_eabi_balanced.a(heapops.o)
                              C:/Program Files/SEGGER/SEGGER Embedded Studio 8.24/lib/libc_v7em_fpv4_sp_d16_hard_t_le_eabi_balanced.a(prinops.o) (free)
C:/Program Files/SEGGER/SEGGER Embedded Studio 8.24/lib/strops_unaligned_v7em_fpv4_sp_d16_hard_t_le_eabi_balanced.a(strops.o)
                              Output/Debug/Obj/receiver_pca10040/nrf_log_frontend.o (strlen)
C:/Program Files/SEGGER/SEGGER Embedded Studio 8.24/lib/strops_unaligned_v7em_fpv4_sp_d16_hard_t_le_eabi_balanced.a(strasmops_arm.o)
                              C:/Program Files/SEGGER/SEGGER Embedded Studio 8.24/lib/strops_unaligned_v7em_fpv4_sp_d16_hard_t_le_eabi_balanced.a(strops.o) (strcmp)
C:/Program Files/SEGGER/SEGGER Embedded Studio 8.24/lib/mbops_timeops_v7em_fpv4_sp_d16_hard_t_le_eabi_balanced.a(mbops.o)
                              C:/Program Files/SEGGER/SEGGER Embedded Studio 8.24/lib/libc_v7em_fpv4_sp_d16_hard_t_le_eabi_balanced.a(prinops.o) (__SEGGER_RTL_current_locale)
C:/Program Files/SEGGER/SEGGER Embedded Studio 8.24/lib/mbops_timeops_v7em_fpv4_sp_d16_hard_t_le_eabi_balanced.a(timeops.o)
                              C:/Program Files/SEGGER/SEGGER Embedded Studio 8.24/lib/mbops_timeops_v7em_fpv4_sp_d16_hard_t_le_eabi_balanced.a(mbops.o) (__SEGGER_RTL_string_list_encode)
C:/Program Files/SEGGER/SEGGER Embedded Studio 8.24/lib/libc_v7em_fpv4_sp_d16_hard_t_le_eabi_balanced.a(execops.o)
                              C:/Program Files/SEGGER/SEGGER Embedded Studio 8.24/lib/strops_unaligned_v7em_fpv4_sp_d16_hard_t_le_eabi_balanced.a(strops.o) (__SEGGER_RTL_constraint_violation)
C:/Program Files/SEGGER/SEGGER Embedded Studio 8.24/lib/libc_v7em_fpv4_sp_d16_hard_t_le_eabi_balanced.a(execops_arm.o)
                              C:/Program Files/SEGGER/SEGGER Embedded Studio 8.24/lib/libc_v7em_fpv4_sp_d16_hard_t_le_eabi_balanced.a(execops.o) (__aeabi_SIGABRT)
C:/Program Files/SEGGER/SEGGER Embedded Studio 8.24/lib/libc_v7em_fpv4_sp_d16_hard_t_le_eabi_balanced.a(intops.o)
                              C:/Program Files/SEGGER/SEGGER Embedded Studio 8.24/lib/mbops_timeops_v7em_fpv4_sp_d16_hard_t_le_eabi_balanced.a(timeops.o) (div)
C:/Program Files/SEGGER/SEGGER Embedded Studio 8.24/lib/libc_v7em_fpv4_sp_d16_hard_t_le_eabi_balanced.a(sortops.o)
                              C:/Program Files/SEGGER/SEGGER Embedded Studio 8.24/lib/mbops_timeops_v7em_fpv4_sp_d16_hard_t_le_eabi_balanced.a(mbops.o) (bsearch)
C:/Program Files/SEGGER/SEGGER Embedded Studio 8.24/lib/libc_v7em_fpv4_sp_d16_hard_t_le_eabi_balanced.a(convops.o)
[...]
Memory Configuration

Name             Origin             Length             Attributes
UNPLACED_SECTIONS 0x00000000         0x00000000         xw
RAM1             0x20000000         0x00010000         xw
FLASH1           0x00000000         0x00080000         xw
*default*        0x00000000         0xffffffff

Linker script and memory map

                0x20000000                        __RAM1_segment_start__ = 0x20000000
                0x20010000                        __RAM1_segment_end__ = 0x20010000
                0x00010000                        __RAM1_segment_size__ = 0x10000
                0x00000000                        __FLASH1_segment_start__ = 0x0
                0x00080000                        __FLASH1_segment_end__ = 0x80000
                0x00080000                        __FLASH1_segment_size__ = 0x80000
                0x00002000                        __HEAPSIZE__ = 0x2000
                0x00000000                        __SEGGER_RTL_vfprintf = __SEGGER_RTL_vfprintf_long
                0x00000000                        __SEGGER_RTL_vfscanf = __SEGGER_RTL_vfscanf_long
                0x00000000                        __STACKSIZE_PROCESS__ = 0x0
                0x00002000                        __STACKSIZE__ = 0x2000
                0x20000000                        __vectors_ram_load_start__ = 0x20000000

.vectors_ram    0x20000000        0x0
                0x20000000                        __vectors_ram_start__ = .
                0x20000000                        __app_ram_start__ = __vectors_ram_start__
 *(.vectors_ram .vectors_ram.*)
                0x20000000                        __vectors_ram_end__ = (__vectors_ram_start__ + SIZEOF (.vectors_ram))
                0x00000000                        __vectors_ram_size__ = SIZEOF (.vectors_ram)
                0x20000000                        __vectors_ram_load_end__ = __vectors_ram_end__
                0x00000001                        . = ASSERT (((__vectors_ram_start__ == __vectors_ram_end__) || ((__vectors_ram_end__ - __RAM1_segment_start__) <= __RAM1_segment_size__)), error: .vectors_ram is too large to fit in RAM1 memory segment)
                0x20000000                        __nrf_sections_run_load_start__ = ALIGN (__vectors_ram_end__, 0x4)

.nrf_sections_run
                0x20000000        0x0
                0x20000000                        __nrf_sections_run_start__ = .
                0x20000000                        __start_nrf_sections_run = __nrf_sections_run_start__
 *(.nrf_sections_run .nrf_sections_run.*)
                0x20000000                        __nrf_sections_run_end__ = (__nrf_sections_run_start__ + SIZEOF (.nrf_sections_run))
                0x00000000                        __nrf_sections_run_size__ = SIZEOF (.nrf_sections_run)
                0x20000000                        __nrf_sections_run_load_end__ = __nrf_sections_run_end__
                0x00000001                        . = ASSERT (((__nrf_sections_run_start__ == __nrf_sections_run_end__) || ((__nrf_sections_run_end__ - __RAM1_segment_start__) <= __RAM1_segment_size__)), error: .nrf_sections_run is too large to fit in RAM1 memory segment)
                0x00000000                        __vectors_load_start__ = 0x0

.vectors        0x00000000      0x200
                0x00000000                        __vectors_start__ = .
 *(.vectors .vectors.*)
 .vectors       0x00000000      0x200 Output/Debug/Obj/receiver_pca10040/ses_startup_nrf52.o
                0x00000000                _vectors
                0x00000200                        __vectors_end__ = (__vectors_start__ + SIZEOF (.vectors))
                0x00000200                        __vectors_size__ = SIZEOF (.vectors)
                0x00000200                        __vectors_load_end__ = __vectors_end__
                0x00000001                        . = ASSERT (((__vectors_start__ == __vectors_end__) || ((__vectors_end__ - __FLASH1_segment_start__) <= __FLASH1_segment_size__)), error: .vectors is too large to fit in FLASH1 memory segment)
                0x00000200                        __init_load_start__ = ALIGN (__vectors_end__, 0x4)

.init           0x00000200      0x1e0
                0x00000200                        __init_start__ = .
 *(.init .init.*)
 .init          0x00000200      0x16c Output/Debug/Obj/receiver_pca10040/thumb_crt0.o
                0x00000200                _start
                0x000002a8                exit
                0x000002a8                _Exit
 .init          0x0000036c       0x18 Output/Debug/Obj/receiver_pca10040/ses_startup_nrf52.o
                0x0000036c                NMI_Handler
                0x0000036e                HardFault_Handler
                0x00000370                MemoryManagement_Handler
                0x00000372                BusFault_Handler
                0x00000374                UsageFault_Handler
                0x00000376                SVC_Handler
                0x00000378                DebugMon_Handler
                0x0000037a                PendSV_Handler
                0x0000037c                SysTick_Handler
                0x0000037e                PWM1_IRQHandler
                0x0000037e                SWI0_EGU0_IRQHandler
                0x0000037e                POWER_CLOCK_IRQHandler
                0x0000037e                RADIO_IRQHandler
                0x0000037e                PDM_IRQHandler
                0x0000037e                TEMP_IRQHandler
                0x0000037e                QDEC_IRQHandler
                0x0000037e                RTC0_IRQHandler
                0x0000037e                FPU_IRQHandler
                0x0000037e                SPIM0_SPIS0_TWIM0_TWIS0_SPI0_TWI0_IRQHandler
                0x0000037e                SWI2_EGU2_IRQHandler
                0x0000037e                TIMER4_IRQHandler
                0x0000037e                I2S_IRQHandler
                0x0000037e                SWI4_EGU4_IRQHandler
                0x0000037e                TIMER0_IRQHandler
                0x0000037e                Dummy_Handler
                0x0000037e                TIMER1_IRQHandler
                0x0000037e                PWM2_IRQHandler
                0x0000037e                ECB_IRQHandler
                0x0000037e                SPIM1_SPIS1_TWIM1_TWIS1_SPI1_TWI1_IRQHandler
                0x0000037e                SAADC_IRQHandler
                0x0000037e                CCM_AAR_IRQHandler
                0x0000037e                WDT_IRQHandler
                0x0000037e                TIMER3_IRQHandler
                0x0000037e                SWI5_EGU5_IRQHandler
                0x0000037e                RNG_IRQHandler
                0x0000037e                RTC2_IRQHandler
                0x0000037e                PWM0_IRQHandler
                0x0000037e                SWI3_EGU3_IRQHandler
                0x0000037e                SWI1_EGU1_IRQHandler
                0x0000037e                SPIM2_SPIS2_SPI2_IRQHandler
                0x0000037e                NFCT_IRQHandler
                0x0000037e                TIMER2_IRQHandler
                0x0000037e                MWU_IRQHandler
                0x0000037e                COMP_LPCOMP_IRQHandler
                0x00000380                nRFInitialize
 .init          0x00000384       0x5c Output/Debug/Obj/receiver_pca10040/ses_startup_nrf_common.o
                0x00000384                Reset_Handler
                0x00000388                afterInitialize
                0x000003ac                InitializeUserMemorySections
                0x000003e0                        __init_end__ = (__init_start__ + SIZEOF (.init))
                0x000001e0                        __init_size__ = SIZEOF (.init)
                0x000003e0                        __init_load_end__ = __init_end__
                0x00000001                        . = ASSERT (((__init_start__ == __init_end__) || ((__init_end__ - __FLASH1_segment_start__) <= __FLASH1_segment_size__)), error: .init is too large to fit in FLASH1 memory segment)
                0x000003e0                        __init_rodata_load_start__ = ALIGN (__init_end__, 0x4)

.init_rodata    0x000003e0        0x0
                0x000003e0                        __init_rodata_start__ = .
 *(.init_rodata .init_rodata.*)
                0x000003e0                        __init_rodata_end__ = (__init_rodata_start__ + SIZEOF (.init_rodata))
                0x00000000                        __init_rodata_size__ = SIZEOF (.init_rodata)
                0x000003e0                        __init_rodata_load_end__ = __init_rodata_end__
                0x00000001                        . = ASSERT (((__init_rodata_start__ == __init_rodata_end__) || ((__init_rodata_end__ - __FLASH1_segment_start__) <= __FLASH1_segment_size__)), error: .init_rodata is too large to fit in FLASH1 memory segment)
                0x000003e0                        __text_load_start__ = ALIGN (__init_rodata_end__, 0x4)

.text           0x000003e0     0x86bc
                0x000003e0                        __text_start__ = .
 *(.text .text.* .gnu.linkonce.t.* .glue_7t .glue_7 .gcc_except_table .ARM.extab* .gnu.linkonce.armextab.*)
 .glue_7        0x000003e0        0x0 linker stubs
 .glue_7t       0x000003e0        0x0 linker stubs
 .text.nrfx_coredep_delay_us
                0x000003e0       0x30 Output/Debug/Obj/receiver_pca10040/nrf_log_backend_rtt.o
 .text.nrf_delay_ms
                0x00000410       0x2a Output/Debug/Obj/receiver_pca10040/nrf_log_backend_rtt.o
 .text.nrf_log_backend_rtt_init
                0x0000043a        0xa Output/Debug/Obj/receiver_pca10040/nrf_log_backend_rtt.o
                0x0000043a                nrf_log_backend_rtt_init
 .text.serial_tx
                0x00000444       0x84 Output/Debug/Obj/receiver_pca10040/nrf_log_backend_rtt.o
 .text.nrf_log_backend_rtt_put
                0x000004c8       0x28 Output/Debug/Obj/receiver_pca10040/nrf_log_backend_rtt.o
 .text.nrf_log_backend_rtt_flush
                0x000004f0        0xa Output/Debug/Obj/receiver_pca10040/nrf_log_backend_rtt.o
 .text.nrf_log_backend_rtt_panic_set
                0x000004fa        0xa Output/Debug/Obj/receiver_pca10040/nrf_log_backend_rtt.o
 .text.nrf_log_backend_serial_put
                0x00000504      0x124 Output/Debug/Obj/receiver_pca10040/nrf_log_backend_serial.o
                0x00000504                nrf_log_backend_serial_put
 .text.nrf_drv_uart_uninit
                0x00000628       0x44 Output/Debug/Obj/receiver_pca10040/nrf_log_backend_uart.o
 .text.nrf_drv_uart_tx
                0x0000066c       0x64 Output/Debug/Obj/receiver_pca10040/nrf_log_backend_uart.o
 .text.uart_evt_handler
                0x000006d0       0x18 Output/Debug/Obj/receiver_pca10040/nrf_log_backend_uart.o
 .text.uart_init
                0x000006e8       0x88 Output/Debug/Obj/receiver_pca10040/nrf_log_backend_uart.o
 .text.nrf_log_backend_uart_init
                0x00000770       0x1c Output/Debug/Obj/receiver_pca10040/nrf_log_backend_uart.o
                0x00000770                nrf_log_backend_uart_init
 .text.serial_tx
                0x0000078c       0x6c Output/Debug/Obj/receiver_pca10040/nrf_log_backend_uart.o
 .text.nrf_log_backend_uart_put
                0x000007f8       0x28 Output/Debug/Obj/receiver_pca10040/nrf_log_backend_uart.o
 .text.nrf_log_backend_uart_flush
                0x00000820        0xa Output/Debug/Obj/receiver_pca10040/nrf_log_backend_uart.o
 *fill*         0x0000082a        0x2 
 .text.nrf_log_backend_uart_panic_set
                0x0000082c       0x20 Output/Debug/Obj/receiver_pca10040/nrf_log_backend_uart.o
 .text.nrf_log_backend_enable
                0x0000084c       0x12 Output/Debug/Obj/receiver_pca10040/nrf_log_default_backends.o
 *fill*         0x0000085e        0x2 
 .text.nrf_log_default_backends_init
                0x00000860       0x64 Output/Debug/Obj/receiver_pca10040/nrf_log_default_backends.o
                0x00000860                nrf_log_default_backends_init
 .text.nrf_log_backend_put
                0x000008c4       0x1c Output/Debug/Obj/receiver_pca10040/nrf_log_frontend.o
 .text.nrf_log_backend_panic_set
                0x000008e0       0x18 Output/Debug/Obj/receiver_pca10040/nrf_log_frontend.o
 .text.nrf_log_backend_flush
                0x000008f8       0x18 Output/Debug/Obj/receiver_pca10040/nrf_log_frontend.o
 .text.nrf_log_backend_id_set
                0x00000910       0x1a Output/Debug/Obj/receiver_pca10040/nrf_log_frontend.o
 .text.nrf_log_backend_id_get
                0x0000092a       0x10 Output/Debug/Obj/receiver_pca10040/nrf_log_frontend.o
 .text.nrf_log_backend_enable
                0x0000093a       0x12 Output/Debug/Obj/receiver_pca10040/nrf_log_frontend.o
 .text.nrf_log_backend_is_enabled
                0x0000094c       0x10 Output/Debug/Obj/receiver_pca10040/nrf_log_frontend.o
 .text.nrf_log_init
                0x0000095c       0x50 Output/Debug/Obj/receiver_pca10040/nrf_log_frontend.o
                0x0000095c                nrf_log_init
 .text.nrf_log_module_cnt_get
                0x000009ac       0x14 Output/Debug/Obj/receiver_pca10040/nrf_log_frontend.o
                0x000009ac                nrf_log_module_cnt_get
 .text.module_idx_get
                0x000009c0       0x64 Output/Debug/Obj/receiver_pca10040/nrf_log_frontend.o
 .text.nrf_log_module_name_get
                0x00000a24       0x40 Output/Debug/Obj/receiver_pca10040/nrf_log_frontend.o
                0x00000a24                nrf_log_module_name_get
 .text.nrf_log_color_id_get
                0x00000a64       0x70 Output/Debug/Obj/receiver_pca10040/nrf_log_frontend.o
                0x00000a64                nrf_log_color_id_get
 .text.invalid_packets_omit
                0x00000ad4       0x6e Output/Debug/Obj/receiver_pca10040/nrf_log_frontend.o
 *fill*         0x00000b42        0x2 
 .text.log_skip
                0x00000b44      0x118 Output/Debug/Obj/receiver_pca10040/nrf_log_frontend.o
 .text.dropped_sat16_get
                0x00000c5c       0x28 Output/Debug/Obj/receiver_pca10040/nrf_log_frontend.o
 .text.std_header_set
                0x00000c84       0xb4 Output/Debug/Obj/receiver_pca10040/nrf_log_frontend.o
 .text.log_pending_hook
                0x00000d38        0x4 Output/Debug/Obj/receiver_pca10040/nrf_log_frontend.o
                0x00000d38                log_pending_hook
 .text.buf_prealloc
                0x00000d3c      0x128 Output/Debug/Obj/receiver_pca10040/nrf_log_frontend.o
 .text.std_n    0x00000e64       0x94 Output/Debug/Obj/receiver_pca10040/nrf_log_frontend.o
 .text.nrf_log_frontend_std_0
                0x00000ef8       0x1c Output/Debug/Obj/receiver_pca10040/nrf_log_frontend.o
                0x00000ef8                nrf_log_frontend_std_0
 .text.nrf_log_frontend_std_1
                0x00000f14       0x22 Output/Debug/Obj/receiver_pca10040/nrf_log_frontend.o
                0x00000f14                nrf_log_frontend_std_1
 .text.nrf_log_frontend_std_2
                0x00000f36       0x28 Output/Debug/Obj/receiver_pca10040/nrf_log_frontend.o
                0x00000f36                nrf_log_frontend_std_2
 .text.nrf_log_frontend_std_3
                0x00000f5e       0x2c Output/Debug/Obj/receiver_pca10040/nrf_log_frontend.o
                0x00000f5e                nrf_log_frontend_std_3
 .text.nrf_log_frontend_std_5
                0x00000f8a       0x34 Output/Debug/Obj/receiver_pca10040/nrf_log_frontend.o
                0x00000f8a                nrf_log_frontend_std_5
 *fill*         0x00000fbe        0x2 
 .text.buffer_is_empty
                0x00000fc0       0x1c Output/Debug/Obj/receiver_pca10040/nrf_log_frontend.o
                0x00000fc0                buffer_is_empty
 .text.nrf_log_frontend_dequeue
                0x00000fdc      0x3a0 Output/Debug/Obj/receiver_pca10040/nrf_log_frontend.o
                0x00000fdc                nrf_log_frontend_dequeue
 .text.backend_id_assign
                0x0000137c       0x68 Output/Debug/Obj/receiver_pca10040/nrf_log_frontend.o
 .text.nrf_log_backend_add
                0x000013e4       0x70 Output/Debug/Obj/receiver_pca10040/nrf_log_frontend.o
                0x000013e4                nrf_log_backend_add
 .text.nrf_log_panic
                0x00001454       0x3c Output/Debug/Obj/receiver_pca10040/nrf_log_frontend.o
                0x00001454                nrf_log_panic
 .text.timestamp_print
                0x00001490        0xc Output/Debug/Obj/receiver_pca10040/nrf_log_str_formatter.o
 .text.prefix_process
                0x0000149c       0xb0 Output/Debug/Obj/receiver_pca10040/nrf_log_str_formatter.o
 .text.postfix_process
                0x0000154c       0x60 Output/Debug/Obj/receiver_pca10040/nrf_log_str_formatter.o
 .text.nrf_log_std_entry_process
                0x000015ac      0x144 Output/Debug/Obj/receiver_pca10040/nrf_log_str_formatter.o
                0x000015ac                nrf_log_std_entry_process
 .text.nrf_log_hexdump_entry_process
                0x000016f0       0xf0 Output/Debug/Obj/receiver_pca10040/nrf_log_str_formatter.o
                0x000016f0                nrf_log_hexdump_entry_process
 .text.nrf_gpio_pin_port_decode
                0x000017e0       0x30 Output/Debug/Obj/receiver_pca10040/boards.o
 .text.nrf_gpio_cfg
                0x00001810       0x62 Output/Debug/Obj/receiver_pca10040/boards.o
 .text.nrf_gpio_cfg_output
                0x00001872       0x22 Output/Debug/Obj/receiver_pca10040/boards.o
 .text.nrf_gpio_cfg_input
                0x00001894       0x2a Output/Debug/Obj/receiver_pca10040/boards.o
 .text.nrf_gpio_pin_set
                0x000018be       0x28 Output/Debug/Obj/receiver_pca10040/boards.o
 .text.nrf_gpio_pin_clear
                0x000018e6       0x28 Output/Debug/Obj/receiver_pca10040/boards.o
 .text.nrf_gpio_pin_toggle
                0x0000190e       0x44 Output/Debug/Obj/receiver_pca10040/boards.o
 .text.nrf_gpio_pin_write
                0x00001952       0x24 Output/Debug/Obj/receiver_pca10040/boards.o
 .text.nrf_gpio_pin_out_read
                0x00001976       0x2a Output/Debug/Obj/receiver_pca10040/boards.o
 .text.nrf_gpio_port_out_read
                0x000019a0       0x10 Output/Debug/Obj/receiver_pca10040/boards.o
 .text.nrf_gpio_port_out_set
                0x000019b0       0x14 Output/Debug/Obj/receiver_pca10040/boards.o
 .text.nrf_gpio_port_out_clear
                0x000019c4       0x14 Output/Debug/Obj/receiver_pca10040/boards.o
 .text.nrf_gpio_pin_present_check
                0x000019d8       0x38 Output/Debug/Obj/receiver_pca10040/boards.o
 .text.bsp_board_led_state_get
                0x00001a10       0x5c Output/Debug/Obj/receiver_pca10040/boards.o
                0x00001a10                bsp_board_led_state_get
 .text.bsp_board_led_on
                0x00001a6c       0x34 Output/Debug/Obj/receiver_pca10040/boards.o
                0x00001a6c                bsp_board_led_on
 .text.bsp_board_led_off
                0x00001aa0       0x34 Output/Debug/Obj/receiver_pca10040/boards.o
                0x00001aa0                bsp_board_led_off
 .text.bsp_board_leds_off
                0x00001ad4       0x26 Output/Debug/Obj/receiver_pca10040/boards.o
                0x00001ad4                bsp_board_leds_off
 .text.bsp_board_leds_on
                0x00001afa       0x26 Output/Debug/Obj/receiver_pca10040/boards.o
                0x00001afa                bsp_board_leds_on
 .text.bsp_board_led_invert
                0x00001b20       0x34 Output/Debug/Obj/receiver_pca10040/boards.o
                0x00001b20                bsp_board_led_invert
 .text.bsp_board_leds_init
                0x00001b54       0x34 Output/Debug/Obj/receiver_pca10040/boards.o
 .text.bsp_board_buttons_init
                0x00001b88       0x34 Output/Debug/Obj/receiver_pca10040/boards.o
 .text.bsp_board_pin_to_button_idx
                0x00001bbc       0x40 Output/Debug/Obj/receiver_pca10040/boards.o
                0x00001bbc                bsp_board_pin_to_button_idx
 .text.bsp_board_init
                0x00001bfc       0x2a Output/Debug/Obj/receiver_pca10040/boards.o
                0x00001bfc                bsp_board_init
 *fill*         0x00001c26        0x2 
 .text.state_get
                0x00001c28       0x4c Output/Debug/Obj/receiver_pca10040/app_button.o
 .text.state_set
                0x00001c74       0x98 Output/Debug/Obj/receiver_pca10040/app_button.o
 .text.button_get
                0x00001d0c       0x5c Output/Debug/Obj/receiver_pca10040/app_button.o
 .text.usr_event
                0x00001d68       0x44 Output/Debug/Obj/receiver_pca10040/app_button.o
 .text.evt_handle
                0x00001dac      0x19c Output/Debug/Obj/receiver_pca10040/app_button.o
                0x00001dac                evt_handle
 .text.timer_start
                0x00001f48       0x28 Output/Debug/Obj/receiver_pca10040/app_button.o
 .text.detection_delay_timeout_handler
                0x00001f70       0x8c Output/Debug/Obj/receiver_pca10040/app_button.o
 .text.gpiote_event_handler
                0x00001ffc       0x6c Output/Debug/Obj/receiver_pca10040/app_button.o
 .text.app_button_init
                0x00002068      0x110 Output/Debug/Obj/receiver_pca10040/app_button.o
                0x00002068                app_button_init
 .text.app_button_enable
                0x00002178       0x58 Output/Debug/Obj/receiver_pca10040/app_button.o
                0x00002178                app_button_enable
 .text.app_error_handler
                0x000021d0       0x1c Output/Debug/Obj/receiver_pca10040/app_error_handler_gcc.o
                0x000021d0                app_error_handler
 .text.__NVIC_SystemReset
                0x000021ec       0x28 Output/Debug/Obj/receiver_pca10040/app_error_weak.o
 .text.app_error_fault_handler
                0x00002214      0x104 Output/Debug/Obj/receiver_pca10040/app_error_weak.o
                0x00002214                app_error_fault_handler
 .text.get_now  0x00002318       0x64 Output/Debug/Obj/receiver_pca10040/app_timer2.o
 .text.compare_func
                0x0000237c       0x3e Output/Debug/Obj/receiver_pca10040/app_timer2.o
 *fill*         0x000023ba        0x2 
 .text.timer_expire
                0x000023bc      0x10c Output/Debug/Obj/receiver_pca10040/app_timer2.o
 .text.rtc_schedule
                0x000024c8       0xa8 Output/Debug/Obj/receiver_pca10040/app_timer2.o
 .text.sortlist_pop
                0x00002570       0x1c Output/Debug/Obj/receiver_pca10040/app_timer2.o
 .text.sortlist_peek
                0x0000258c       0x1c Output/Debug/Obj/receiver_pca10040/app_timer2.o
 .text.sorted_list_stop_all
                0x000025a8       0x2e Output/Debug/Obj/receiver_pca10040/app_timer2.o
 *fill*         0x000025d6        0x2 
 .text.on_overflow_evt
                0x000025d8       0x1c Output/Debug/Obj/receiver_pca10040/app_timer2.o
 .text.on_compare_evt
                0x000025f4       0x58 Output/Debug/Obj/receiver_pca10040/app_timer2.o
 .text.on_compare1_evt
                0x0000264c       0x20 Output/Debug/Obj/receiver_pca10040/app_timer2.o
 .text.rtc_update
                0x0000266c       0xf4 Output/Debug/Obj/receiver_pca10040/app_timer2.o
 .text.timer_req_process
                0x00002760       0xc4 Output/Debug/Obj/receiver_pca10040/app_timer2.o
 .text.rtc_irq  0x00002824       0x52 Output/Debug/Obj/receiver_pca10040/app_timer2.o
 *fill*         0x00002876        0x2 
 .text.timer_request_proc_trigger
                0x00002878       0x10 Output/Debug/Obj/receiver_pca10040/app_timer2.o
 .text.timer_req_schedule
                0x00002888       0x58 Output/Debug/Obj/receiver_pca10040/app_timer2.o
 .text.app_timer_init
                0x000028e0       0x7c Output/Debug/Obj/receiver_pca10040/app_timer2.o
                0x000028e0                app_timer_init
 .text.app_timer_create
                0x0000295c       0x74 Output/Debug/Obj/receiver_pca10040/app_timer2.o
                0x0000295c                app_timer_create
 .text.app_timer_start
                0x000029d0       0xa0 Output/Debug/Obj/receiver_pca10040/app_timer2.o
                0x000029d0                app_timer_start
 .text.app_timer_stop
                0x00002a70       0x7c Output/Debug/Obj/receiver_pca10040/app_timer2.o
                0x00002a70                app_timer_stop
 .text.app_timer_cnt_diff_compute
                0x00002aec       0x16 Output/Debug/Obj/receiver_pca10040/app_timer2.o
                0x00002aec                app_timer_cnt_diff_compute
 *fill*         0x00002b02        0x2 
 .text.app_timer_cnt_get
                0x00002b04       0x14 Output/Debug/Obj/receiver_pca10040/app_timer2.o
                0x00002b04                app_timer_cnt_get
 .text.app_util_disable_irq
                0x00002b18       0x18 Output/Debug/Obj/receiver_pca10040/app_util_platform.o
                0x00002b18                app_util_disable_irq
 .text.app_util_enable_irq
                0x00002b30       0x20 Output/Debug/Obj/receiver_pca10040/app_util_platform.o
                0x00002b30                app_util_enable_irq
 .text.app_util_critical_region_enter
                0x00002b50       0x28 Output/Debug/Obj/receiver_pca10040/app_util_platform.o
                0x00002b50                app_util_critical_region_enter
 .text.app_util_critical_region_exit
                0x00002b78       0x2c Output/Debug/Obj/receiver_pca10040/app_util_platform.o
                0x00002b78                app_util_critical_region_exit
 .text.privilege_level_get
                0x00002ba4       0x3a Output/Debug/Obj/receiver_pca10040/app_util_platform.o
                0x00002ba4                privilege_level_get
 *fill*         0x00002bde        0x2 
 .text.__NVIC_EnableIRQ
                0x00002be0       0x34 Output/Debug/Obj/receiver_pca10040/drv_rtc.o
 .text.__NVIC_SetPendingIRQ
                0x00002c14       0x38 Output/Debug/Obj/receiver_pca10040/drv_rtc.o
 .text.__NVIC_SetPriority
                0x00002c4c       0x50 Output/Debug/Obj/receiver_pca10040/drv_rtc.o
 .text._NRFX_IRQ_PRIORITY_SET
                0x00002c9c       0x40 Output/Debug/Obj/receiver_pca10040/drv_rtc.o
 .text._NRFX_IRQ_ENABLE
                0x00002cdc       0x1c Output/Debug/Obj/receiver_pca10040/drv_rtc.o
 .text.nrfx_coredep_delay_us
                0x00002cf8       0x30 Output/Debug/Obj/receiver_pca10040/drv_rtc.o
 .text.nrf_rtc_cc_set
                0x00002d28       0x1c Output/Debug/Obj/receiver_pca10040/drv_rtc.o
 .text.nrf_rtc_cc_get
                0x00002d44       0x18 Output/Debug/Obj/receiver_pca10040/drv_rtc.o
 .text.nrf_rtc_int_enable
                0x00002d5c       0x14 Output/Debug/Obj/receiver_pca10040/drv_rtc.o
 .text.nrf_rtc_int_disable
                0x00002d70       0x14 Output/Debug/Obj/receiver_pca10040/drv_rtc.o
 .text.nrf_rtc_event_pending
                0x00002d84       0x1a Output/Debug/Obj/receiver_pca10040/drv_rtc.o
 .text.nrf_rtc_event_clear
                0x00002d9e       0x2a Output/Debug/Obj/receiver_pca10040/drv_rtc.o
 .text.nrf_rtc_counter_get
                0x00002dc8       0x10 Output/Debug/Obj/receiver_pca10040/drv_rtc.o
 .text.nrf_rtc_prescaler_set
                0x00002dd8       0x30 Output/Debug/Obj/receiver_pca10040/drv_rtc.o
 .text.nrf_rtc_task_trigger
                0x00002e08       0x1e Output/Debug/Obj/receiver_pca10040/drv_rtc.o
 .text.nrf_rtc_event_enable
                0x00002e26       0x14 Output/Debug/Obj/receiver_pca10040/drv_rtc.o
 .text.nrf_rtc_event_disable
                0x00002e3a       0x14 Output/Debug/Obj/receiver_pca10040/drv_rtc.o
 *fill*         0x00002e4e        0x2 
 .text.drv_rtc_init
                0x00002e50       0xfc Output/Debug/Obj/receiver_pca10040/drv_rtc.o
                0x00002e50                drv_rtc_init
 .text.drv_rtc_start
                0x00002f4c       0x2c Output/Debug/Obj/receiver_pca10040/drv_rtc.o
                0x00002f4c                drv_rtc_start
 .text.drv_rtc_stop
                0x00002f78       0x2c Output/Debug/Obj/receiver_pca10040/drv_rtc.o
                0x00002f78                drv_rtc_stop
 .text.drv_rtc_compare_set
                0x00002fa4       0xa0 Output/Debug/Obj/receiver_pca10040/drv_rtc.o
                0x00002fa4                drv_rtc_compare_set
 .text.evt_enable
                0x00003044       0x48 Output/Debug/Obj/receiver_pca10040/drv_rtc.o
 .text.evt_disable
                0x0000308c       0x3c Output/Debug/Obj/receiver_pca10040/drv_rtc.o
 .text.evt_pending
                0x000030c8       0x54 Output/Debug/Obj/receiver_pca10040/drv_rtc.o
 .text.ticks_sub
                0x0000311c       0x16 Output/Debug/Obj/receiver_pca10040/drv_rtc.o
 *fill*         0x00003132        0x2 
 .text.drv_rtc_windowed_compare_set
                0x00003134      0x174 Output/Debug/Obj/receiver_pca10040/drv_rtc.o
                0x00003134                drv_rtc_windowed_compare_set
 .text.drv_rtc_overflow_enable
                0x000032a8       0x22 Output/Debug/Obj/receiver_pca10040/drv_rtc.o
                0x000032a8                drv_rtc_overflow_enable
 .text.drv_rtc_overflow_pending
                0x000032ca       0x1a Output/Debug/Obj/receiver_pca10040/drv_rtc.o
                0x000032ca                drv_rtc_overflow_pending
 .text.drv_rtc_compare_disable
                0x000032e4       0x22 Output/Debug/Obj/receiver_pca10040/drv_rtc.o
                0x000032e4                drv_rtc_compare_disable
 .text.drv_rtc_compare_pending
                0x00003306       0x2a Output/Debug/Obj/receiver_pca10040/drv_rtc.o
                0x00003306                drv_rtc_compare_pending
 .text.drv_rtc_compare_get
                0x00003330       0x1e Output/Debug/Obj/receiver_pca10040/drv_rtc.o
                0x00003330                drv_rtc_compare_get
 .text.drv_rtc_counter_get
                0x0000334e       0x1a Output/Debug/Obj/receiver_pca10040/drv_rtc.o
                0x0000334e                drv_rtc_counter_get
 .text.drv_rtc_irq_trigger
                0x00003368       0x1a Output/Debug/Obj/receiver_pca10040/drv_rtc.o
                0x00003368                drv_rtc_irq_trigger
 *fill*         0x00003382        0x2 
 .text.RTC1_IRQHandler
                0x00003384       0x1c Output/Debug/Obj/receiver_pca10040/drv_rtc.o
                0x00003384                RTC1_IRQHandler
 .text.assert_nrf_callback
                0x000033a0       0x2c Output/Debug/Obj/receiver_pca10040/nrf_assert.o
                0x000033a0                assert_nrf_callback
 .text.nrf_atfifo_wspace_req
                0x000033cc       0x54 Output/Debug/Obj/receiver_pca10040/nrf_atfifo.o
 .text.nrf_atfifo_wspace_close
                0x00003420       0x20 Output/Debug/Obj/receiver_pca10040/nrf_atfifo.o
 .text.nrf_atfifo_rspace_req
                0x00003440       0x56 Output/Debug/Obj/receiver_pca10040/nrf_atfifo.o
 .text.nrf_atfifo_rspace_close
                0x00003496       0x20 Output/Debug/Obj/receiver_pca10040/nrf_atfifo.o
 .text.nrf_atfifo_init
                0x000034b6       0x66 Output/Debug/Obj/receiver_pca10040/nrf_atfifo.o
                0x000034b6                nrf_atfifo_init
 .text.nrf_atfifo_item_alloc
                0x0000351c       0x32 Output/Debug/Obj/receiver_pca10040/nrf_atfifo.o
                0x0000351c                nrf_atfifo_item_alloc
 .text.nrf_atfifo_item_put
                0x0000354e       0x28 Output/Debug/Obj/receiver_pca10040/nrf_atfifo.o
                0x0000354e                nrf_atfifo_item_put
 .text.nrf_atfifo_item_get
                0x00003576       0x32 Output/Debug/Obj/receiver_pca10040/nrf_atfifo.o
                0x00003576                nrf_atfifo_item_get
 .text.nrf_atfifo_item_free
                0x000035a8       0x28 Output/Debug/Obj/receiver_pca10040/nrf_atfifo.o
                0x000035a8                nrf_atfifo_item_free
 .text.nrf_atomic_u32_fetch_store
                0x000035d0       0x2e Output/Debug/Obj/receiver_pca10040/nrf_atomic.o
                0x000035d0                nrf_atomic_u32_fetch_store
 .text.nrf_atomic_u32_or
                0x000035fe       0x30 Output/Debug/Obj/receiver_pca10040/nrf_atomic.o
                0x000035fe                nrf_atomic_u32_or
 .text.nrf_atomic_u32_fetch_and
                0x0000362e       0x30 Output/Debug/Obj/receiver_pca10040/nrf_atomic.o
                0x0000362e                nrf_atomic_u32_fetch_and
 .text.nrf_atomic_u32_add
                0x0000365e       0x30 Output/Debug/Obj/receiver_pca10040/nrf_atomic.o
                0x0000365e                nrf_atomic_u32_add
 .text.nrf_atomic_u32_sub
                0x0000368e       0x30 Output/Debug/Obj/receiver_pca10040/nrf_atomic.o
                0x0000368e                nrf_atomic_u32_sub
 .text.nrf_atomic_flag_set
                0x000036be       0x18 Output/Debug/Obj/receiver_pca10040/nrf_atomic.o
                0x000036be                nrf_atomic_flag_set
 .text.nrf_atomic_flag_clear_fetch
                0x000036d6       0x18 Output/Debug/Obj/receiver_pca10040/nrf_atomic.o
                0x000036d6                nrf_atomic_flag_clear_fetch
 *fill*         0x000036ee        0x2 
 .text.nrf_balloc_idx2block
                0x000036f0       0x38 Output/Debug/Obj/receiver_pca10040/nrf_balloc.o
 .text.nrf_balloc_block2idx
                0x00003728       0x34 Output/Debug/Obj/receiver_pca10040/nrf_balloc.o
 .text.nrf_balloc_init
                0x0000375c       0xb8 Output/Debug/Obj/receiver_pca10040/nrf_balloc.o
                0x0000375c                nrf_balloc_init
 .text.nrf_balloc_alloc
                0x00003814       0x84 Output/Debug/Obj/receiver_pca10040/nrf_balloc.o
                0x00003814                nrf_balloc_alloc
 .text.nrf_balloc_free
                0x00003898       0x58 Output/Debug/Obj/receiver_pca10040/nrf_balloc.o
                0x00003898                nrf_balloc_free
 .text.nrf_fprintf_buffer_flush
                0x000038f0       0x44 Output/Debug/Obj/receiver_pca10040/nrf_fprintf.o
                0x000038f0                nrf_fprintf_buffer_flush
 .text.nrf_fprintf
                0x00003934       0x74 Output/Debug/Obj/receiver_pca10040/nrf_fprintf.o
                0x00003934                nrf_fprintf
 .text.buffer_add
                0x000039a8       0x4c Output/Debug/Obj/receiver_pca10040/nrf_fprintf_format.o
 .text.string_print
                0x000039f4       0xc2 Output/Debug/Obj/receiver_pca10040/nrf_fprintf_format.o
 *fill*         0x00003ab6        0x2 
 .text.unsigned_print
                0x00003ab8      0x130 Output/Debug/Obj/receiver_pca10040/nrf_fprintf_format.o
 .text.int_print
                0x00003be8      0x11c Output/Debug/Obj/receiver_pca10040/nrf_fprintf_format.o
 .text.nrf_fprintf_fmt
                0x00003d04      0x388 Output/Debug/Obj/receiver_pca10040/nrf_fprintf_format.o
                0x00003d04                nrf_fprintf_fmt
 .text.nrf_memobj_pool_init
                0x0000408c       0x16 Output/Debug/Obj/receiver_pca10040/nrf_memobj.o
                0x0000408c                nrf_memobj_pool_init
 .text.nrf_memobj_alloc
                0x000040a2       0xae Output/Debug/Obj/receiver_pca10040/nrf_memobj.o
                0x000040a2                nrf_memobj_alloc
 .text.nrf_memobj_free
                0x00004150       0x74 Output/Debug/Obj/receiver_pca10040/nrf_memobj.o
                0x00004150                nrf_memobj_free
 .text.nrf_memobj_get
                0x000041c4       0x1e Output/Debug/Obj/receiver_pca10040/nrf_memobj.o
                0x000041c4                nrf_memobj_get
 .text.nrf_memobj_put
                0x000041e2       0x34 Output/Debug/Obj/receiver_pca10040/nrf_memobj.o
                0x000041e2                nrf_memobj_put
 *fill*         0x00004216        0x2 
 .text.memobj_op
                0x00004218      0x124 Output/Debug/Obj/receiver_pca10040/nrf_memobj.o
 .text.nrf_memobj_write
                0x0000433c       0x3c Output/Debug/Obj/receiver_pca10040/nrf_memobj.o
                0x0000433c                nrf_memobj_write
 .text.nrf_memobj_read
                0x00004378       0x40 Output/Debug/Obj/receiver_pca10040/nrf_memobj.o
                0x00004378                nrf_memobj_read
 .text.nrf_ringbuf_init
                0x000043b8       0x3a Output/Debug/Obj/receiver_pca10040/nrf_ringbuf.o
                0x000043b8                nrf_ringbuf_init
 *fill*         0x000043f2        0x2 
 .text.nrf_sortlist_add
                0x000043f4       0x74 Output/Debug/Obj/receiver_pca10040/nrf_sortlist.o
                0x000043f4                nrf_sortlist_add
 .text.nrf_sortlist_pop
                0x00004468       0x44 Output/Debug/Obj/receiver_pca10040/nrf_sortlist.o
                0x00004468                nrf_sortlist_pop
 .text.nrf_sortlist_peek
                0x000044ac       0x28 Output/Debug/Obj/receiver_pca10040/nrf_sortlist.o
                0x000044ac                nrf_sortlist_peek
 .text.nrf_sortlist_remove
                0x000044d4       0x6c Output/Debug/Obj/receiver_pca10040/nrf_sortlist.o
                0x000044d4                nrf_sortlist_remove
 .text.nrf_strerror_get
                0x00004540       0x28 Output/Debug/Obj/receiver_pca10040/nrf_strerror.o
                0x00004540                nrf_strerror_get
 .text.nrf_strerror_find
                0x00004568       0x68 Output/Debug/Obj/receiver_pca10040/nrf_strerror.o
                0x00004568                nrf_strerror_find
 .text.uarte_evt_handler
                0x000045d0       0x50 Output/Debug/Obj/receiver_pca10040/nrf_drv_uart.o
 .text.uart_evt_handler
                0x00004620       0x50 Output/Debug/Obj/receiver_pca10040/nrf_drv_uart.o
 .text.nrf_drv_uart_init
                0x00004670       0xc0 Output/Debug/Obj/receiver_pca10040/nrf_drv_uart.o
                0x00004670                nrf_drv_uart_init
 .text.__NVIC_EnableIRQ
                0x00004730       0x34 Output/Debug/Obj/receiver_pca10040/nrfx_gpiote.o
 .text.__NVIC_SetPriority
                0x00004764       0x50 Output/Debug/Obj/receiver_pca10040/nrfx_gpiote.o
 .text.nrfx_get_irq_number
                0x000047b4       0x10 Output/Debug/Obj/receiver_pca10040/nrfx_gpiote.o
 .text._NRFX_IRQ_PRIORITY_SET
                0x000047c4       0x40 Output/Debug/Obj/receiver_pca10040/nrfx_gpiote.o
 .text._NRFX_IRQ_ENABLE
                0x00004804       0x1c Output/Debug/Obj/receiver_pca10040/nrfx_gpiote.o
 .text.nrf_gpiote_event_is_set
                0x00004820       0x2a Output/Debug/Obj/receiver_pca10040/nrfx_gpiote.o
 .text.nrf_gpiote_event_clear
                0x0000484a       0x36 Output/Debug/Obj/receiver_pca10040/nrfx_gpiote.o
 .text.nrf_gpiote_event_addr_get
                0x00004880       0x1a Output/Debug/Obj/receiver_pca10040/nrfx_gpiote.o
 *fill*         0x0000489a        0x2 
 .text.nrf_gpiote_int_enable
                0x0000489c       0x18 Output/Debug/Obj/receiver_pca10040/nrfx_gpiote.o
 .text.nrf_gpiote_int_is_enabled
                0x000048b4       0x18 Output/Debug/Obj/receiver_pca10040/nrfx_gpiote.o
 .text.nrf_gpiote_event_enable
                0x000048cc       0x2c Output/Debug/Obj/receiver_pca10040/nrfx_gpiote.o
 .text.nrf_gpiote_event_configure
                0x000048f8       0x64 Output/Debug/Obj/receiver_pca10040/nrfx_gpiote.o
 .text.nrf_gpiote_event_pin_get
                0x0000495c       0x20 Output/Debug/Obj/receiver_pca10040/nrfx_gpiote.o
 .text.nrf_gpiote_event_polarity_get
                0x0000497c       0x24 Output/Debug/Obj/receiver_pca10040/nrfx_gpiote.o
 .text.nrf_gpio_pin_port_decode
                0x000049a0       0x30 Output/Debug/Obj/receiver_pca10040/nrfx_gpiote.o
 .text.nrf_gpio_cfg
                0x000049d0       0x62 Output/Debug/Obj/receiver_pca10040/nrfx_gpiote.o
 .text.nrf_gpio_cfg_input
                0x00004a32       0x2a Output/Debug/Obj/receiver_pca10040/nrfx_gpiote.o
 .text.nrf_gpio_cfg_watcher
                0x00004a5c       0x38 Output/Debug/Obj/receiver_pca10040/nrfx_gpiote.o
 .text.nrf_gpio_cfg_sense_set
                0x00004a94       0x5a Output/Debug/Obj/receiver_pca10040/nrfx_gpiote.o
 .text.nrf_gpio_pin_read
                0x00004aee       0x2a Output/Debug/Obj/receiver_pca10040/nrfx_gpiote.o
 .text.nrf_gpio_pin_sense_get
                0x00004b18       0x2c Output/Debug/Obj/receiver_pca10040/nrfx_gpiote.o
 .text.nrf_gpio_port_in_read
                0x00004b44       0x10 Output/Debug/Obj/receiver_pca10040/nrfx_gpiote.o
 .text.nrf_gpio_latches_read_and_clear
                0x00004b54       0x5c Output/Debug/Obj/receiver_pca10040/nrfx_gpiote.o
 .text.nrf_gpio_pin_latch_clear
                0x00004bb0       0x28 Output/Debug/Obj/receiver_pca10040/nrfx_gpiote.o
 .text.nrf_gpio_pin_present_check
                0x00004bd8       0x38 Output/Debug/Obj/receiver_pca10040/nrfx_gpiote.o
 .text.nrf_bitmask_bit_is_set
                0x00004c10       0x30 Output/Debug/Obj/receiver_pca10040/nrfx_gpiote.o
 .text.nrf_bitmask_bit_set
                0x00004c40       0x40 Output/Debug/Obj/receiver_pca10040/nrfx_gpiote.o
 .text.pin_in_use_by_te
                0x00004c80       0x3c Output/Debug/Obj/receiver_pca10040/nrfx_gpiote.o
 .text.pin_in_use_by_port
                0x00004cbc       0x24 Output/Debug/Obj/receiver_pca10040/nrfx_gpiote.o
 .text.pin_in_use_by_gpiote
                0x00004ce0       0x24 Output/Debug/Obj/receiver_pca10040/nrfx_gpiote.o
 .text.pin_in_use_by_te_set
                0x00004d04       0x50 Output/Debug/Obj/receiver_pca10040/nrfx_gpiote.o
 .text.pin_in_use_clear
                0x00004d54       0x1c Output/Debug/Obj/receiver_pca10040/nrfx_gpiote.o
 .text.pin_configured_set
                0x00004d70       0x1c Output/Debug/Obj/receiver_pca10040/nrfx_gpiote.o
 .text.channel_port_get
                0x00004d8c       0x1c Output/Debug/Obj/receiver_pca10040/nrfx_gpiote.o
 .text.channel_handler_get
                0x00004da8       0x18 Output/Debug/Obj/receiver_pca10040/nrfx_gpiote.o
 .text.port_handler_pin_get
                0x00004dc0       0x28 Output/Debug/Obj/receiver_pca10040/nrfx_gpiote.o
 .text.port_handler_polarity_get
                0x00004de8       0x28 Output/Debug/Obj/receiver_pca10040/nrfx_gpiote.o
 .text.channel_port_alloc
                0x00004e10       0x7c Output/Debug/Obj/receiver_pca10040/nrfx_gpiote.o
 .text.channel_free
                0x00004e8c       0x38 Output/Debug/Obj/receiver_pca10040/nrfx_gpiote.o
 .text.nrfx_gpiote_init
                0x00004ec4       0xc8 Output/Debug/Obj/receiver_pca10040/nrfx_gpiote.o
                0x00004ec4                nrfx_gpiote_init
 .text.nrfx_gpiote_is_init
                0x00004f8c       0x18 Output/Debug/Obj/receiver_pca10040/nrfx_gpiote.o
                0x00004f8c                nrfx_gpiote_is_init
 .text.nrfx_gpiote_in_init
                0x00004fa4       0xfc Output/Debug/Obj/receiver_pca10040/nrfx_gpiote.o
                0x00004fa4                nrfx_gpiote_in_init
 .text.nrfx_gpiote_in_event_enable
                0x000050a0      0x108 Output/Debug/Obj/receiver_pca10040/nrfx_gpiote.o
                0x000050a0                nrfx_gpiote_in_event_enable
 .text.nrfx_gpiote_in_is_set
                0x000051a8       0x3c Output/Debug/Obj/receiver_pca10040/nrfx_gpiote.o
                0x000051a8                nrfx_gpiote_in_is_set
 .text.latch_pending_read_and_check
                0x000051e4       0x3e Output/Debug/Obj/receiver_pca10040/nrfx_gpiote.o
 *fill*         0x00005222        0x2 
 .text.port_event_handle
                0x00005224       0xe4 Output/Debug/Obj/receiver_pca10040/nrfx_gpiote.o
 .text.GPIOTE_IRQHandler
                0x00005308      0x104 Output/Debug/Obj/receiver_pca10040/nrfx_gpiote.o
                0x00005308                GPIOTE_IRQHandler
 .text.UARTE0_UART0_IRQHandler
                0x0000540c       0x24 Output/Debug/Obj/receiver_pca10040/nrfx_prs.o
                0x0000540c                UARTE0_UART0_IRQHandler
 .text.prs_box_get
                0x00005430       0x20 Output/Debug/Obj/receiver_pca10040/nrfx_prs.o
 .text.nrfx_prs_acquire
                0x00005450       0x74 Output/Debug/Obj/receiver_pca10040/nrfx_prs.o
                0x00005450                nrfx_prs_acquire
 .text.nrfx_prs_release
                0x000054c4       0x3c Output/Debug/Obj/receiver_pca10040/nrfx_prs.o
                0x000054c4                nrfx_prs_release
 .text.__NVIC_EnableIRQ
                0x00005500       0x34 Output/Debug/Obj/receiver_pca10040/nrfx_uart.o
 .text.__NVIC_DisableIRQ
                0x00005534       0x44 Output/Debug/Obj/receiver_pca10040/nrfx_uart.o
 .text.__NVIC_SetPriority
                0x00005578       0x50 Output/Debug/Obj/receiver_pca10040/nrfx_uart.o
 .text.nrfx_get_irq_number
                0x000055c8       0x10 Output/Debug/Obj/receiver_pca10040/nrfx_uart.o
 .text._NRFX_IRQ_PRIORITY_SET
                0x000055d8       0x40 Output/Debug/Obj/receiver_pca10040/nrfx_uart.o
 .text._NRFX_IRQ_ENABLE
                0x00005618       0x1c Output/Debug/Obj/receiver_pca10040/nrfx_uart.o
 .text._NRFX_IRQ_DISABLE
                0x00005634       0x1c Output/Debug/Obj/receiver_pca10040/nrfx_uart.o
 .text.nrf_uart_event_clear
                0x00005650       0x2a Output/Debug/Obj/receiver_pca10040/nrfx_uart.o
 .text.nrf_uart_event_check
                0x0000567a       0x24 Output/Debug/Obj/receiver_pca10040/nrfx_uart.o
 .text.nrf_uart_int_enable
                0x0000569e       0x14 Output/Debug/Obj/receiver_pca10040/nrfx_uart.o
 .text.nrf_uart_int_enable_check
                0x000056b2       0x20 Output/Debug/Obj/receiver_pca10040/nrfx_uart.o
 .text.nrf_uart_int_disable
                0x000056d2       0x14 Output/Debug/Obj/receiver_pca10040/nrfx_uart.o
 .text.nrf_uart_errorsrc_get_and_clear
                0x000056e6       0x1c Output/Debug/Obj/receiver_pca10040/nrfx_uart.o
 .text.nrf_uart_enable
                0x00005702       0x12 Output/Debug/Obj/receiver_pca10040/nrfx_uart.o
 .text.nrf_uart_disable
                0x00005714       0x12 Output/Debug/Obj/receiver_pca10040/nrfx_uart.o
 .text.nrf_uart_txrx_pins_set
                0x00005726       0x1e Output/Debug/Obj/receiver_pca10040/nrfx_uart.o
 .text.nrf_uart_txrx_pins_disconnect
                0x00005744       0x1c Output/Debug/Obj/receiver_pca10040/nrfx_uart.o
 .text.nrf_uart_tx_pin_get
                0x00005760       0x10 Output/Debug/Obj/receiver_pca10040/nrfx_uart.o
 .text.nrf_uart_rx_pin_get
                0x00005770       0x10 Output/Debug/Obj/receiver_pca10040/nrfx_uart.o
 .text.nrf_uart_rts_pin_get
                0x00005780       0x10 Output/Debug/Obj/receiver_pca10040/nrfx_uart.o
 .text.nrf_uart_cts_pin_get
                0x00005790       0x10 Output/Debug/Obj/receiver_pca10040/nrfx_uart.o
 .text.nrf_uart_hwfc_pins_set
                0x000057a0       0x1e Output/Debug/Obj/receiver_pca10040/nrfx_uart.o
 .text.nrf_uart_hwfc_pins_disconnect
                0x000057be       0x1c Output/Debug/Obj/receiver_pca10040/nrfx_uart.o
 .text.nrf_uart_rxd_get
                0x000057da       0x12 Output/Debug/Obj/receiver_pca10040/nrfx_uart.o
 .text.nrf_uart_txd_set
                0x000057ec       0x1a Output/Debug/Obj/receiver_pca10040/nrfx_uart.o
 .text.nrf_uart_task_trigger
                0x00005806       0x1c Output/Debug/Obj/receiver_pca10040/nrfx_uart.o
 .text.nrf_uart_configure
                0x00005822       0x2a Output/Debug/Obj/receiver_pca10040/nrfx_uart.o
 .text.nrf_uart_baudrate_set
                0x0000584c       0x14 Output/Debug/Obj/receiver_pca10040/nrfx_uart.o
 .text.nrf_gpio_pin_port_decode
                0x00005860       0x30 Output/Debug/Obj/receiver_pca10040/nrfx_uart.o
 .text.nrf_gpio_cfg
                0x00005890       0x62 Output/Debug/Obj/receiver_pca10040/nrfx_uart.o
 .text.nrf_gpio_cfg_output
                0x000058f2       0x22 Output/Debug/Obj/receiver_pca10040/nrfx_uart.o
 .text.nrf_gpio_cfg_input
                0x00005914       0x2a Output/Debug/Obj/receiver_pca10040/nrfx_uart.o
 .text.nrf_gpio_cfg_default
                0x0000593e       0x22 Output/Debug/Obj/receiver_pca10040/nrfx_uart.o
 .text.nrf_gpio_pin_set
                0x00005960       0x28 Output/Debug/Obj/receiver_pca10040/nrfx_uart.o
 .text.nrf_gpio_port_out_set
                0x00005988       0x14 Output/Debug/Obj/receiver_pca10040/nrfx_uart.o
 .text.nrf_gpio_pin_present_check
                0x0000599c       0x38 Output/Debug/Obj/receiver_pca10040/nrfx_uart.o
 .text.apply_config
                0x000059d4       0xc6 Output/Debug/Obj/receiver_pca10040/nrfx_uart.o
 *fill*         0x00005a9a        0x2 
 .text.interrupts_enable
                0x00005a9c       0x6c Output/Debug/Obj/receiver_pca10040/nrfx_uart.o
 .text.interrupts_disable
                0x00005b08       0x30 Output/Debug/Obj/receiver_pca10040/nrfx_uart.o
 .text.pins_to_default
                0x00005b38       0x8a Output/Debug/Obj/receiver_pca10040/nrfx_uart.o
 *fill*         0x00005bc2        0x2 
 .text.nrfx_uart_init
                0x00005bc4       0xd4 Output/Debug/Obj/receiver_pca10040/nrfx_uart.o
                0x00005bc4                nrfx_uart_init
 .text.nrfx_uart_uninit
                0x00005c98       0x5c Output/Debug/Obj/receiver_pca10040/nrfx_uart.o
                0x00005c98                nrfx_uart_uninit
 .text.tx_byte  0x00005cf4       0x40 Output/Debug/Obj/receiver_pca10040/nrfx_uart.o
 .text.tx_blocking
                0x00005d34       0x52 Output/Debug/Obj/receiver_pca10040/nrfx_uart.o
 *fill*         0x00005d86        0x2 
 .text.nrfx_uart_tx
                0x00005d88      0x110 Output/Debug/Obj/receiver_pca10040/nrfx_uart.o
                0x00005d88                nrfx_uart_tx
 .text.nrfx_uart_tx_in_progress
                0x00005e98       0x2c Output/Debug/Obj/receiver_pca10040/nrfx_uart.o
                0x00005e98                nrfx_uart_tx_in_progress
 .text.rx_byte  0x00005ec4       0x4e Output/Debug/Obj/receiver_pca10040/nrfx_uart.o
 .text.rx_done_event
                0x00005f12       0x2e Output/Debug/Obj/receiver_pca10040/nrfx_uart.o
 .text.tx_done_event
                0x00005f40       0x34 Output/Debug/Obj/receiver_pca10040/nrfx_uart.o
 .text.uart_irq_handler
                0x00005f74      0x1de Output/Debug/Obj/receiver_pca10040/nrfx_uart.o
 *fill*         0x00006152        0x2 
 .text.nrfx_uart_0_irq_handler
                0x00006154       0x18 Output/Debug/Obj/receiver_pca10040/nrfx_uart.o
                0x00006154                nrfx_uart_0_irq_handler
 .text.__NVIC_EnableIRQ
                0x0000616c       0x34 Output/Debug/Obj/receiver_pca10040/nrfx_uarte.o
 .text.__NVIC_DisableIRQ
                0x000061a0       0x44 Output/Debug/Obj/receiver_pca10040/nrfx_uarte.o
 .text.__NVIC_SetPriority
                0x000061e4       0x50 Output/Debug/Obj/receiver_pca10040/nrfx_uarte.o
 .text.nrfx_is_in_ram
                0x00006234       0x1c Output/Debug/Obj/receiver_pca10040/nrfx_uarte.o
 .text.nrfx_get_irq_number
                0x00006250       0x10 Output/Debug/Obj/receiver_pca10040/nrfx_uarte.o
 .text._NRFX_IRQ_PRIORITY_SET
                0x00006260       0x40 Output/Debug/Obj/receiver_pca10040/nrfx_uarte.o
 .text._NRFX_IRQ_ENABLE
                0x000062a0       0x1c Output/Debug/Obj/receiver_pca10040/nrfx_uarte.o
 .text._NRFX_IRQ_DISABLE
                0x000062bc       0x1c Output/Debug/Obj/receiver_pca10040/nrfx_uarte.o
 .text.nrf_uarte_event_clear
                0x000062d8       0x2a Output/Debug/Obj/receiver_pca10040/nrfx_uarte.o
 .text.nrf_uarte_event_check
                0x00006302       0x24 Output/Debug/Obj/receiver_pca10040/nrfx_uarte.o
 .text.nrf_uarte_shorts_disable
                0x00006326       0x1e Output/Debug/Obj/receiver_pca10040/nrfx_uarte.o
 .text.nrf_uarte_int_enable
                0x00006344       0x14 Output/Debug/Obj/receiver_pca10040/nrfx_uarte.o
 .text.nrf_uarte_int_disable
                0x00006358       0x14 Output/Debug/Obj/receiver_pca10040/nrfx_uarte.o
 .text.nrf_uarte_errorsrc_get_and_clear
                0x0000636c       0x1c Output/Debug/Obj/receiver_pca10040/nrfx_uarte.o
 .text.nrf_uarte_enable
                0x00006388       0x12 Output/Debug/Obj/receiver_pca10040/nrfx_uarte.o
 .text.nrf_uarte_disable
                0x0000639a       0x12 Output/Debug/Obj/receiver_pca10040/nrfx_uarte.o
 .text.nrf_uarte_txrx_pins_set
                0x000063ac       0x1e Output/Debug/Obj/receiver_pca10040/nrfx_uarte.o
 .text.nrf_uarte_txrx_pins_disconnect
                0x000063ca       0x1c Output/Debug/Obj/receiver_pca10040/nrfx_uarte.o
 .text.nrf_uarte_tx_pin_get
                0x000063e6       0x10 Output/Debug/Obj/receiver_pca10040/nrfx_uarte.o
 .text.nrf_uarte_rx_pin_get
                0x000063f6       0x10 Output/Debug/Obj/receiver_pca10040/nrfx_uarte.o
 .text.nrf_uarte_rts_pin_get
                0x00006406       0x10 Output/Debug/Obj/receiver_pca10040/nrfx_uarte.o
 .text.nrf_uarte_cts_pin_get
                0x00006416       0x10 Output/Debug/Obj/receiver_pca10040/nrfx_uarte.o
 .text.nrf_uarte_hwfc_pins_set
                0x00006426       0x1e Output/Debug/Obj/receiver_pca10040/nrfx_uarte.o
 .text.nrf_uarte_hwfc_pins_disconnect
                0x00006444       0x1c Output/Debug/Obj/receiver_pca10040/nrfx_uarte.o
 .text.nrf_uarte_task_trigger
                0x00006460       0x1c Output/Debug/Obj/receiver_pca10040/nrfx_uarte.o
 .text.nrf_uarte_configure
                0x0000647c       0x2a Output/Debug/Obj/receiver_pca10040/nrfx_uarte.o
 .text.nrf_uarte_baudrate_set
                0x000064a6       0x14 Output/Debug/Obj/receiver_pca10040/nrfx_uarte.o
 .text.nrf_uarte_tx_buffer_set
                0x000064ba       0x1e Output/Debug/Obj/receiver_pca10040/nrfx_uarte.o
 .text.nrf_uarte_tx_amount_get
                0x000064d8       0x10 Output/Debug/Obj/receiver_pca10040/nrfx_uarte.o
 .text.nrf_uarte_rx_amount_get
                0x000064e8       0x10 Output/Debug/Obj/receiver_pca10040/nrfx_uarte.o
 .text.nrf_gpio_pin_port_decode
                0x000064f8       0x30 Output/Debug/Obj/receiver_pca10040/nrfx_uarte.o
 .text.nrf_gpio_cfg
                0x00006528       0x62 Output/Debug/Obj/receiver_pca10040/nrfx_uarte.o
 .text.nrf_gpio_cfg_output
                0x0000658a       0x22 Output/Debug/Obj/receiver_pca10040/nrfx_uarte.o
 .text.nrf_gpio_cfg_input
                0x000065ac       0x2a Output/Debug/Obj/receiver_pca10040/nrfx_uarte.o
 .text.nrf_gpio_cfg_default
                0x000065d6       0x22 Output/Debug/Obj/receiver_pca10040/nrfx_uarte.o
 .text.nrf_gpio_pin_set
                0x000065f8       0x28 Output/Debug/Obj/receiver_pca10040/nrfx_uarte.o
 .text.nrf_gpio_port_out_set
                0x00006620       0x14 Output/Debug/Obj/receiver_pca10040/nrfx_uarte.o
 .text.nrf_gpio_pin_present_check
                0x00006634       0x38 Output/Debug/Obj/receiver_pca10040/nrfx_uarte.o
 .text.apply_config
                0x0000666c       0xc6 Output/Debug/Obj/receiver_pca10040/nrfx_uarte.o
 *fill*         0x00006732        0x2 
 .text.interrupts_enable
                0x00006734       0x98 Output/Debug/Obj/receiver_pca10040/nrfx_uarte.o
 .text.interrupts_disable
                0x000067cc       0x30 Output/Debug/Obj/receiver_pca10040/nrfx_uarte.o
 .text.pins_to_default
                0x000067fc       0x8a Output/Debug/Obj/receiver_pca10040/nrfx_uarte.o
 *fill*         0x00006886        0x2 
 .text.nrfx_uarte_init
                0x00006888       0xcc Output/Debug/Obj/receiver_pca10040/nrfx_uarte.o
                0x00006888                nrfx_uarte_init
 .text.nrfx_uarte_uninit
                0x00006954       0xc4 Output/Debug/Obj/receiver_pca10040/nrfx_uarte.o
                0x00006954                nrfx_uarte_uninit
 .text.nrfx_uarte_tx
                0x00006a18      0x17c Output/Debug/Obj/receiver_pca10040/nrfx_uarte.o
                0x00006a18                nrfx_uarte_tx
 .text.nrfx_uarte_tx_in_progress
                0x00006b94       0x30 Output/Debug/Obj/receiver_pca10040/nrfx_uarte.o
                0x00006b94                nrfx_uarte_tx_in_progress
 .text.rx_done_event
                0x00006bc4       0x2e Output/Debug/Obj/receiver_pca10040/nrfx_uarte.o
 .text.tx_done_event
                0x00006bf2       0x34 Output/Debug/Obj/receiver_pca10040/nrfx_uarte.o
 .text.uarte_irq_handler
                0x00006c26      0x18c Output/Debug/Obj/receiver_pca10040/nrfx_uarte.o
 *fill*         0x00006db2        0x2 
 .text.nrfx_uarte_0_irq_handler
                0x00006db4       0x18 Output/Debug/Obj/receiver_pca10040/nrfx_uarte.o
                0x00006db4                nrfx_uarte_0_irq_handler
 .text.swap_bits
                0x00006dcc       0x44 Output/Debug/Obj/receiver_pca10040/radio_config.o
                0x00006dcc                swap_bits
 .text.bytewise_bitswap
                0x00006e10       0x44 Output/Debug/Obj/receiver_pca10040/radio_config.o
 .text.set_target_slave
                0x00006e54      0x120 Output/Debug/Obj/receiver_pca10040/radio_config.o
                0x00006e54                set_target_slave
 .text.radio_configure
                0x00006f74      0x110 Output/Debug/Obj/receiver_pca10040/radio_config.o
                0x00006f74                radio_configure
 .text.bsp_button_event_handler
                0x00007084      0x12c Output/Debug/Obj/receiver_pca10040/bsp.o
 .text.button_timer_handler
                0x000071b0       0x1a Output/Debug/Obj/receiver_pca10040/bsp.o
 *fill*         0x000071ca        0x2 
 .text.leds_off
                0x000071cc       0x3c Output/Debug/Obj/receiver_pca10040/bsp.o
 .text.bsp_led_indication
                0x00007208      0x4d0 Output/Debug/Obj/receiver_pca10040/bsp.o
 .text.leds_timer_handler
                0x000076d8       0x2c Output/Debug/Obj/receiver_pca10040/bsp.o
 .text.alert_timer_handler
                0x00007704       0x14 Output/Debug/Obj/receiver_pca10040/bsp.o
 .text.bsp_indication_set
                0x00007718       0x34 Output/Debug/Obj/receiver_pca10040/bsp.o
                0x00007718                bsp_indication_set
 .text.bsp_init
                0x0000774c       0xdc Output/Debug/Obj/receiver_pca10040/bsp.o
                0x0000774c                bsp_init
 .text.bsp_event_to_button_action_assign
                0x00007828       0xa4 Output/Debug/Obj/receiver_pca10040/bsp.o
                0x00007828                bsp_event_to_button_action_assign
 .text.clock_initialization
                0x000078cc       0x40 Output/Debug/Obj/receiver_pca10040/main.o
                0x000078cc                clock_initialization
 .text.read_packet
                0x0000790c       0x9c Output/Debug/Obj/receiver_pca10040/main.o
                0x0000790c                read_packet
 .text.send_packet
                0x000079a8       0xa4 Output/Debug/Obj/receiver_pca10040/main.o
                0x000079a8                send_packet
 .text.main     0x00007a4c      0x1c4 Output/Debug/Obj/receiver_pca10040/main.o
                0x00007a4c                main
 .text._DoInit  0x00007c10       0x9c Output/Debug/Obj/receiver_pca10040/SEGGER_RTT.o
 .text._WriteBlocking
                0x00007cac       0xb2 Output/Debug/Obj/receiver_pca10040/SEGGER_RTT.o
 .text._WriteNoCheck
                0x00007d5e       0x7e Output/Debug/Obj/receiver_pca10040/SEGGER_RTT.o
 .text._GetAvailWriteSpace
                0x00007ddc       0x3c Output/Debug/Obj/receiver_pca10040/SEGGER_RTT.o
 .text.SEGGER_RTT_WriteNoLock
                0x00007e18       0xa0 Output/Debug/Obj/receiver_pca10040/SEGGER_RTT.o
                0x00007e18                SEGGER_RTT_WriteNoLock
 .text.SEGGER_RTT_Init
                0x00007eb8        0xa Output/Debug/Obj/receiver_pca10040/SEGGER_RTT.o
                0x00007eb8                SEGGER_RTT_Init
 *fill*         0x00007ec2        0x2 
 .text.__NVIC_SystemReset
                0x00007ec4       0x28 Output/Debug/Obj/receiver_pca10040/system_nrf52.o
 .text.nrf52_errata_12
                0x00007eec       0x88 Output/Debug/Obj/receiver_pca10040/system_nrf52.o
 .text.nrf52_errata_16
                0x00007f74       0x68 Output/Debug/Obj/receiver_pca10040/system_nrf52.o
 .text.nrf52_errata_31
                0x00007fdc       0x88 Output/Debug/Obj/receiver_pca10040/system_nrf52.o
 .text.nrf52_errata_32
                0x00008064       0x68 Output/Debug/Obj/receiver_pca10040/system_nrf52.o
 .text.nrf52_errata_36
                0x000080cc       0x88 Output/Debug/Obj/receiver_pca10040/system_nrf52.o
 .text.nrf52_errata_37
                0x00008154       0x68 Output/Debug/Obj/receiver_pca10040/system_nrf52.o
 .text.nrf52_errata_57
                0x000081bc       0x68 Output/Debug/Obj/receiver_pca10040/system_nrf52.o
 .text.nrf52_errata_66
                0x00008224       0x88 Output/Debug/Obj/receiver_pca10040/system_nrf52.o
 .text.nrf52_errata_108
                0x000082ac       0x88 Output/Debug/Obj/receiver_pca10040/system_nrf52.o
 .text.nrf52_errata_136
                0x00008334       0x88 Output/Debug/Obj/receiver_pca10040/system_nrf52.o
 .text.nrf52_errata_182
                0x000083bc       0x60 Output/Debug/Obj/receiver_pca10040/system_nrf52.o
 .text.nrf52_errata_249
                0x0000841c       0x60 Output/Debug/Obj/receiver_pca10040/system_nrf52.o
 .text.nrf52_handle_approtect
                0x0000847c       0x20 Output/Debug/Obj/receiver_pca10040/system_nrf52.o
 .text.nvmc_wait
                0x0000849c       0x18 Output/Debug/Obj/receiver_pca10040/system_nrf52.o
                0x0000849c                nvmc_wait
 .text.nvmc_config
                0x000084b4       0x20 Output/Debug/Obj/receiver_pca10040/system_nrf52.o
                0x000084b4                nvmc_config
 .text.SystemCoreClockUpdate
                0x000084d4       0x14 Output/Debug/Obj/receiver_pca10040/system_nrf52.o
                0x000084d4                SystemCoreClockUpdate
 .text.SystemInit
                0x000084e8      0x2ac Output/Debug/Obj/receiver_pca10040/system_nrf52.o
                0x000084e8                SystemInit
 .text.libc.__aeabi_uldivmod
                0x00008794      0x130 C:/Program Files/SEGGER/SEGGER Embedded Studio 8.24/lib/libc_v7em_fpv4_sp_d16_hard_t_le_eabi_balanced.a(intasmops_arm.o)
                0x00008794                __aeabi_uldivmod
 .text.libc.__SEGGER_RTL_init_heap
                0x000088c4       0x16 C:/Program Files/SEGGER/SEGGER Embedded Studio 8.24/lib/heapops_basic_v7em_fpv4_sp_d16_hard_t_le_eabi_balanced.a(heapops_basic.o)
                0x000088c4                __SEGGER_RTL_init_heap
 .text.libc.strlen
                0x000088da       0x2a C:/Program Files/SEGGER/SEGGER Embedded Studio 8.24/lib/strops_unaligned_v7em_fpv4_sp_d16_hard_t_le_eabi_balanced.a(strops.o)
                0x000088da                strlen
 .text.libc.memcpy
                0x00008904       0x5c C:/Program Files/SEGGER/SEGGER Embedded Studio 8.24/lib/strops_unaligned_v7em_fpv4_sp_d16_hard_t_le_eabi_balanced.a(strasmops_arm.o)
                0x00008904                __aeabi_memcpy
                0x00008904                memcpy
                0x00008922                __aeabi_memcpy8
                0x00008922                __aeabi_memcpy4
 .text.libc.__aeabi_memclr
                0x00008960       0x68 C:/Program Files/SEGGER/SEGGER Embedded Studio 8.24/lib/strops_unaligned_v7em_fpv4_sp_d16_hard_t_le_eabi_balanced.a(strasmops_arm.o)
                0x00008960                __aeabi_memclr8
                0x00008960                __aeabi_memclr
                0x00008960                __aeabi_memclr4
                0x00008962                __aeabi_memset4
                0x00008962                __aeabi_memset8
                0x00008962                __aeabi_memset
                0x00008968                memset
 .text.libc.__SEGGER_RTL_ascii_mbtowc
                0x000089c8       0x32 C:/Program Files/SEGGER/SEGGER Embedded Studio 8.24/lib/mbops_timeops_v7em_fpv4_sp_d16_hard_t_le_eabi_balanced.a(mbops.o)
                0x000089c8                __SEGGER_RTL_ascii_mbtowc
 .text.libc.__SEGGER_RTL_ascii_wctomb
                0x000089fa        0xe C:/Program Files/SEGGER/SEGGER Embedded Studio 8.24/lib/mbops_timeops_v7em_fpv4_sp_d16_hard_t_le_eabi_balanced.a(mbops.o)
                0x000089fa                __SEGGER_RTL_ascii_wctomb
 .text.libc.isprint
                0x00008a08       0x20 C:/Program Files/SEGGER/SEGGER Embedded Studio 8.24/lib/mbops_timeops_v7em_fpv4_sp_d16_hard_t_le_eabi_balanced.a(mbops.o)
                0x00008a08                isprint
 .text.libc.__SEGGER_RTL_ascii_isctype
                0x00008a28       0x20 C:/Program Files/SEGGER/SEGGER Embedded Studio 8.24/lib/mbops_timeops_v7em_fpv4_sp_d16_hard_t_le_eabi_balanced.a(mbops.o)
 .text.libc.__SEGGER_RTL_ascii_toupper
                0x00008a48        0xc C:/Program Files/SEGGER/SEGGER Embedded Studio 8.24/lib/mbops_timeops_v7em_fpv4_sp_d16_hard_t_le_eabi_balanced.a(mbops.o)
 .text.libc.__SEGGER_RTL_ascii_tolower
                0x00008a54        0xe C:/Program Files/SEGGER/SEGGER Embedded Studio 8.24/lib/mbops_timeops_v7em_fpv4_sp_d16_hard_t_le_eabi_balanced.a(mbops.o)
 .text.libc.__SEGGER_RTL_ascii_iswctype
                0x00008a62       0x20 C:/Program Files/SEGGER/SEGGER Embedded Studio 8.24/lib/mbops_timeops_v7em_fpv4_sp_d16_hard_t_le_eabi_balanced.a(mbops.o)
 .text.libc.__SEGGER_RTL_ascii_towupper
                0x00008a82        0xc C:/Program Files/SEGGER/SEGGER Embedded Studio 8.24/lib/mbops_timeops_v7em_fpv4_sp_d16_hard_t_le_eabi_balanced.a(mbops.o)
 .text.libc.__SEGGER_RTL_ascii_towlower
                0x00008a8e        0xe C:/Program Files/SEGGER/SEGGER Embedded Studio 8.24/lib/mbops_timeops_v7em_fpv4_sp_d16_hard_t_le_eabi_balanced.a(mbops.o)
                0x00008a9c                        __text_end__ = (__text_start__ + SIZEOF (.text))
                0x000086bc                        __text_size__ = SIZEOF (.text)
                0x00008a9c                        __text_load_end__ = __text_end__

.vfp11_veneer   0x00000000        0x0
 .vfp11_veneer  0x00000000        0x0 linker stubs

.v4_bx          0x00000000        0x0
 .v4_bx         0x00000000        0x0 linker stubs

.iplt           0x00000000        0x0
 .iplt          0x00000000        0x0 Output/Debug/Obj/receiver_pca10040/thumb_crt0.o
                0x00000001                        . = ASSERT (((__text_start__ == __text_end__) || ((__text_end__ - __FLASH1_segment_start__) <= __FLASH1_segment_size__)), error: .text is too large to fit in FLASH1 memory segment)
                0x00008a9c                        __log_const_data_load_start__ = ALIGN (__text_end__, 0x4)

.log_const_data
                0x00008a9c       0x40
                0x00008a9c                        __log_const_data_start__ = .
                0x00008a9c                        __start_log_const_data = __log_const_data_start__
 *(SORT_BY_NAME(.log_const_data*))
 .log_const_data_GPIOTE
                0x00008a9c        0x8 Output/Debug/Obj/receiver_pca10040/nrfx_gpiote.o
                0x00008a9c                m_nrf_log_GPIOTE_logs_data_const
 .log_const_data_PRS
                0x00008aa4        0x8 Output/Debug/Obj/receiver_pca10040/nrfx_prs.o
                0x00008aa4                m_nrf_log_PRS_logs_data_const
 .log_const_data_UART
                0x00008aac        0x8 Output/Debug/Obj/receiver_pca10040/nrfx_uart.o
                0x00008aac                m_nrf_log_UART_logs_data_const
 .log_const_data_UARTE
                0x00008ab4        0x8 Output/Debug/Obj/receiver_pca10040/nrfx_uarte.o
                0x00008ab4                m_nrf_log_UARTE_logs_data_const
 .log_const_data_app
                0x00008abc        0x8 Output/Debug/Obj/receiver_pca10040/nrf_log_frontend.o
                0x00008abc                m_nrf_log_app_logs_data_const
 .log_const_data_app_button
                0x00008ac4        0x8 Output/Debug/Obj/receiver_pca10040/app_button.o
                0x00008ac4                m_nrf_log_app_button_logs_data_const
 .log_const_data_app_timer
                0x00008acc        0x8 Output/Debug/Obj/receiver_pca10040/app_timer2.o
                0x00008acc                m_nrf_log_app_timer_logs_data_const
 .log_const_data_sortlist
                0x00008ad4        0x8 Output/Debug/Obj/receiver_pca10040/nrf_sortlist.o
                0x00008ad4                m_nrf_log_sortlist_logs_data_const
                0x00008adc                        __log_const_data_end__ = (__log_const_data_start__ + SIZEOF (.log_const_data))
                0x00000040                        __log_const_data_size__ = SIZEOF (.log_const_data)
                0x00008adc                        __stop_log_const_data = __log_const_data_end__
                0x00008adc                        __log_const_data_load_end__ = __log_const_data_end__
                0x00000001                        . = ASSERT (((__log_const_data_start__ == __log_const_data_end__) || ((__log_const_data_end__ - __FLASH1_segment_start__) <= __FLASH1_segment_size__)), error: .log_const_data is too large to fit in FLASH1 memory segment)
                0x00008adc                        __log_backends_load_start__ = ALIGN (__log_const_data_end__, 0x4)

.log_backends   0x00008adc       0x20
                0x00008adc                        __log_backends_start__ = .
                0x00008adc                        __start_log_backends = __log_backends_start__
 *(SORT_BY_NAME(.log_backends*))
 .log_backends  0x00008adc       0x20 Output/Debug/Obj/receiver_pca10040/nrf_log_default_backends.o
                0x00008afc                        __log_backends_end__ = (__log_backends_start__ + SIZEOF (.log_backends))
                0x00000020                        __log_backends_size__ = SIZEOF (.log_backends)
                0x00008afc                        __stop_log_backends = __log_backends_end__
                0x00008afc                        __log_backends_load_end__ = __log_backends_end__
                0x00000001                        . = ASSERT (((__log_backends_start__ == __log_backends_end__) || ((__log_backends_end__ - __FLASH1_segment_start__) <= __FLASH1_segment_size__)), error: .log_backends is too large to fit in FLASH1 memory segment)
                0x00008afc                        __nrf_balloc_load_start__ = ALIGN (__log_backends_end__, 0x4)

.nrf_balloc     0x00008afc       0x14
                0x00008afc                        __nrf_balloc_start__ = .
                0x00008afc                        __start_nrf_balloc = __nrf_balloc_start__
 *(.nrf_balloc*)
 .nrf_balloc    0x00008afc       0x14 Output/Debug/Obj/receiver_pca10040/nrf_log_frontend.o
                0x00008afc                log_mempool
                0x00008b10                        __nrf_balloc_end__ = (__nrf_balloc_start__ + SIZEOF (.nrf_balloc))
                0x00000014                        __nrf_balloc_size__ = SIZEOF (.nrf_balloc)
                0x00008b10                        __stop_nrf_balloc = __nrf_balloc_end__
                0x00008b10                        __nrf_balloc_load_end__ = __nrf_balloc_end__
                0x00000001                        . = ASSERT (((__nrf_balloc_start__ == __nrf_balloc_end__) || ((__nrf_balloc_end__ - __FLASH1_segment_start__) <= __FLASH1_segment_size__)), error: .nrf_balloc is too large to fit in FLASH1 memory segment)
                0x00008b10                        __nrf_sections_load_start__ = ALIGN (__nrf_balloc_end__, 0x4)

.nrf_sections   0x00008b10        0x0
                0x00008b10                        __nrf_sections_start__ = .
                0x00008b10                        __start_nrf_sections = __nrf_sections_start__
 *(.nrf_sections .nrf_sections.*)
                0x00008b10                        __nrf_sections_end__ = (__nrf_sections_start__ + SIZEOF (.nrf_sections))
                0x00000000                        __nrf_sections_size__ = SIZEOF (.nrf_sections)
                0x00008b10                        __nrf_sections_load_end__ = __nrf_sections_end__
                0x00000001                        . = ASSERT (((__nrf_sections_start__ == __nrf_sections_end__) || ((__nrf_sections_end__ - __FLASH1_segment_start__) <= __FLASH1_segment_size__)), error: .nrf_sections is too large to fit in FLASH1 memory segment)
                0x00008b10                        __log_dynamic_data_load_start__ = ALIGN (__nrf_sections_end__, 0x4)

.log_dynamic_data
                0x20000000        0x0 load address 0x00008b10
                0x20000000                        __log_dynamic_data_start__ = .
 *(SORT_BY_NAME(.log_dynamic_data*))
                0x20000000                        __log_dynamic_data_end__ = (__log_dynamic_data_start__ + SIZEOF (.log_dynamic_data))
                0x00000000                        __log_dynamic_data_size__ = SIZEOF (.log_dynamic_data)
                0x00008b10                        __log_dynamic_data_load_end__ = (__log_dynamic_data_load_start__ + SIZEOF (.log_dynamic_data))
                0x00000001                        . = ASSERT (((__log_dynamic_data_load_start__ == __log_dynamic_data_load_end__) || ((__log_dynamic_data_load_end__ - __FLASH1_segment_start__) <= __FLASH1_segment_size__)), error: .log_dynamic_data is too large to fit in FLASH1 memory segment)

.log_dynamic_data_run
                0x20000000        0x0
                0x20000000                        __log_dynamic_data_run_start__ = .
                0x20000000                        __start_log_dynamic_data = __log_dynamic_data_run_start__
                0x20000000                        __log_dynamic_data_run_end__ = (__log_dynamic_data_run_start__ + SIZEOF (.log_dynamic_data))
                0x00000000                        __log_dynamic_data_run_size__ = (__log_dynamic_data_run_end__ - __log_dynamic_data_run_start__)
                0x20000000                        __stop_log_dynamic_data = __log_dynamic_data_run_end__
                0x20000000                        __log_dynamic_data_run_load_end__ = __log_dynamic_data_run_end__
                0x00000001                        . = ASSERT (((__log_dynamic_data_run_start__ == __log_dynamic_data_run_end__) || ((__log_dynamic_data_run_end__ - __RAM1_segment_start__) <= __RAM1_segment_size__)), error: .log_dynamic_data_run is too large to fit in RAM1 memory segment)
                0x00008b10                        __log_filter_data_load_start__ = ALIGN ((__log_dynamic_data_load_start__ + SIZEOF (.log_dynamic_data)), 0x4)

.log_filter_data
                0x20000000        0x0 load address 0x00008b10
                0x20000000                        __log_filter_data_start__ = .
 *(SORT_BY_NAME(.log_filter_data*))
                0x20000000                        __log_filter_data_end__ = (__log_filter_data_start__ + SIZEOF (.log_filter_data))
                0x00000000                        __log_filter_data_size__ = SIZEOF (.log_filter_data)
                0x00008b10                        __log_filter_data_load_end__ = (__log_filter_data_load_start__ + SIZEOF (.log_filter_data))
                0x00000001                        . = ASSERT (((__log_filter_data_load_start__ == __log_filter_data_load_end__) || ((__log_filter_data_load_end__ - __FLASH1_segment_start__) <= __FLASH1_segment_size__)), error: .log_filter_data is too large to fit in FLASH1 memory segment)

.log_filter_data_run
                0x20000000        0x0
                0x20000000                        __log_filter_data_run_start__ = .
                0x20000000                        __start_log_filter_data = __log_filter_data_run_start__
                0x20000000                        __log_filter_data_run_end__ = (__log_filter_data_run_start__ + SIZEOF (.log_filter_data))
                0x00000000                        __log_filter_data_run_size__ = (__log_filter_data_run_end__ - __log_filter_data_run_start__)
                0x20000000                        __stop_log_filter_data = __log_filter_data_run_end__
                0x20000000                        __log_filter_data_run_load_end__ = __log_filter_data_run_end__
                0x00000001                        . = ASSERT (((__log_filter_data_run_start__ == __log_filter_data_run_end__) || ((__log_filter_data_run_end__ - __RAM1_segment_start__) <= __RAM1_segment_size__)), error: .log_filter_data_run is too large to fit in RAM1 memory segment)
                0x20000000                        __nrf_sections_run_end_load_start__ = ALIGN (__log_filter_data_run_end__, 0x4)

.nrf_sections_run_end
                0x20000000        0x0
                0x20000000                        __nrf_sections_run_end_start__ = .
                0x20000000                        __end_nrf_sections_run = __nrf_sections_run_end_start__
 *(.nrf_sections_run_end .nrf_sections_run_end.*)
                0x20000000                        __nrf_sections_run_end_end__ = (__nrf_sections_run_end_start__ + SIZEOF (.nrf_sections_run_end))
                0x00000000                        __nrf_sections_run_end_size__ = SIZEOF (.nrf_sections_run_end)
                0x20000000                        __nrf_sections_run_end_load_end__ = __nrf_sections_run_end_end__
                0x00000001                        . = ASSERT (((__nrf_sections_run_end_start__ == __nrf_sections_run_end_end__) || ((__nrf_sections_run_end_end__ - __RAM1_segment_start__) <= __RAM1_segment_size__)), error: .nrf_sections_run_end is too large to fit in RAM1 memory segment)
                0x00008b10                        __dtors_load_start__ = ALIGN ((__log_filter_data_load_start__ + SIZEOF (.log_filter_data)), 0x4)

.dtors          0x00008b10        0x0
                0x00008b10                        __dtors_start__ = .
 *(SORT_BY_NAME(.dtors.*))
 *(.dtors)
 *(.fini_array)
 *(SORT_BY_NAME(.fini_array.*))
                0x00008b10                        __dtors_end__ = (__dtors_start__ + SIZEOF (.dtors))
                0x00000000                        __dtors_size__ = SIZEOF (.dtors)
                0x00008b10                        __dtors_load_end__ = __dtors_end__
                0x00000001                        . = ASSERT (((__dtors_start__ == __dtors_end__) || ((__dtors_end__ - __FLASH1_segment_start__) <= __FLASH1_segment_size__)), error: .dtors is too large to fit in FLASH1 memory segment)
                0x00008b10                        __ctors_load_start__ = ALIGN (__dtors_end__, 0x4)

.ctors          0x00008b10        0x0
                0x00008b10                        __ctors_start__ = .
 *(SORT_BY_NAME(.ctors.*))
 *(.ctors)
 *(.init_array)
 *(SORT_BY_NAME(.init_array.*))
                0x00008b10                        __ctors_end__ = (__ctors_start__ + SIZEOF (.ctors))
                0x00000000                        __ctors_size__ = SIZEOF (.ctors)
                0x00008b10                        __ctors_load_end__ = __ctors_end__
                0x00000001                        . = ASSERT (((__ctors_start__ == __ctors_end__) || ((__ctors_end__ - __FLASH1_segment_start__) <= __FLASH1_segment_size__)), error: .ctors is too large to fit in FLASH1 memory segment)
                0x00008b10                        __rodata_load_start__ = ALIGN (__ctors_end__, 0x4)

.rodata         0x00008b10     0x1331
                0x00008b10                        __rodata_start__ = .
 *(.rodata .rodata.* .gnu.linkonce.r.* .data.rel.ro .data.rel.ro.*)
 .rodata.nrf_log_backend_rtt_api
                0x00008b10        0xc Output/Debug/Obj/receiver_pca10040/nrf_log_backend_rtt.o
                0x00008b10                nrf_log_backend_rtt_api
 *fill*         0x00008b1c        0x4 
 .rodata.delay_machine_code.0
                0x00008b20        0x6 Output/Debug/Obj/receiver_pca10040/nrf_log_backend_rtt.o
 *fill*         0x00008b26        0x2 
 .rodata        0x00008b28       0x88 Output/Debug/Obj/receiver_pca10040/nrf_log_backend_uart.o
 .rodata.nrf_log_backend_uart_api
                0x00008bb0        0xc Output/Debug/Obj/receiver_pca10040/nrf_log_backend_uart.o
                0x00008bb0                nrf_log_backend_uart_api
 .rodata        0x00008bbc       0x90 Output/Debug/Obj/receiver_pca10040/nrf_log_default_backends.o
 .rodata.m_log_push_ringbuf
                0x00008c4c        0xc Output/Debug/Obj/receiver_pca10040/nrf_log_frontend.o
 .rodata        0x00008c58       0x79 Output/Debug/Obj/receiver_pca10040/nrf_log_frontend.o
 *fill*         0x00008cd1        0x3 
 .rodata        0x00008cd4       0xaa Output/Debug/Obj/receiver_pca10040/nrf_log_str_formatter.o
 *fill*         0x00008d7e        0x2 
 .rodata        0x00008d80       0x83 Output/Debug/Obj/receiver_pca10040/boards.o
 *fill*         0x00008e03        0x1 
 .rodata.m_board_led_list
                0x00008e04        0x4 Output/Debug/Obj/receiver_pca10040/boards.o
 .rodata.m_board_btn_list
                0x00008e08        0x4 Output/Debug/Obj/receiver_pca10040/boards.o
 .rodata        0x00008e0c       0x69 Output/Debug/Obj/receiver_pca10040/app_button.o
 *fill*         0x00008e75        0x3 
 .rodata.m_detection_delay_timer_id
                0x00008e78        0x4 Output/Debug/Obj/receiver_pca10040/app_button.o
 .rodata        0x00008e7c       0x91 Output/Debug/Obj/receiver_pca10040/app_error_weak.o
 *fill*         0x00008f0d        0x3 
 .rodata        0x00008f10       0x6c Output/Debug/Obj/receiver_pca10040/app_timer2.o
 .rodata.m_app_timer_sortlist
                0x00008f7c        0xc Output/Debug/Obj/receiver_pca10040/app_timer2.o
 .rodata        0x00008f88       0x62 Output/Debug/Obj/receiver_pca10040/app_util_platform.o
 *fill*         0x00008fea        0x2 
 .rodata        0x00008fec      0x10c Output/Debug/Obj/receiver_pca10040/drv_rtc.o
 *fill*         0x000090f8        0x8 
 .rodata.delay_machine_code.0
                0x00009100        0x6 Output/Debug/Obj/receiver_pca10040/drv_rtc.o
 *fill*         0x00009106        0x2 
 .rodata        0x00009108       0x5d Output/Debug/Obj/receiver_pca10040/nrf_balloc.o
 *fill*         0x00009165        0x3 
 .rodata        0x00009168       0x53 Output/Debug/Obj/receiver_pca10040/nrf_fprintf.o
 *fill*         0x000091bb        0x1 
 .rodata        0x000091bc       0x5a Output/Debug/Obj/receiver_pca10040/nrf_fprintf_format.o
 *fill*         0x00009216        0x2 
 .rodata._aV2C.0
                0x00009218       0x10 Output/Debug/Obj/receiver_pca10040/nrf_fprintf_format.o
 .rodata        0x00009228       0x5d Output/Debug/Obj/receiver_pca10040/nrf_memobj.o
 *fill*         0x00009285        0x3 
 .rodata        0x00009288       0x6d Output/Debug/Obj/receiver_pca10040/nrf_sortlist.o
 *fill*         0x000092f5        0x3 
 .rodata.m_unknown_str
                0x000092f8       0x13 Output/Debug/Obj/receiver_pca10040/nrf_strerror.o
 *fill*         0x0000930b        0x1 
 .rodata        0x0000930c      0x3bd Output/Debug/Obj/receiver_pca10040/nrf_strerror.o
 *fill*         0x000096c9        0x3 
 .rodata.nrf_strerror_array
                0x000096cc      0x118 Output/Debug/Obj/receiver_pca10040/nrf_strerror.o
 .rodata        0x000097e4       0xcb Output/Debug/Obj/receiver_pca10040/nrfx_gpiote.o
 *fill*         0x000098af        0x1 
 .rodata        0x000098b0       0x60 Output/Debug/Obj/receiver_pca10040/nrfx_prs.o
 .rodata        0x00009910       0xc9 Output/Debug/Obj/receiver_pca10040/nrfx_uart.o
 *fill*         0x000099d9        0x3 
 .rodata.irq_handlers.0
                0x000099dc        0x4 Output/Debug/Obj/receiver_pca10040/nrfx_uart.o
 .rodata        0x000099e0       0xca Output/Debug/Obj/receiver_pca10040/nrfx_uarte.o
 *fill*         0x00009aaa        0x2 
 .rodata.irq_handlers.0
                0x00009aac        0x4 Output/Debug/Obj/receiver_pca10040/nrfx_uarte.o
 .rodata.m_bsp_leds_tmr
                0x00009ab0        0x4 Output/Debug/Obj/receiver_pca10040/bsp.o
 .rodata.m_bsp_alert_tmr
                0x00009ab4        0x4 Output/Debug/Obj/receiver_pca10040/bsp.o
 .rodata.m_bsp_button_tmr
                0x00009ab8        0x4 Output/Debug/Obj/receiver_pca10040/bsp.o
 .rodata.app_buttons
                0x00009abc       0x20 Output/Debug/Obj/receiver_pca10040/bsp.o
 .rodata        0x00009adc      0x12a Output/Debug/Obj/receiver_pca10040/main.o
 *fill*         0x00009c06        0x2 
 .rodata        0x00009c08       0x17 Output/Debug/Obj/receiver_pca10040/SEGGER_RTT.o
 *fill*         0x00009c1f        0x1 
 .rodata.libc.__SEGGER_RTL_c_locale
                0x00009c20        0xc C:/Program Files/SEGGER/SEGGER Embedded Studio 8.24/lib/mbops_timeops_v7em_fpv4_sp_d16_hard_t_le_eabi_balanced.a(mbops.o)
                0x00009c20                __SEGGER_RTL_c_locale
 .rodata.libc.__SEGGER_RTL_c_locale_day_names
                0x00009c2c       0x3a C:/Program Files/SEGGER/SEGGER Embedded Studio 8.24/lib/mbops_timeops_v7em_fpv4_sp_d16_hard_t_le_eabi_balanced.a(mbops.o)
                0x00009c2c                __SEGGER_RTL_c_locale_day_names
 .rodata.libc.__SEGGER_RTL_c_locale_month_names
                0x00009c66       0x57 C:/Program Files/SEGGER/SEGGER Embedded Studio 8.24/lib/mbops_timeops_v7em_fpv4_sp_d16_hard_t_le_eabi_balanced.a(mbops.o)
                0x00009c66                __SEGGER_RTL_c_locale_month_names
 .rodata.libc.__SEGGER_RTL_c_locale_am_pm_indicator
                0x00009cbd        0x7 C:/Program Files/SEGGER/SEGGER Embedded Studio 8.24/lib/mbops_timeops_v7em_fpv4_sp_d16_hard_t_le_eabi_balanced.a(mbops.o)
                0x00009cbd                __SEGGER_RTL_c_locale_am_pm_indicator
 .rodata.libc.__SEGGER_RTL_c_locale_date_format
                0x00009cc4        0x9 C:/Program Files/SEGGER/SEGGER Embedded Studio 8.24/lib/mbops_timeops_v7em_fpv4_sp_d16_hard_t_le_eabi_balanced.a(mbops.o)
                0x00009cc4                __SEGGER_RTL_c_locale_date_format
 .rodata.libc.__SEGGER_RTL_c_locale_time_format
                0x00009ccd        0x9 C:/Program Files/SEGGER/SEGGER Embedded Studio 8.24/lib/mbops_timeops_v7em_fpv4_sp_d16_hard_t_le_eabi_balanced.a(mbops.o)
                0x00009ccd                __SEGGER_RTL_c_locale_time_format
 .rodata.libc.__SEGGER_RTL_c_locale_date_time_format
                0x00009cd6        0xf C:/Program Files/SEGGER/SEGGER Embedded Studio 8.24/lib/mbops_timeops_v7em_fpv4_sp_d16_hard_t_le_eabi_balanced.a(mbops.o)
                0x00009cd6                __SEGGER_RTL_c_locale_date_time_format
 .rodata.libc..L.str
                0x00009ce5        0x2 C:/Program Files/SEGGER/SEGGER Embedded Studio 8.24/lib/mbops_timeops_v7em_fpv4_sp_d16_hard_t_le_eabi_balanced.a(mbops.o)
 *fill*         0x00009ce7        0x1 
 .rodata.libc.__SEGGER_RTL_codeset_ascii
                0x00009ce8       0x20 C:/Program Files/SEGGER/SEGGER Embedded Studio 8.24/lib/mbops_timeops_v7em_fpv4_sp_d16_hard_t_le_eabi_balanced.a(mbops.o)
                0x00009ce8                __SEGGER_RTL_codeset_ascii
 .rodata.libc.__SEGGER_RTL_c_locale_abbrev_day_names
                0x00009d08       0x1d C:/Program Files/SEGGER/SEGGER Embedded Studio 8.24/lib/mbops_timeops_v7em_fpv4_sp_d16_hard_t_le_eabi_balanced.a(mbops.o)
                0x00009d08                __SEGGER_RTL_c_locale_abbrev_day_names
 .rodata.libc.__SEGGER_RTL_c_locale_abbrev_month_names
                0x00009d25       0x31 C:/Program Files/SEGGER/SEGGER Embedded Studio 8.24/lib/mbops_timeops_v7em_fpv4_sp_d16_hard_t_le_eabi_balanced.a(mbops.o)
                0x00009d25                __SEGGER_RTL_c_locale_abbrev_month_names
 .rodata.libc.__SEGGER_RTL_data_utf8_period
                0x00009d56        0x2 C:/Program Files/SEGGER/SEGGER Embedded Studio 8.24/lib/mbops_timeops_v7em_fpv4_sp_d16_hard_t_le_eabi_balanced.a(mbops.o)
                0x00009d56                __SEGGER_RTL_data_utf8_period
 .rodata.libc.__SEGGER_RTL_data_empty_string
                0x00009d58        0x1 C:/Program Files/SEGGER/SEGGER Embedded Studio 8.24/lib/mbops_timeops_v7em_fpv4_sp_d16_hard_t_le_eabi_balanced.a(mbops.o)
                0x00009d58                __SEGGER_RTL_data_empty_string
 *fill*         0x00009d59        0x3 
 .rodata.libc.__SEGGER_RTL_c_locale_data
                0x00009d5c       0x58 C:/Program Files/SEGGER/SEGGER Embedded Studio 8.24/lib/mbops_timeops_v7em_fpv4_sp_d16_hard_t_le_eabi_balanced.a(mbops.o)
                0x00009d5c                __SEGGER_RTL_c_locale_data
 .rodata.libc.__SEGGER_RTL_ascii_ctype_map
                0x00009db4       0x80 C:/Program Files/SEGGER/SEGGER Embedded Studio 8.24/lib/mbops_timeops_v7em_fpv4_sp_d16_hard_t_le_eabi_balanced.a(mbops.o)
 .rodata.libc.__SEGGER_RTL_ascii_ctype_mask
                0x00009e34        0xd C:/Program Files/SEGGER/SEGGER Embedded Studio 8.24/lib/mbops_timeops_v7em_fpv4_sp_d16_hard_t_le_eabi_balanced.a(mbops.o)
                0x00009e41                        __rodata_end__ = (__rodata_start__ + SIZEOF (.rodata))
                0x00001331                        __rodata_size__ = SIZEOF (.rodata)
                0x00009e41                        __rodata_load_end__ = __rodata_end__

.rel.dyn        0x00009e44        0x0
 .rel.iplt      0x00009e44        0x0 Output/Debug/Obj/receiver_pca10040/thumb_crt0.o
                0x00000001                        . = ASSERT (((__rodata_start__ == __rodata_end__) || ((__rodata_end__ - __FLASH1_segment_start__) <= __FLASH1_segment_size__)), error: .rodata is too large to fit in FLASH1 memory segment)
                0x00009e44                        __ARM.exidx_load_start__ = ALIGN (__rodata_end__, 0x4)

.ARM.exidx      0x00009e44        0x0
                0x00009e44                        __ARM.exidx_start__ = .
                0x00009e44                        __exidx_start = __ARM.exidx_start__
 *(.ARM.exidx .ARM.exidx.*)
                0x00009e44                        __ARM.exidx_end__ = (__ARM.exidx_start__ + SIZEOF (.ARM.exidx))
                0x00000000                        __ARM.exidx_size__ = SIZEOF (.ARM.exidx)
                0x00009e44                        __exidx_end = __ARM.exidx_end__
                0x00009e44                        __ARM.exidx_load_end__ = __ARM.exidx_end__
                0x00000001                        . = ASSERT (((__ARM.exidx_start__ == __ARM.exidx_end__) || ((__ARM.exidx_end__ - __FLASH1_segment_start__) <= __FLASH1_segment_size__)), error: .ARM.exidx is too large to fit in FLASH1 memory segment)
                0x00009e44                        __fast_load_start__ = ALIGN (__ARM.exidx_end__, 0x4)

.fast           0x20000000        0x0 load address 0x00009e44
                0x20000000                        __fast_start__ = .
 *(.fast .fast.*)
                0x20000000                        __fast_end__ = (__fast_start__ + SIZEOF (.fast))
                0x00000000                        __fast_size__ = SIZEOF (.fast)
                0x00009e44                        __fast_load_end__ = (__fast_load_start__ + SIZEOF (.fast))
                0x00000001                        . = ASSERT (((__fast_load_start__ == __fast_load_end__) || ((__fast_load_end__ - __FLASH1_segment_start__) <= __FLASH1_segment_size__)), error: .fast is too large to fit in FLASH1 memory segment)

.fast_run       0x20000000        0x0
                0x20000000                        __fast_run_start__ = .
                0x20000000                        __fast_run_end__ = (__fast_run_start__ + SIZEOF (.fast))
                0x00000000                        __fast_run_size__ = (__fast_run_end__ - __fast_run_start__)
                0x20000000                        __fast_run_load_end__ = __fast_run_end__
                0x00000001                        . = ASSERT (((__fast_run_start__ == __fast_run_end__) || ((__fast_run_end__ - __RAM1_segment_start__) <= __RAM1_segment_size__)), error: .fast_run is too large to fit in RAM1 memory segment)
                0x00009e44                        __data_load_start__ = ALIGN ((__fast_load_start__ + SIZEOF (.fast)), 0x4)

.data           0x20000000      0x100 load address 0x00009e44
                0x20000000                        __data_start__ = .
 *(.data .data.* .gnu.linkonce.d.*)
 .data.m_uart   0x20000000       0x14 Output/Debug/Obj/receiver_pca10040/nrf_log_backend_uart.o
                0x20000000                m_uart
 .data.log_backend_cb_rtt_log_backend
                0x20000014        0x8 Output/Debug/Obj/receiver_pca10040/nrf_log_default_backends.o
 .data.log_backend_cb_uart_log_backend
                0x2000001c        0x8 Output/Debug/Obj/receiver_pca10040/nrf_log_default_backends.o
 .data.m_buffer_mask
                0x20000024        0x4 Output/Debug/Obj/receiver_pca10040/nrf_log_frontend.o
 .data.severity_names
                0x20000028       0x14 Output/Debug/Obj/receiver_pca10040/nrf_log_str_formatter.o
 .data.m_colors
                0x2000003c       0x24 Output/Debug/Obj/receiver_pca10040/nrf_log_str_formatter.o
 .data.m_detection_delay_timer_id_data
                0x20000060       0x20 Output/Debug/Obj/receiver_pca10040/app_button.o
 .data.m_rtc_inst
                0x20000080        0x8 Output/Debug/Obj/receiver_pca10040/app_timer2.o
 .data.m_bsp_leds_tmr_data
                0x20000088       0x20 Output/Debug/Obj/receiver_pca10040/bsp.o
 .data.m_bsp_alert_tmr_data
                0x200000a8       0x20 Output/Debug/Obj/receiver_pca10040/bsp.o
 .data.m_bsp_button_tmr_data
                0x200000c8       0x20 Output/Debug/Obj/receiver_pca10040/bsp.o
 .data.SystemCoreClock
                0x200000e8        0x4 Output/Debug/Obj/receiver_pca10040/system_nrf52.o
                0x200000e8                SystemCoreClock
 .data.libc.__SEGGER_RTL_global_locale
                0x200000ec       0x14 C:/Program Files/SEGGER/SEGGER Embedded Studio 8.24/lib/mbops_timeops_v7em_fpv4_sp_d16_hard_t_le_eabi_balanced.a(mbops.o)
                0x200000ec                __SEGGER_RTL_global_locale
                0x200000ec                __RAL_global_locale
                0x20000100                        __data_end__ = (__data_start__ + SIZEOF (.data))
                0x00000100                        __data_size__ = SIZEOF (.data)
                0x00009f44                        __data_load_end__ = (__data_load_start__ + SIZEOF (.data))

.igot.plt       0x00000000        0x0
 .igot.plt      0x00000000        0x0 Output/Debug/Obj/receiver_pca10040/thumb_crt0.o
                0x00000001                        . = ASSERT (((__data_load_start__ == __data_load_end__) || ((__data_load_end__ - __FLASH1_segment_start__) <= __FLASH1_segment_size__)), error: .data is too large to fit in FLASH1 memory segment)

.data_run       0x20000000        0x0
                0x20000000                        __data_run_start__ = .
                0x20000100                        __data_run_end__ = (__data_run_start__ + SIZEOF (.data))
                0x00000100                        __data_run_size__ = (__data_run_end__ - __data_run_start__)